Oil train | table=prices | prod_only=True
  data: 2022-06-01 → 2026-05-23 | prod train < 2025-06-01

Loading features (set=current)…
Loading prices from 2022-06-01 to 2026-05-23...
Data successfully loaded: 1379306 rows.
Data loaded successfully: 1379306 rows.
Features and labels prepared.
Features and labels prepared.
Adding liquidity zone indicators...
Adding liquidity zone, recovery, and equal high/low indicators...
Applying HMM Regime Filter...
Adding v14 daily range and session features...
Adding v14 multi-window features (3m, 15m, 60m)...
Adding Volume Profile features (VWAP, POC)...
Adding Time features (time_from_15m, time_from_max/min)...
Adding 15m Price Action features (group=wick)...
Redefining target with Horizon=120, TP=80.0, SL=50.0...
Adding pattern features (set=current)…
Pattern path: 1217377 bars (no HMM/bar_move/volume filter)
Adding new directional features...
Adding moving average features...
  matrix: 1217288 bars
Saved prod -> /Users/alpha/AlphaGold/runtime/bot_assets/oil_pattern_models/oil_bar_drop_short/h120_tp80_sl50/filter_prod.joblib (train n=2854, < 2025-06-01)
  Target ratio (train): 723/2854 = 25.33% positive — fixed TP=80.0 SL=50.0 DB

============================================================
  AlphaGold v14 Pattern Backtest (combined router)
  Period : 2025-06-01 → 2026-05-23
  Patterns: oil_bar_drop_short
  oil_bar_drop_short: H=120 TP=80.0 SL=50.0  (short, prob≥0.55, target=fixed)
  Feature set: current (widest matrix for mixed models)
  Gates: energetic=False  s1=False (≥0.50)
  Refresh: entry  upgrade_stop=False
============================================================

Loading pattern data 2025-02-01 → 2026-05-23…
Loading prices from 2025-02-01 to 2026-05-24...
Data successfully loaded: 454280 rows.
Data loaded successfully: 454280 rows.
Features and labels prepared.
Features prepared (live inference mode — no future labels).
Adding liquidity zone indicators...
Adding liquidity zone, recovery, and equal high/low indicators...
Applying HMM Regime Filter...
Adding v14 daily range and session features...
Adding v14 multi-window features (3m, 15m, 60m)...
Adding Volume Profile features (VWAP, POC)...
Adding Time features (time_from_15m, time_from_max/min)...
Adding 15m Price Action features (group=wick)...
Adding pattern features (set=current)…
Loading prices from 2025-06-01 to 2025-06-08...
Data successfully loaded: 6733 rows.
Data loaded successfully: 6733 rows.
Features and labels prepared.
Features and labels prepared.
Adding liquidity zone indicators...
Adding liquidity zone, recovery, and equal high/low indicators...
Applying HMM Regime Filter...
Adding v14 daily range and session features...
Adding v14 multi-window features (3m, 15m, 60m)...
Adding Volume Profile features (VWAP, POC)...
Adding Time features (time_from_15m, time_from_max/min)...
Skipping 15m Price Action features
Redefining target with Horizon=30, TP=30.0, SL=25.0...
Adding new directional features...
Adding moving average features...
Pattern path: 381873 bars (no HMM/bar_move/volume filter)
Adding new directional features...
Adding moving average features...
Bars in test window: 282126
Pattern-routed bars: 1505 (0.53%)
  oil_bar_drop_short  : 1505
  Model oil_bar_drop_short: h120_tp80_sl50

Applying pattern gates…

Pattern entry signals: 184 (LONG=0 SHORT=184)
Loading full 1-min bars for exit simulation…
Loading prices from 2025-06-01 to 2026-05-24...
Data successfully loaded: 341175 rows.
Data loaded successfully: 341175 rows.

============================================================
  COMBINED BACKTEST  |  2025-06-01 → 2026-05-23
============================================================
  Trades   : 112
  Win rate : 26.8%
  Net PnL  : -1491.80
  Avg/trade: -13.32
  Max DD   : -1712.45

Saved -> /Users/alpha/AlphaGold/runtime/oil_pattern_backtest_trades.csv

  By pattern:
    oil_bar_drop_short  :  112 trades  PnL=-1491.8  WR=27%  avg=-13.32
  SHORT total:  112  PnL=-1491.8  WR=27%

────────────────────────────────────────────────────────────
  LAST 30 TRADES (HKT)
────────────────────────────────────────────────────────────
  entry_hkt exit_hkt  dir  entry_price  exit_price    pnl exit_reason            pattern
04-02 21:05    21:11 down     10600.75    10650.75 -50.00   stop_loss oil_bar_drop_short
04-02 21:42    21:47 down     10623.85    10523.40 100.45  target_hit oil_bar_drop_short
04-02 23:56    00:20 down     10487.65    10537.65 -50.00   stop_loss oil_bar_drop_short
04-03 00:54    01:00 down     10422.95    10472.95 -50.00   stop_loss oil_bar_drop_short
04-09 22:56    23:02 down      9565.85     9615.85 -50.00   stop_loss oil_bar_drop_short
04-14 15:09    15:11 down      9194.85     9244.85 -50.00   stop_loss oil_bar_drop_short
04-15 22:25    22:32 down      8850.45     8900.45 -50.00   stop_loss oil_bar_drop_short
04-20 20:05    21:08 down      8717.85     8637.85  80.00  target_hit oil_bar_drop_short
04-20 21:09    21:17 down      8606.55     8656.55 -50.00   stop_loss oil_bar_drop_short
04-22 13:17    13:25 down      8837.25     8757.25  80.00  target_hit oil_bar_drop_short
04-22 21:20    21:21 down      9059.15     9109.15 -50.00   stop_loss oil_bar_drop_short
04-24 16:16    18:16 down      9662.35     9692.15 -29.80     timeout oil_bar_drop_short
04-24 21:12    23:06 down      9447.35     9497.35 -50.00   stop_loss oil_bar_drop_short
04-28 22:48    22:50 down      9821.75     9871.75 -50.00   stop_loss oil_bar_drop_short
04-29 10:26    10:35 down      9701.55     9751.55 -50.00   stop_loss oil_bar_drop_short
04-29 20:36    21:21 down     10191.85    10241.85 -50.00   stop_loss oil_bar_drop_short
04-30 01:21    01:31 down     10506.45    10426.45  80.00  target_hit oil_bar_drop_short
04-30 01:32    01:40 down     10440.05    10490.05 -50.00   stop_loss oil_bar_drop_short
04-30 08:01    08:03 down     10478.45    10528.45 -50.00   stop_loss oil_bar_drop_short
05-04 18:33    19:49 down     10270.85    10190.85  80.00  target_hit oil_bar_drop_short
05-04 20:17    20:26 down     10039.95    10089.95 -50.00   stop_loss oil_bar_drop_short
05-04 21:02    21:06 down     10065.85     9985.85  80.00  target_hit oil_bar_drop_short
05-05 00:20    00:30 down     10262.65    10312.65 -50.00   stop_loss oil_bar_drop_short
05-06 15:46    15:52 down      9752.25     9672.25  80.00  target_hit oil_bar_drop_short
05-07 19:20    20:16 down      8990.25     8910.25  80.00  target_hit oil_bar_drop_short
05-08 09:01    09:04 down      9332.45     9382.45 -50.00   stop_loss oil_bar_drop_short
05-14 18:12    18:32 down      9698.15     9748.15 -50.00   stop_loss oil_bar_drop_short
05-19 18:56    19:10 down     10329.15    10379.15 -50.00   stop_loss oil_bar_drop_short
05-19 21:44    21:55 down     10395.65    10315.65  80.00  target_hit oil_bar_drop_short
05-20 22:19    23:15 down     10036.85     9916.20 120.65  target_hit oil_bar_drop_short
Oil backtest: /Users/alpha/AlphaGold/.venv/bin/python3 /Users/alpha/AlphaGold/v14/backtest/backtest_patterns_v14.py 2025-06-01 2026-05-23 oil_bar_drop_short

============================================================
  OIL BACKTEST  2025-06-01 → 2026-05-23  patterns=oil_bar_drop_short
============================================================
  Trades   : 112
  Win rate : 26.8%
  Net PnL  : -1491.80  (DB price units; ÷100 ≈ spot $ per contract)
  Avg/trade: -13.32

  By pattern:
    oil_bar_drop_short: 112 trades  PnL=-1491.8  WR=27%
=== Train (prod-only) ===

=== Backtest (no gold time filter) ===
