
======================================================================
  Uptrend retrace RETRAIN sweep  |  2025-06-01 → 2026-05-23
  Definition: rise≥30  drop≥10  |  prob≥0.55
  PA groups: ()
  Combos: 68 (retrain + backtest each)
  Refresh  : exec max TP/SL/H + upgrade_stop=True
  Output: /Users/alpha/Desktop/python/AlphaGold/runtime/sweep_uptrend_retrace_retrain_upgrade_stop.csv
======================================================================

Loading data from 2025-06-01 to 2026-05-24...
Data successfully loaded: 345423 rows.
Data loaded successfully: 345423 rows.
Loading features once (shared across all H/TP/SL combos)…
Loading data from 2025-02-01 to 2026-05-24...
Data successfully loaded: 364578 rows.
Data loaded successfully: 364578 rows.
Features and labels prepared.
Features and labels prepared.
Adding liquidity zone indicators...
Adding liquidity zone, recovery, and equal high/low indicators...
Applying HMM Regime Filter...
Adding v14 daily range and session features...
Adding v14 multi-window features (3m, 15m, 60m)...
Adding Volume Profile features (VWAP, POC)...
Adding Time features (time_from_15m, time_from_max/min)...
Skipping 15m Price Action features
Redefining target with Horizon=15, TP=20, SL=15...
Adding pattern features (wr_120/240, cross flags)...
Pattern path: 363127 bars (no HMM/bar_move/volume filter)
Adding new directional features...
Adding moving average features...
Feature matrix: 363038 bars | cached horizons: [15, 30, 45, 60]

   #    H   TP   SL | Trades    WR%    NetPnL     Avg
----------------------------------------------------
[1/68] Train H=15 TP=15 SL=10…
   1   15   15   10 |   1252  35.5%   -182.09   -0.15
[2/68] Train H=15 TP=20 SL=10…
   2   15   20   10 |    596  39.1%   +599.85   +1.01
[3/68] Train H=15 TP=20 SL=15…
   3   15   20   15 |    504  43.5%   +751.47   +1.49
[4/68] Train H=15 TP=30 SL=10…
   4   15   30   10 |    181  38.1%   +635.13   +3.51
[5/68] Train H=15 TP=30 SL=15…
   5   15   30   15 |    162  43.2%   +612.85   +3.78
[6/68] Train H=15 TP=30 SL=20…
   6   15   30   20 |    127  45.7%   +530.77   +4.18
[7/68] Train H=15 TP=30 SL=25…
   7   15   30   25 |    120  53.3%   +745.03   +6.21
[8/68] Train H=15 TP=40 SL=10…
   8   15   40   10 |     63  41.3%   +402.07   +6.38
[9/68] Train H=15 TP=40 SL=15…
   9   15   40   15 |     55  41.8%   +446.77   +8.12
[10/68] Train H=15 TP=40 SL=20…
  10   15   40   20 |     48  54.2%   +572.26  +11.92
[11/68] Train H=15 TP=40 SL=25…
  11   15   40   25 |     39  53.8%   +338.29   +8.67
[12/68] Train H=15 TP=40 SL=30…
  12   15   40   30 |     44  47.7%   +209.95   +4.77
[13/68] Train H=15 TP=45 SL=10…
  13   15   45   10 |     33  39.4%   +255.68   +7.75
[14/68] Train H=15 TP=45 SL=15…
  14   15   45   15 |     22  59.1%   +396.19  +18.01
[15/68] Train H=15 TP=45 SL=20…
  15   15   45   20 |     22  72.7%   +562.18  +25.55
[16/68] Train H=15 TP=45 SL=25…
  16   15   45   25 |     20  70.0%   +444.26  +22.21
[17/68] Train H=15 TP=45 SL=30…
  17   15   45   30 |     19  73.7%   +531.87  +27.99
[18/68] Train H=30 TP=15 SL=10…
  18   30   15   10 |    918  34.0%   -705.66   -0.77
[19/68] Train H=30 TP=20 SL=10…
  19   30   20   10 |    786  31.7%   -572.18   -0.73
[20/68] Train H=30 TP=20 SL=15…
  20   30   20   15 |    687  38.0%   -426.54   -0.62
[21/68] Train H=30 TP=30 SL=10…
  21   30   30   10 |    299  36.1%   +264.26   +0.88
[22/68] Train H=30 TP=30 SL=15…
  22   30   30   15 |    256  40.6%   +485.43   +1.90
[23/68] Train H=30 TP=30 SL=20…
  23   30   30   20 |    192  49.0%   +603.84   +3.15
[24/68] Train H=30 TP=30 SL=25…
  24   30   30   25 |    172  49.4%   +725.96   +4.22
[25/68] Train H=30 TP=40 SL=10…
  25   30   40   10 |    158  36.7%   +506.33   +3.20
[26/68] Train H=30 TP=40 SL=15…
  26   30   40   15 |    114  41.2%   +568.67   +4.99
[27/68] Train H=30 TP=40 SL=20…
  27   30   40   20 |     99  46.5%   +677.34   +6.84
[28/68] Train H=30 TP=40 SL=25…
  28   30   40   25 |     83  53.0%   +809.37   +9.75
[29/68] Train H=30 TP=40 SL=30…
  29   30   40   30 |     84  57.1%   +817.47   +9.73
[30/68] Train H=30 TP=45 SL=10…
  30   30   45   10 |     94  31.9%   +325.77   +3.47
[31/68] Train H=30 TP=45 SL=15…
  31   30   45   15 |     75  38.7%   +398.22   +5.31
[32/68] Train H=30 TP=45 SL=20…
  32   30   45   20 |     76  47.4%   +510.13   +6.71
[33/68] Train H=30 TP=45 SL=25…
  33   30   45   25 |     72  55.6%   +730.16  +10.14
[34/68] Train H=30 TP=45 SL=30…
  34   30   45   30 |     62  67.7%   +922.09  +14.87
[35/68] Train H=45 TP=15 SL=10…
  35   45   15   10 |   1012  34.7%   -462.39   -0.46
[36/68] Train H=45 TP=20 SL=10…
  36   45   20   10 |    846  31.9%   -538.86   -0.64
[37/68] Train H=45 TP=20 SL=15…
  37   45   20   15 |    719  37.4%    -76.10   -0.11
[38/68] Train H=45 TP=30 SL=10…
  38   45   30   10 |    357  30.0%    +75.91   +0.21
[39/68] Train H=45 TP=30 SL=15…
  39   45   30   15 |    290  40.0%   +518.57   +1.79
[40/68] Train H=45 TP=30 SL=20…
  40   45   30   20 |    246  42.3%   +505.04   +2.05
[41/68] Train H=45 TP=30 SL=25…
  41   45   30   25 |    210  44.3%   +210.89   +1.00
[42/68] Train H=45 TP=40 SL=10…
  42   45   40   10 |    287  34.1%   +409.85   +1.43
[43/68] Train H=45 TP=40 SL=15…
  43   45   40   15 |    184  41.8%   +533.52   +2.90
[44/68] Train H=45 TP=40 SL=20…
  44   45   40   20 |    146  44.5%   +682.40   +4.67
[45/68] Train H=45 TP=40 SL=25…
  45   45   40   25 |    129  47.3%   +792.76   +6.15
[46/68] Train H=45 TP=40 SL=30…
  46   45   40   30 |    116  51.7%   +913.55   +7.88
[47/68] Train H=45 TP=45 SL=10…
  47   45   45   10 |    167  32.9%   +560.53   +3.36
[48/68] Train H=45 TP=45 SL=15…
  48   45   45   15 |    111  36.0%   +303.00   +2.73
[49/68] Train H=45 TP=45 SL=20…
  49   45   45   20 |     97  45.4%   +515.74   +5.32
[50/68] Train H=45 TP=45 SL=25…
  50   45   45   25 |     80  47.5%   +694.03   +8.68
[51/68] Train H=45 TP=45 SL=30…
  51   45   45   30 |     73  57.5%   +810.13  +11.10
[52/68] Train H=60 TP=15 SL=10…
  52   60   15   10 |   1123  35.1%   -529.68   -0.47
[53/68] Train H=60 TP=20 SL=10…
  53   60   20   10 |    900  32.1%   -583.92   -0.65
[54/68] Train H=60 TP=20 SL=15…
  54   60   20   15 |    675  36.4%   -555.46   -0.82
[55/68] Train H=60 TP=30 SL=10…
  55   60   30   10 |    436  33.3%   +545.31   +1.25
[56/68] Train H=60 TP=30 SL=15…
  56   60   30   15 |    370  35.7%   +515.30   +1.39
[57/68] Train H=60 TP=30 SL=20…
  57   60   30   20 |    334  41.9%   +405.20   +1.21
[58/68] Train H=60 TP=30 SL=25…
  58   60   30   25 |    291  42.3%   +288.07   +0.99
[59/68] Train H=60 TP=40 SL=10…
  59   60   40   10 |    276  35.9%   +458.16   +1.66
[60/68] Train H=60 TP=40 SL=15…
  60   60   40   15 |    232  38.4%   +900.42   +3.88
[61/68] Train H=60 TP=40 SL=20…
  61   60   40   20 |    168  43.5%   +786.21   +4.68
[62/68] Train H=60 TP=40 SL=25…
  62   60   40   25 |    153  41.8%   +713.25   +4.66
[63/68] Train H=60 TP=40 SL=30…
  63   60   40   30 |    125  48.8%   +815.37   +6.52
[64/68] Train H=60 TP=45 SL=10…
  64   60   45   10 |    231  30.7%   +466.61   +2.02
[65/68] Train H=60 TP=45 SL=15…
  65   60   45   15 |    159  37.1%   +396.88   +2.50
[66/68] Train H=60 TP=45 SL=20…
  66   60   45   20 |    130  42.3%   +465.81   +3.58
[67/68] Train H=60 TP=45 SL=25…
  67   60   45   25 |    106  45.3%   +594.93   +5.61
[68/68] Train H=60 TP=45 SL=30…
  68   60   45   30 |     94  50.0%   +625.49   +6.65

Saved -> /Users/alpha/Desktop/python/AlphaGold/runtime/sweep_uptrend_retrace_retrain_upgrade_stop.csv

Top combos (≥10 trades):
 horizon  tp  sl  pattern_bars  signals  trades  win_rate  net_pnl  avg_pnl
      30  45  30         37881      512      62      67.7   922.09    14.87
      45  40  30         37881     1477     116      51.7   913.55     7.88
      60  40  15         37881     1513     232      38.4   900.42     3.88
      30  40  30         37881      764      84      57.1   817.47     9.73
      60  40  30         37881     1483     125      48.8   815.37     6.52
      45  45  30         37881      874      73      57.5   810.13    11.10
      30  40  25         37881      687      83      53.0   809.37     9.75
      45  40  25         37881     1387     129      47.3   792.76     6.15
      60  40  20         37881     1464     168      43.5   786.21     4.68
      15  20  15         37881     2370     504      43.5   751.47     1.49
      15  30  25         37881      529     120      53.3   745.03     6.21
      30  45  25         37881      538      72      55.6   730.16    10.14
      30  30  25         37881     1239     172      49.4   725.96     4.22
      60  40  25         37881     1572     153      41.8   713.25     4.66
      45  45  25         37881      883      80      47.5   694.03     8.68

Best: H=30 TP=45 SL=30 → 62 trades WR=67.7% PnL=+922.1
