
======================================================================
  Uptrend retrace RETRAIN sweep  |  2025-06-01 → 2026-05-23
  Definition: rise≥30  drop≥10  |  prob≥0.55
  PA groups: ('fake', 'fvg', 'wick')
  Combos: 68 (retrain + backtest each)
  Output: /Users/alpha/Desktop/python/AlphaGold/runtime/sweep_uptrend_retrace_retrain.csv
======================================================================

Loading data from 2025-06-01 to 2026-05-24...
Data successfully loaded: 345423 rows.
Data loaded successfully: 345423 rows.
Loading features once (shared across all H/TP/SL combos)…
Loading data from 2025-02-01 to 2026-05-24...
Data successfully loaded: 364578 rows.
Data loaded successfully: 364578 rows.
Features and labels prepared.
Features and labels prepared.
Adding liquidity zone indicators...
Adding liquidity zone, recovery, and equal high/low indicators...
Applying HMM Regime Filter...
Adding v14 daily range and session features...
Adding v14 multi-window features (3m, 15m, 60m)...
Adding Volume Profile features (VWAP, POC)...
Adding Time features (time_from_15m, time_from_max/min)...
Adding 15m Price Action features (group=fake,fvg,wick, FVG min_gap=0)...
Redefining target with Horizon=15, TP=20, SL=15...
Adding pattern features (wr_120/240, cross flags)...
Pattern path: 363052 bars (no HMM/bar_move/volume filter)
Adding new directional features...
Adding moving average features...
Feature matrix: 362963 bars | cached horizons: [15, 30, 45, 60]

   #    H   TP   SL | Trades    WR%    NetPnL     Avg
----------------------------------------------------
[1/68] Train H=15 TP=15 SL=10…
   1   15   15   10 |    778  34.8%   -260.80   -0.34
[2/68] Train H=15 TP=20 SL=10…
   2   15   20   10 |    358  36.3%   +542.76   +1.52
[3/68] Train H=15 TP=20 SL=15…
   3   15   20   15 |    287  44.9%   +743.23   +2.59
[4/68] Train H=15 TP=30 SL=10…
   4   15   30   10 |    115  30.4%   +348.29   +3.03
[5/68] Train H=15 TP=30 SL=15…
   5   15   30   15 |     89  41.6%   +507.86   +5.71
[6/68] Train H=15 TP=30 SL=20…
   6   15   30   20 |     84  46.4%   +540.04   +6.43
[7/68] Train H=15 TP=30 SL=25…
   7   15   30   25 |     90  52.2%   +425.98   +4.73
[8/68] Train H=15 TP=40 SL=10…
   8   15   40   10 |     43  34.9%   +218.37   +5.08
[9/68] Train H=15 TP=40 SL=15…
   9   15   40   15 |     43  48.8%   +404.90   +9.42
[10/68] Train H=15 TP=40 SL=20…
  10   15   40   20 |     33  45.5%   +258.06   +7.82
[11/68] Train H=15 TP=40 SL=25…
  11   15   40   25 |     30  60.0%   +371.92  +12.40
[12/68] Train H=15 TP=40 SL=30…
  12   15   40   30 |     30  56.7%   +309.03  +10.30
[13/68] Train H=15 TP=45 SL=10…
  13   15   45   10 |     21  38.1%   +175.14   +8.34
[14/68] Train H=15 TP=45 SL=15…
  14   15   45   15 |     27  44.4%   +307.36  +11.38
[15/68] Train H=15 TP=45 SL=20…
  15   15   45   20 |     22  54.5%   +274.65  +12.48
[16/68] Train H=15 TP=45 SL=25…
  16   15   45   25 |     18  55.6%   +320.16  +17.79
[17/68] Train H=15 TP=45 SL=30…
  17   15   45   30 |     18  55.6%   +280.41  +15.58
[18/68] Train H=30 TP=15 SL=10…
  18   30   15   10 |    612  34.5%   -202.63   -0.33
[19/68] Train H=30 TP=20 SL=10…
  19   30   20   10 |    441  27.2%   -433.35   -0.98
[20/68] Train H=30 TP=20 SL=15…
  20   30   20   15 |    412  36.7%   -145.85   -0.35
[21/68] Train H=30 TP=30 SL=10…
  21   30   30   10 |    167  23.4%   -128.28   -0.77
[22/68] Train H=30 TP=30 SL=15…
  22   30   30   15 |    145  33.1%   +246.97   +1.70
[23/68] Train H=30 TP=30 SL=20…
  23   30   30   20 |    148  36.5%    -46.90   -0.32
[24/68] Train H=30 TP=30 SL=25…
  24   30   30   25 |    129  49.6%   +684.66   +5.31
[25/68] Train H=30 TP=40 SL=10…
  25   30   40   10 |     63  34.9%   +457.06   +7.25
[26/68] Train H=30 TP=40 SL=15…
  26   30   40   15 |     56  37.5%   +518.18   +9.25
[27/68] Train H=30 TP=40 SL=20…
  27   30   40   20 |     50  44.0%   +473.57   +9.47
[28/68] Train H=30 TP=40 SL=25…
  28   30   40   25 |     45  57.8%   +625.05  +13.89
[29/68] Train H=30 TP=40 SL=30…
  29   30   40   30 |     49  55.1%   +458.55   +9.36
[30/68] Train H=30 TP=45 SL=10…
  30   30   45   10 |     41  24.4%   +148.87   +3.63
[31/68] Train H=30 TP=45 SL=15…
  31   30   45   15 |     50  44.0%   +575.27  +11.51
[32/68] Train H=30 TP=45 SL=20…
  32   30   45   20 |     42  52.4%   +533.30  +12.70
[33/68] Train H=30 TP=45 SL=25…
  33   30   45   25 |     31  51.6%   +457.60  +14.76
[34/68] Train H=30 TP=45 SL=30…
  34   30   45   30 |     36  55.6%   +475.77  +13.22
[35/68] Train H=45 TP=15 SL=10…
  35   45   15   10 |    675  32.1%   -535.02   -0.79
[36/68] Train H=45 TP=20 SL=10…
  36   45   20   10 |    449  26.3%   -518.99   -1.16
[37/68] Train H=45 TP=20 SL=15…
  37   45   20   15 |    471  37.4%   -228.35   -0.48
[38/68] Train H=45 TP=30 SL=10…
  38   45   30   10 |    195  20.0%   -290.27   -1.49
[39/68] Train H=45 TP=30 SL=15…
  39   45   30   15 |    167  35.3%   +252.16   +1.51
[40/68] Train H=45 TP=30 SL=20…
  40   45   30   20 |    140  37.9%    +14.97   +0.11
[41/68] Train H=45 TP=30 SL=25…
  41   45   30   25 |    154  42.2%     -3.00   -0.02
[42/68] Train H=45 TP=40 SL=10…
  42   45   40   10 |    112  24.1%   +208.64   +1.86
[43/68] Train H=45 TP=40 SL=15…
  43   45   40   15 |     71  38.0%   +520.44   +7.33
[44/68] Train H=45 TP=40 SL=20…
  44   45   40   20 |     74  44.6%   +421.30   +5.69
[45/68] Train H=45 TP=40 SL=25…
  45   45   40   25 |     77  44.2%   +288.49   +3.75
[46/68] Train H=45 TP=40 SL=30…
  46   45   40   30 |     72  47.2%   +387.97   +5.39
[47/68] Train H=45 TP=45 SL=10…
  47   45   45   10 |     83  30.1%   +425.29   +5.12
[48/68] Train H=45 TP=45 SL=15…
  48   45   45   15 |     64  40.6%   +593.99   +9.28
[49/68] Train H=45 TP=45 SL=20…
  49   45   45   20 |     51  39.2%   +407.31   +7.99
[50/68] Train H=45 TP=45 SL=25…
  50   45   45   25 |     51  49.0%   +442.20   +8.67
[51/68] Train H=45 TP=45 SL=30…
  51   45   45   30 |     51  58.8%   +574.68  +11.27
[52/68] Train H=60 TP=15 SL=10…
  52   60   15   10 |    693  31.5%   -594.31   -0.86
[53/68] Train H=60 TP=20 SL=10…
  53   60   20   10 |    457  28.2%   -332.53   -0.73
[54/68] Train H=60 TP=20 SL=15…
  54   60   20   15 |    454  37.9%   -165.63   -0.36
[55/68] Train H=60 TP=30 SL=10…
  55   60   30   10 |    217  20.7%   -210.48   -0.97
[56/68] Train H=60 TP=30 SL=15…
  56   60   30   15 |    224  31.2%    +27.40   +0.12
[57/68] Train H=60 TP=30 SL=20…
  57   60   30   20 |    227  37.4%    +65.19   +0.29
[58/68] Train H=60 TP=30 SL=25…
  58   60   30   25 |    209  42.6%    -73.29   -0.35
[59/68] Train H=60 TP=40 SL=10…
  59   60   40   10 |    126  18.3%    -51.97   -0.41
[60/68] Train H=60 TP=40 SL=15…
  60   60   40   15 |     93  21.5%   -202.75   -2.18
[61/68] Train H=60 TP=40 SL=20…
  61   60   40   20 |     87  33.3%    +27.51   +0.32
[62/68] Train H=60 TP=40 SL=25…
  62   60   40   25 |     87  41.4%   +348.43   +4.00
[63/68] Train H=60 TP=40 SL=30…
  63   60   40   30 |     89  49.4%   +518.36   +5.82
[64/68] Train H=60 TP=45 SL=10…
  64   60   45   10 |     80  21.2%   +332.63   +4.16
[65/68] Train H=60 TP=45 SL=15…
  65   60   45   15 |     63  34.9%   +523.28   +8.31
[66/68] Train H=60 TP=45 SL=20…
  66   60   45   20 |     66  33.3%   +226.47   +3.43
[67/68] Train H=60 TP=45 SL=25…
  67   60   45   25 |     63  38.1%   +299.77   +4.76
[68/68] Train H=60 TP=45 SL=30…
  68   60   45   30 |     58  43.1%   +210.41   +3.63

Saved -> /Users/alpha/Desktop/python/AlphaGold/runtime/sweep_uptrend_retrace_retrain.csv

Top combos (≥10 trades):
 horizon  tp  sl  pattern_bars  signals  trades  win_rate  net_pnl  avg_pnl
      15  20  15         37881     1795     287      44.9   743.23     2.59
      30  30  25         37881     1049     129      49.6   684.66     5.31
      30  40  25         37881      354      45      57.8   625.05    13.89
      45  45  15         37881      368      64      40.6   593.99     9.28
      30  45  15         37881      218      50      44.0   575.27    11.51
      45  45  30         37881      474      51      58.8   574.68    11.27
      15  20  10         37881     1690     358      36.3   542.76     1.52
      15  30  20         37881      429      84      46.4   540.04     6.43
      30  45  20         37881      196      42      52.4   533.30    12.70
      60  45  15         37881      530      63      34.9   523.28     8.31
      45  40  15         37881      727      71      38.0   520.44     7.33
      60  40  30         37881     1000      89      49.4   518.36     5.82
      30  40  15         37881      360      56      37.5   518.18     9.25
      15  30  15         37881      419      89      41.6   507.86     5.71
      30  45  30         37881      254      36      55.6   475.77    13.22

Best: H=15 TP=20 SL=15 → 287 trades WR=44.9% PnL=+743.2
