
======================================================================
  reversal_fvg_short H/TP/SL sweep  |  2025-06-01 → 2026-05-23
  min_gap=0  time_from_fvg_bear<30  |  prob≥0.55
  Feature set: current  |  PA: ('fvg',)
  Combos: 68 (retrain + pattern-only backtest each)
  Output: /Users/alpha/Desktop/python/AlphaGold/runtime/sweep_reversal_fvg_short_exec.csv
======================================================================

Loading data from 2025-06-01 to 2026-05-24...
Data successfully loaded: 345423 rows.
Data loaded successfully: 345423 rows.
Loading features once…
Loading data from 2025-02-01 to 2026-05-24...
Data successfully loaded: 364578 rows.
Data loaded successfully: 364578 rows.
Features and labels prepared.
Features and labels prepared.
Adding liquidity zone indicators...
Adding liquidity zone, recovery, and equal high/low indicators...
Applying HMM Regime Filter...
Adding v14 daily range and session features...
Adding v14 multi-window features (3m, 15m, 60m)...
Adding Volume Profile features (VWAP, POC)...
Adding Time features (time_from_15m, time_from_max/min)...
Adding 15m Price Action features (group=fvg, FVG min_gap=0)...
Redefining target with Horizon=15, TP=40, SL=30...
Adding pattern features (set=current)…
Pattern path: 363052 bars (no HMM/bar_move/volume filter)
Adding new directional features...
Adding moving average features...
Feature matrix: 362963 bars | 102 features

   #    H   TP   SL | Trades    WR%    NetPnL     Avg
----------------------------------------------------
[1/68] Train H=15 TP=15 SL=10…
   1   15   15   10 |    684  35.7%   +190.90   +0.28
[2/68] Train H=15 TP=20 SL=10…
   2   15   20   10 |    480  31.9%    -54.37   -0.11
[3/68] Train H=15 TP=20 SL=15…
   3   15   20   15 |    374  37.7%     +4.97   +0.01
[4/68] Train H=15 TP=30 SL=10…
   4   15   30   10 |    250  21.6%   -381.80   -1.53
[5/68] Train H=15 TP=30 SL=15…
   5   15   30   15 |    188  34.0%    +87.29   +0.46
[6/68] Train H=15 TP=30 SL=20…
   6   15   30   20 |    158  39.9%   +361.45   +2.29
[7/68] Train H=15 TP=30 SL=25…
   7   15   30   25 |    150  40.7%    -72.64   -0.48
[8/68] Train H=15 TP=40 SL=10…
   8   15   40   10 |    150  31.3%   +391.12   +2.61
[9/68] Train H=15 TP=40 SL=15…
   9   15   40   15 |    130  32.3%   +208.44   +1.60
[10/68] Train H=15 TP=40 SL=20…
  10   15   40   20 |     96  40.6%   +388.63   +4.05
[11/68] Train H=15 TP=40 SL=25…
  11   15   40   25 |    103  38.8%   +141.80   +1.38
[12/68] Train H=15 TP=40 SL=30…
  12   15   40   30 |     92  42.4%   +505.00   +5.49
[13/68] Train H=15 TP=45 SL=10…
  13   15   45   10 |     98  32.7%   +485.16   +4.95
[14/68] Train H=15 TP=45 SL=15…
  14   15   45   15 |     76  47.4%   +711.52   +9.36
[15/68] Train H=15 TP=45 SL=20…
  15   15   45   20 |     66  50.0%   +696.11  +10.55
[16/68] Train H=15 TP=45 SL=25…
  16   15   45   25 |     62  53.2%   +761.90  +12.29
[17/68] Train H=15 TP=45 SL=30…
  17   15   45   30 |     61  59.0%   +673.42  +11.04
[18/68] Train H=30 TP=15 SL=10…
  18   30   15   10 |    653  33.4%   -221.60   -0.34
[19/68] Train H=30 TP=20 SL=10…
  19   30   20   10 |    494  30.8%   -195.22   -0.40
[20/68] Train H=30 TP=20 SL=15…
  20   30   20   15 |    452  37.2%    +15.19   +0.03
[21/68] Train H=30 TP=30 SL=10…
  21   30   30   10 |    251  27.9%    +95.14   +0.38
[22/68] Train H=30 TP=30 SL=15…
  22   30   30   15 |    217  33.2%    -17.29   -0.08
[23/68] Train H=30 TP=30 SL=20…
  23   30   30   20 |    209  40.2%   +185.63   +0.89
[24/68] Train H=30 TP=30 SL=25…
  24   30   30   25 |    188  42.0%     -0.60   -0.00
[25/68] Train H=30 TP=40 SL=10…
  25   30   40   10 |    179  23.5%    +75.80   +0.42
[26/68] Train H=30 TP=40 SL=15…
  26   30   40   15 |    126  36.5%   +508.88   +4.04
[27/68] Train H=30 TP=40 SL=20…
  27   30   40   20 |    120  31.7%    +15.65   +0.13
[28/68] Train H=30 TP=40 SL=25…
  28   30   40   25 |    103  38.8%   +147.56   +1.43
[29/68] Train H=30 TP=40 SL=30…
  29   30   40   30 |     96  37.5%    +89.42   +0.93
[30/68] Train H=30 TP=45 SL=10…
  30   30   45   10 |    127  26.0%   +406.89   +3.20
[31/68] Train H=30 TP=45 SL=15…
  31   30   45   15 |     97  36.1%   +751.69   +7.75
[32/68] Train H=30 TP=45 SL=20…
  32   30   45   20 |     89  43.8%   +588.76   +6.62
[33/68] Train H=30 TP=45 SL=25…
  33   30   45   25 |     86  43.0%   +736.52   +8.56
[34/68] Train H=30 TP=45 SL=30…
  34   30   45   30 |     80  47.5%   +802.92  +10.04
[35/68] Train H=45 TP=15 SL=10…
  35   45   15   10 |    678  33.3%   -323.52   -0.48
[36/68] Train H=45 TP=20 SL=10…
  36   45   20   10 |    457  28.0%   -292.10   -0.64
[37/68] Train H=45 TP=20 SL=15…
  37   45   20   15 |    451  38.6%    -11.22   -0.02
[38/68] Train H=45 TP=30 SL=10…
  38   45   30   10 |    261  30.7%   +242.53   +0.93
[39/68] Train H=45 TP=30 SL=15…
  39   45   30   15 |    252  34.9%    -79.46   -0.32
[40/68] Train H=45 TP=30 SL=20…
  40   45   30   20 |    232  40.5%    +34.24   +0.15
[41/68] Train H=45 TP=30 SL=25…
  41   45   30   25 |    227  42.3%    -45.48   -0.20
[42/68] Train H=45 TP=40 SL=10…
  42   45   40   10 |    189  23.3%    +31.73   +0.17
[43/68] Train H=45 TP=40 SL=15…
  43   45   40   15 |    164  32.3%    +71.80   +0.44
[44/68] Train H=45 TP=40 SL=20…
  44   45   40   20 |    142  38.7%   +104.70   +0.74
[45/68] Train H=45 TP=40 SL=25…
  45   45   40   25 |    138  41.3%    +95.91   +0.69
[46/68] Train H=45 TP=40 SL=30…
  46   45   40   30 |    125  44.8%   +375.70   +3.01
[47/68] Train H=45 TP=45 SL=10…
  47   45   45   10 |    156  28.8%   +667.17   +4.28
[48/68] Train H=45 TP=45 SL=15…
  48   45   45   15 |    140  34.3%   +624.25   +4.46
[49/68] Train H=45 TP=45 SL=20…
  49   45   45   20 |    122  42.6%   +709.75   +5.82
[50/68] Train H=45 TP=45 SL=25…
  50   45   45   25 |    119  47.1%   +808.13   +6.79
[51/68] Train H=45 TP=45 SL=30…
  51   45   45   30 |    112  49.1%   +782.45   +6.99
[52/68] Train H=60 TP=15 SL=10…
  52   60   15   10 |    645  33.0%   -270.01   -0.42
[53/68] Train H=60 TP=20 SL=10…
  53   60   20   10 |    468  30.6%   +177.49   +0.38
[54/68] Train H=60 TP=20 SL=15…
  54   60   20   15 |    468  37.4%   +123.07   +0.26
[55/68] Train H=60 TP=30 SL=10…
  55   60   30   10 |    267  30.0%   +230.56   +0.86
[56/68] Train H=60 TP=30 SL=15…
  56   60   30   15 |    260  34.2%    +14.01   +0.05
[57/68] Train H=60 TP=30 SL=20…
  57   60   30   20 |    246  41.9%   +322.58   +1.31
[58/68] Train H=60 TP=30 SL=25…
  58   60   30   25 |    243  39.5%   -213.05   -0.88
[59/68] Train H=60 TP=40 SL=10…
  59   60   40   10 |    186  27.4%   +162.63   +0.87
[60/68] Train H=60 TP=40 SL=15…
  60   60   40   15 |    181  34.3%   +145.03   +0.80
[61/68] Train H=60 TP=40 SL=20…
  61   60   40   20 |    157  41.4%    +88.22   +0.56
[62/68] Train H=60 TP=40 SL=25…
  62   60   40   25 |    152  42.8%   +136.99   +0.90
[63/68] Train H=60 TP=40 SL=30…
  63   60   40   30 |    145  40.7%     -7.16   -0.05
[64/68] Train H=60 TP=45 SL=10…
  64   60   45   10 |    176  28.4%   +629.50   +3.58
[65/68] Train H=60 TP=45 SL=15…
  65   60   45   15 |    146  37.0%   +551.49   +3.78
[66/68] Train H=60 TP=45 SL=20…
  66   60   45   20 |    128  43.8%   +524.96   +4.10
[67/68] Train H=60 TP=45 SL=25…
  67   60   45   25 |    120  44.2%   +445.88   +3.72
[68/68] Train H=60 TP=45 SL=30…
  68   60   45   30 |    114  45.6%   +647.66   +5.68

Saved -> /Users/alpha/Desktop/python/AlphaGold/runtime/sweep_reversal_fvg_short_exec.csv

Top combos (≥10 trades):
 horizon  tp  sl  pattern_bars  signals  trades  win_rate  net_pnl  avg_pnl
      45  45  25         52646     1330     119      47.1   808.13     6.79
      30  45  30         52646      948      80      47.5   802.92    10.04
      45  45  30         52646     1419     112      49.1   782.45     6.99
      15  45  25         52646      444      62      53.2   761.90    12.29
      30  45  15         52646      908      97      36.1   751.69     7.75
      30  45  25         52646      937      86      43.0   736.52     8.56
      15  45  15         52646      476      76      47.4   711.52     9.36
      45  45  20         52646     1327     122      42.6   709.75     5.82
      15  45  20         52646      485      66      50.0   696.11    10.55
      15  45  30         52646      444      61      59.0   673.42    11.04
      45  45  10         52646     1218     156      28.8   667.17     4.28
      60  45  30         52646     1659     114      45.6   647.66     5.68
      60  45  10         52646     1569     176      28.4   629.50     3.58
      45  45  15         52646     1264     140      34.3   624.25     4.46
      30  45  20         52646      902      89      43.8   588.76     6.62

Best: H=45 TP=45 SL=25 → 119 trades WR=47.1% PnL=+808.1
