
======================================================================
  reversal_wick_long H/TP/SL sweep  |  2025-06-01 → 2026-05-23
  wick_min_pct=0.35  train time<30  |  prob≥0.55
  Feature set: current  |  PA: ('wick',)
  Combos: 68 (retrain + pattern-only backtest each)
  Output: /Users/alpha/Desktop/python/AlphaGold/runtime/sweep_reversal_wick_long_exec.csv
======================================================================

Loading data from 2025-06-01 to 2026-05-24...
Data successfully loaded: 345423 rows.
Data loaded successfully: 345423 rows.
Loading features once…
Loading data from 2025-02-01 to 2026-05-24...
Data successfully loaded: 364578 rows.
Data loaded successfully: 364578 rows.
Features and labels prepared.
Features and labels prepared.
Adding liquidity zone indicators...
Adding liquidity zone, recovery, and equal high/low indicators...
Applying HMM Regime Filter...
Adding v14 daily range and session features...
Adding v14 multi-window features (3m, 15m, 60m)...
Adding Volume Profile features (VWAP, POC)...
Adding Time features (time_from_15m, time_from_max/min)...
Adding 15m Price Action features (group=wick)...
Redefining target with Horizon=15, TP=20, SL=15...
Adding pattern features (set=current)…
Pattern path: 363127 bars (no HMM/bar_move/volume filter)
Adding new directional features...
Adding moving average features...
Feature matrix: 363038 bars | 98 features

   #    H   TP   SL | Trades    WR%    NetPnL     Avg
----------------------------------------------------
[1/68] Train H=15 TP=15 SL=10…
   1   15   15   10 |   2349  35.8%   -706.66   -0.30
[2/68] Train H=15 TP=20 SL=10…
   2   15   20   10 |   1280  32.7%   +106.64   +0.08
[3/68] Train H=15 TP=20 SL=15…
   3   15   20   15 |   1015  39.9%   +219.57   +0.22
[4/68] Train H=15 TP=30 SL=10…
   4   15   30   10 |    473  29.0%   +261.42   +0.55
[5/68] Train H=15 TP=30 SL=15…
   5   15   30   15 |    369  33.1%   -226.18   -0.61
[6/68] Train H=15 TP=30 SL=20…
   6   15   30   20 |    330  38.2%   -385.14   -1.17
[7/68] Train H=15 TP=30 SL=25…
   7   15   30   25 |    319  42.3%   -635.35   -1.99
[8/68] Train H=15 TP=40 SL=10…
   8   15   40   10 |    209  25.4%   +450.69   +2.16
[9/68] Train H=15 TP=40 SL=15…
   9   15   40   15 |    166  33.1%   +322.79   +1.94
[10/68] Train H=15 TP=40 SL=20…
  10   15   40   20 |    143  38.5%   +184.33   +1.29
[11/68] Train H=15 TP=40 SL=25…
  11   15   40   25 |    143  42.7%   +154.14   +1.08
[12/68] Train H=15 TP=40 SL=30…
  12   15   40   30 |    125  45.6%   +215.70   +1.73
[13/68] Train H=15 TP=45 SL=10…
  13   15   45   10 |    175  26.9%   +210.77   +1.20
[14/68] Train H=15 TP=45 SL=15…
  14   15   45   15 |    147  37.4%   +271.04   +1.84
[15/68] Train H=15 TP=45 SL=20…
  15   15   45   20 |    123  42.3%    +59.24   +0.48
[16/68] Train H=15 TP=45 SL=25…
  16   15   45   25 |    118  43.2%    +77.32   +0.66
[17/68] Train H=15 TP=45 SL=30…
  17   15   45   30 |    104  44.2%    -93.18   -0.90
[18/68] Train H=30 TP=15 SL=10…
  18   30   15   10 |   2633  33.7%   -212.51   -0.08
[19/68] Train H=30 TP=20 SL=10…
  19   30   20   10 |   1595  29.3%   +264.27   +0.17
[20/68] Train H=30 TP=20 SL=15…
  20   30   20   15 |   1289  37.9%    +29.35   +0.02
[21/68] Train H=30 TP=30 SL=10…
  21   30   30   10 |    703  25.0%   -127.57   -0.18
[22/68] Train H=30 TP=30 SL=15…
  22   30   30   15 |    575  32.9%   -232.94   -0.41
[23/68] Train H=30 TP=30 SL=20…
  23   30   30   20 |    499  40.1%   +133.97   +0.27
[24/68] Train H=30 TP=30 SL=25…
  24   30   30   25 |    472  43.2%   -147.93   -0.31
[25/68] Train H=30 TP=40 SL=10…
  25   30   40   10 |    325  28.0%   +547.87   +1.69
[26/68] Train H=30 TP=40 SL=15…
  26   30   40   15 |    270  31.1%    +22.18   +0.08
[27/68] Train H=30 TP=40 SL=20…
  27   30   40   20 |    223  37.7%   +289.79   +1.30
[28/68] Train H=30 TP=40 SL=25…
  28   30   40   25 |    201  41.3%    +82.29   +0.41
[29/68] Train H=30 TP=40 SL=30…
  29   30   40   30 |    201  48.8%   +312.97   +1.56
[30/68] Train H=30 TP=45 SL=10…
  30   30   45   10 |    242  26.9%   +382.33   +1.58
[31/68] Train H=30 TP=45 SL=15…
  31   30   45   15 |    201  34.8%   +371.15   +1.85
[32/68] Train H=30 TP=45 SL=20…
  32   30   45   20 |    176  39.8%   +179.31   +1.02
[33/68] Train H=30 TP=45 SL=25…
  33   30   45   25 |    173  43.4%   +218.84   +1.26
[34/68] Train H=30 TP=45 SL=30…
  34   30   45   30 |    159  47.2%   +336.12   +2.11
[35/68] Train H=45 TP=15 SL=10…
  35   45   15   10 |   2613  32.6%   -680.35   -0.26
[36/68] Train H=45 TP=20 SL=10…
  36   45   20   10 |   1769  28.9%    +33.69   +0.02
[37/68] Train H=45 TP=20 SL=15…
  37   45   20   15 |   1439  37.6%    -82.22   -0.06
[38/68] Train H=45 TP=30 SL=10…
  38   45   30   10 |    913  24.0%   -323.86   -0.35
[39/68] Train H=45 TP=30 SL=15…
  39   45   30   15 |    727  30.9%   -657.63   -0.90
[40/68] Train H=45 TP=30 SL=20…
  40   45   30   20 |    627  37.5%   -276.11   -0.44
[41/68] Train H=45 TP=30 SL=25…
  41   45   30   25 |    543  41.4%   -180.86   -0.33
[42/68] Train H=45 TP=40 SL=10…
  42   45   40   10 |    378  21.7%    +70.95   +0.19
[43/68] Train H=45 TP=40 SL=15…
  43   45   40   15 |    331  31.1%   +136.99   +0.41
[44/68] Train H=45 TP=40 SL=20…
  44   45   40   20 |    292  34.6%    +46.57   +0.16
[45/68] Train H=45 TP=40 SL=25…
  45   45   40   25 |    267  41.9%    +50.11   +0.19
[46/68] Train H=45 TP=40 SL=30…
  46   45   40   30 |    236  44.1%   +186.26   +0.79
[47/68] Train H=45 TP=45 SL=10…
  47   45   45   10 |    260  27.3%   +328.65   +1.26
[48/68] Train H=45 TP=45 SL=15…
  48   45   45   15 |    222  32.4%   +436.23   +1.96
[49/68] Train H=45 TP=45 SL=20…
  49   45   45   20 |    206  39.3%   +414.47   +2.01
[50/68] Train H=45 TP=45 SL=25…
  50   45   45   25 |    189  43.4%   +230.52   +1.22
[51/68] Train H=45 TP=45 SL=30…
  51   45   45   30 |    174  47.1%   +501.45   +2.88
[52/68] Train H=60 TP=15 SL=10…
  52   60   15   10 |   2315  31.5%   -494.52   -0.21
[53/68] Train H=60 TP=20 SL=10…
  53   60   20   10 |   1838  28.4%   -385.44   -0.21
[54/68] Train H=60 TP=20 SL=15…
  54   60   20   15 |   1427  36.9%    -83.05   -0.06
[55/68] Train H=60 TP=30 SL=10…
  55   60   30   10 |   1036  24.8%    -54.66   -0.05
[56/68] Train H=60 TP=30 SL=15…
  56   60   30   15 |    820  32.3%   -333.73   -0.41
[57/68] Train H=60 TP=30 SL=20…
  57   60   30   20 |    691  37.6%   -257.69   -0.37
[58/68] Train H=60 TP=30 SL=25…
  58   60   30   25 |    618  43.0%   -168.25   -0.27
[59/68] Train H=60 TP=40 SL=10…
  59   60   40   10 |    421  24.0%   +149.90   +0.36
[60/68] Train H=60 TP=40 SL=15…
  60   60   40   15 |    368  32.1%   +370.57   +1.01
[61/68] Train H=60 TP=40 SL=20…
  61   60   40   20 |    316  35.4%    -73.58   -0.23
[62/68] Train H=60 TP=40 SL=25…
  62   60   40   25 |    302  38.4%    -77.99   -0.26
[63/68] Train H=60 TP=40 SL=30…
  63   60   40   30 |    283  43.5%   +183.48   +0.65
[64/68] Train H=60 TP=45 SL=10…
  64   60   45   10 |    314  22.3%    +61.18   +0.19
[65/68] Train H=60 TP=45 SL=15…
  65   60   45   15 |    283  29.3%    -53.51   -0.19
[66/68] Train H=60 TP=45 SL=20…
  66   60   45   20 |    258  31.8%   -439.90   -1.71
[67/68] Train H=60 TP=45 SL=25…
  67   60   45   25 |    237  36.3%   -300.66   -1.27
[68/68] Train H=60 TP=45 SL=30…
  68   60   45   30 |    225  41.3%   -185.18   -0.82

Saved -> /Users/alpha/Desktop/python/AlphaGold/runtime/sweep_reversal_wick_long_exec.csv

Top combos (≥10 trades):
 horizon  tp  sl  pattern_bars  signals  trades  win_rate  net_pnl  avg_pnl
      30  40  10        244475     2198     325      28.0   547.87     1.69
      45  45  30        244475     2416     174      47.1   501.45     2.88
      15  40  10        244475     1108     209      25.4   450.69     2.16
      45  45  15        244475     2246     222      32.4   436.23     1.96
      45  45  20        244475     2265     206      39.3   414.47     2.01
      30  45  10        244475     1283     242      26.9   382.33     1.58
      30  45  15        244475     1415     201      34.8   371.15     1.85
      60  40  15        244475     5233     368      32.1   370.57     1.01
      30  45  30        244475     1624     159      47.2   336.12     2.11
      45  45  10        244475     2031     260      27.3   328.65     1.26
      15  40  15        244475     1053     166      33.1   322.79     1.94
      30  40  30        244475     2403     201      48.8   312.97     1.56
      30  40  20        244475     2219     223      37.7   289.79     1.30
      15  45  15        244475      782     147      37.4   271.04     1.84
      30  20  10        244475    23224    1595      29.3   264.27     0.17

Best: H=30 TP=40 SL=10 → 325 trades WR=28.0% PnL=+547.9
