
--- Labels H=30 TP=20.0 SL=15.0 ---
Loading data from 2020-01-01 to 2026-05-23...
Data successfully loaded: 364578 rows.
Data loaded successfully: 364578 rows.
Features and labels prepared.
Features and labels prepared.
Adding liquidity zone indicators...
Adding liquidity zone, recovery, and equal high/low indicators...
Applying HMM Regime Filter...
Adding v14 daily range and session features...
Adding v14 multi-window features (3m, 15m, 60m)...
Adding Volume Profile features (VWAP, POC)...
Adding Time features (time_from_15m, time_from_max/min)...
Skipping 15m Price Action features
Redefining target with Horizon=30, TP=20.0, SL=15.0...
Adding pattern features (wr_120/240, cross flags)...
Pattern path: 363112 bars (no HMM/bar_move/volume filter)
Adding new directional features...
Adding moving average features...

============================================================
  breakthrough_long (long)  H=30 TP=20.0 SL=15.0  →  h30_tp20_sl15
  Samples: 1256  |  Target+: 92 (7.3%)
============================================================
  Saved /Users/alpha/Desktop/python/AlphaGold/runtime/bot_assets/wf_models_v14_patterns/breakthrough_long/h30_tp20_sl15/filter_prod.joblib (n=438)
  Cycle 1 (2025-01-03): n=0
  Cycle 2 (2025-01-17): n=0
  Cycle 3 (2025-01-31): n=0
  Cycle 4 (2025-02-14): n=0
  Cycle 5 (2025-02-28): n=0
  Cycle 6 (2025-03-14): n=0
  Cycle 7 (2025-03-28): n=0
  Cycle 8 (2025-04-11): n=0
  Cycle 9 (2025-04-25): n=0
  Cycle 10 (2025-05-09): n=0
  Cycle 11 (2025-05-23): n=49
  Cycle 12 (2025-06-06): n=75
  Cycle 13 (2025-06-20): n=103
  Cycle 14 (2025-07-04): n=113
  Cycle 15 (2025-07-18): n=121
  Cycle 16 (2025-08-01): n=134
  Cycle 17 (2025-08-15): n=137
  Cycle 18 (2025-08-29): n=145
  Cycle 19 (2025-09-12): n=170
  Cycle 20 (2025-09-26): n=193
  Cycle 21 (2025-10-10): n=255
  Cycle 22 (2025-10-24): n=339
  Cycle 23 (2025-11-07): n=400
  Cycle 24 (2025-11-21): n=466
  Cycle 25 (2025-12-05): n=514
  Cycle 26 (2025-12-19): n=555
  Cycle 27 (2026-01-02): n=613
  Cycle 28 (2026-01-16): n=665
  Cycle 29 (2026-01-30): n=762
  Cycle 30 (2026-02-13): n=850
  Cycle 31 (2026-02-27): n=930
  Cycle 32 (2026-03-13): n=991
  Cycle 33 (2026-03-27): n=1046
  Cycle 34 (2026-04-10): n=1112
  Cycle 35 (2026-04-24): n=1160
  Cycle 36 (2026-05-08): n=1219
