/Library/Frameworks/Python.framework/Versions/3.12/lib/python3.12/site-packages/xgboost/training.py:200: UserWarning: [20:25:23] WARNING: /Users/runner/work/xgboost/xgboost/src/common/error_msg.cc:56: Empty dataset at worker: 0
  bst.update(dtrain, iteration=i, fobj=obj)
=== Training AlphaGold v14 Filter Model ===
Loading data from 2020-01-01 to 2026-05-22...
Data successfully loaded: 364189 rows.
Data loaded successfully: 364189 rows.
Features and labels prepared.
Features and labels prepared.
Adding liquidity zone indicators...
Adding liquidity zone, recovery, and equal high/low indicators...
Applying HMM Regime Filter...
Adding v14 daily range and session features...
Adding v14 multi-window features (3m, 15m, 60m)...
Adding Volume Profile features (VWAP, POC)...
Adding Time features (time_from_15m, time_from_max/min)...
Adding Stage 1 momentum (ROC + acceleration)...
Skipping 15m Price Action features
Redefining target with Horizon=30, TP=30.0, SL=25.0...
Using 70 features.
Initial training set: 0 bars (up to 2025-01-03)
Saved initial PROD model to /Users/alpha/Desktop/python/AlphaGold/xgboost_filter_model/filter_model_v14_wf.joblib
Cycle 1 (2025-01-03): Training on 0 bars...
Cycle 2 (2025-01-17): Training on 0 bars...
Cycle 3 (2025-01-31): Training on 0 bars...
Cycle 4 (2025-02-14): Training on 0 bars...
Cycle 5 (2025-02-28): Training on 0 bars...
Cycle 6 (2025-03-14): Training on 0 bars...
Cycle 7 (2025-03-28): Training on 0 bars...
Cycle 8 (2025-04-11): Training on 0 bars...
Cycle 9 (2025-04-25): Training on 0 bars...
Cycle 10 (2025-05-09): Training on 0 bars...
Cycle 11 (2025-05-23): Training on 119 bars...
Cycle 12 (2025-06-06): Training on 193 bars...
Cycle 13 (2025-06-20): Training on 206 bars...
Cycle 14 (2025-07-04): Training on 230 bars...
Cycle 15 (2025-07-18): Training on 257 bars...
Cycle 16 (2025-08-01): Training on 289 bars...
Cycle 17 (2025-08-15): Training on 334 bars...
Cycle 18 (2025-08-29): Training on 347 bars...
Cycle 19 (2025-09-12): Training on 419 bars...
Cycle 20 (2025-09-26): Training on 472 bars...
Cycle 21 (2025-10-10): Training on 817 bars...
Cycle 22 (2025-10-24): Training on 2532 bars...
Cycle 23 (2025-11-07): Training on 3220 bars...
Cycle 24 (2025-11-21): Training on 3799 bars...
Cycle 25 (2025-12-05): Training on 3969 bars...
Cycle 26 (2025-12-19): Training on 4241 bars...
Cycle 27 (2026-01-02): Training on 4694 bars...
Cycle 28 (2026-01-16): Training on 5111 bars...
Cycle 29 (2026-01-30): Training on 7469 bars...
Cycle 30 (2026-02-13): Training on 9263 bars...
Cycle 31 (2026-02-27): Training on 10055 bars...
Cycle 32 (2026-03-13): Training on 12256 bars...
Cycle 33 (2026-03-27): Training on 15611 bars...
Cycle 34 (2026-04-10): Training on 17461 bars...
Cycle 35 (2026-04-24): Training on 18046 bars...
Cycle 36 (2026-05-08): Training on 18723 bars...
Walk-forward training complete.
