Sudden 3m move sweep (ret_3m > a or < -b)
Label      |    a |    b | Trades |   Win% |  Net PnL |  vs base
--------------------------------------------------------------------
Baseline (no sudden features)...
NONE       |    - |    - |    583 |  47.7% |   1612.4 |     +0.0
Train+BT a5_b5 (a=5, b=5)...
/Library/Frameworks/Python.framework/Versions/3.12/lib/python3.12/site-packages/xgboost/training.py:200: UserWarning: [21:02:01] WARNING: /Users/runner/work/xgboost/xgboost/src/common/error_msg.cc:56: Empty dataset at worker: 0
  bst.update(dtrain, iteration=i, fobj=obj)
=== Training AlphaGold v14 Filter Model ===
Loading data from 2020-01-01 to 2026-05-22...
Data successfully loaded: 364226 rows.
Data loaded successfully: 364226 rows.
Features and labels prepared.
Features and labels prepared.
Adding liquidity zone indicators...
Adding liquidity zone, recovery, and equal high/low indicators...
Applying HMM Regime Filter...
Adding v14 daily range and session features...
Adding v14 multi-window features (3m, 15m, 60m)...
Adding sudden 3m move features (rise>5, drop<-5)...
Adding Volume Profile features (VWAP, POC)...
Adding Time features (time_from_15m, time_from_max/min)...
Skipping 15m Price Action features
Redefining target with Horizon=30, TP=30.0, SL=25.0...
Using 66 features.
Initial training set: 0 bars (up to 2025-01-03)
Saved initial PROD model to /Users/alpha/Desktop/python/AlphaGold/xgboost_filter_model/filter_model_v14_wf.joblib
Cycle 1 (2025-01-03): Training on 0 bars...
Cycle 2 (2025-01-17): Training on 0 bars...
Cycle 3 (2025-01-31): Training on 0 bars...
Cycle 4 (2025-02-14): Training on 0 bars...
Cycle 5 (2025-02-28): Training on 0 bars...
Cycle 6 (2025-03-14): Training on 0 bars...
Cycle 7 (2025-03-28): Training on 0 bars...
Cycle 8 (2025-04-11): Training on 0 bars...
Cycle 9 (2025-04-25): Training on 0 bars...
Cycle 10 (2025-05-09): Training on 0 bars...
Cycle 11 (2025-05-23): Training on 119 bars...
Cycle 12 (2025-06-06): Training on 193 bars...
Cycle 13 (2025-06-20): Training on 206 bars...
Cycle 14 (2025-07-04): Training on 230 bars...
Cycle 15 (2025-07-18): Training on 257 bars...
Cycle 16 (2025-08-01): Training on 289 bars...
Cycle 17 (2025-08-15): Training on 334 bars...
Cycle 18 (2025-08-29): Training on 347 bars...
Cycle 19 (2025-09-12): Training on 419 bars...
Cycle 20 (2025-09-26): Training on 472 bars...
Cycle 21 (2025-10-10): Training on 817 bars...
Cycle 22 (2025-10-24): Training on 2532 bars...
Cycle 23 (2025-11-07): Training on 3220 bars...
Cycle 24 (2025-11-21): Training on 3799 bars...
Cycle 25 (2025-12-05): Training on 3969 bars...
Cycle 26 (2025-12-19): Training on 4241 bars...
Cycle 27 (2026-01-02): Training on 4694 bars...
Cycle 28 (2026-01-16): Training on 5111 bars...
Cycle 29 (2026-01-30): Training on 7469 bars...
Cycle 30 (2026-02-13): Training on 9263 bars...
Cycle 31 (2026-02-27): Training on 10055 bars...
Cycle 32 (2026-03-13): Training on 12256 bars...
Cycle 33 (2026-03-27): Training on 15611 bars...
Cycle 34 (2026-04-10): Training on 17461 bars...
Cycle 35 (2026-04-24): Training on 18046 bars...
Cycle 36 (2026-05-08): Training on 18723 bars...
Walk-forward training complete.
=== Training AlphaGold v14 Directional Model ===
Loading data from 2020-01-01 to 2026-05-22...
Data successfully loaded: 364226 rows.
Data loaded successfully: 364226 rows.
Features and labels prepared.
Features and labels prepared.
Adding liquidity zone indicators...
Adding liquidity zone, recovery, and equal high/low indicators...
Applying HMM Regime Filter...
Adding v14 daily range and session features...
Adding v14 multi-window features (3m, 15m, 60m)...
Adding sudden 3m move features (rise>5, drop<-5)...
Adding Volume Profile features (VWAP, POC)...
Adding Time features (time_from_15m, time_from_max/min)...
Skipping 15m Price Action features
Redefining target with Horizon=30, TP=30.0, SL=25.0...
Adding new directional features...
Adding moving average features...
Total Stage 2 training samples (trend_label=1): 4668
Using 85 features for Stage 2.
Initial training set: 0 bars (up to 2025-01-03)
Warning: Initial training set has < 2 classes. Adding dummy rows.
Saved initial PROD S2 model to /Users/alpha/Desktop/python/AlphaGold/xgboost_filter_model/directional_model_v14_wf.joblib
Cycle 1 (2025-01-03): Not enough data or classes. Skipping training.
Cycle 2 (2025-01-17): Not enough data or classes. Skipping training.
Cycle 3 (2025-01-31): Not enough data or classes. Skipping training.
Cycle 4 (2025-02-14): Not enough data or classes. Skipping training.
Cycle 5 (2025-02-28): Not enough data or classes. Skipping training.
Cycle 6 (2025-03-14): Not enough data or classes. Skipping training.
Cycle 7 (2025-03-28): Not enough data or classes. Skipping training.
Cycle 8 (2025-04-11): Not enough data or classes. Skipping training.
Cycle 9 (2025-04-25): Not enough data or classes. Skipping training.
Cycle 10 (2025-05-09): Not enough data or classes. Skipping training.
Cycle 11 (2025-05-23): Not enough data or classes. Skipping training.
Cycle 12 (2025-06-06): Not enough data or classes. Skipping training.
Cycle 13 (2025-06-20): Not enough data or classes. Skipping training.
Cycle 14 (2025-07-04): Not enough data or classes. Skipping training.
Cycle 15 (2025-07-18): Not enough data or classes. Skipping training.
Cycle 16 (2025-08-01): Not enough data or classes. Skipping training.
Cycle 17 (2025-08-15): Not enough data or classes. Skipping training.
Cycle 18 (2025-08-29): Not enough data or classes. Skipping training.
Cycle 19 (2025-09-12): Not enough data or classes. Skipping training.
Cycle 20 (2025-09-26): Not enough data or classes. Skipping training.
Cycle 21 (2025-10-10): Training on 24 bars...
Cycle 22 (2025-10-24): Training on 333 bars...
Cycle 23 (2025-11-07): Training on 362 bars...
Cycle 24 (2025-11-21): Training on 384 bars...
Cycle 25 (2025-12-05): Training on 386 bars...
Cycle 26 (2025-12-19): Training on 408 bars...
Cycle 27 (2026-01-02): Training on 475 bars...
Cycle 28 (2026-01-16): Training on 500 bars...
Cycle 29 (2026-01-30): Training on 1445 bars...
Cycle 30 (2026-02-13): Training on 2347 bars...
Cycle 31 (2026-02-27): Training on 2435 bars...
Cycle 32 (2026-03-13): Training on 3003 bars...
Cycle 33 (2026-03-27): Training on 4209 bars...
Cycle 34 (2026-04-10): Training on 4517 bars...
Cycle 35 (2026-04-24): Training on 4572 bars...
Cycle 36 (2026-05-08): Training on 4604 bars...
Walk-forward training complete.
a5_b5      |    5 |    5 |    565 |  46.5% |    637.8 |   -974.6
Train+BT a8_b8 (a=8, b=8)...
/Library/Frameworks/Python.framework/Versions/3.12/lib/python3.12/site-packages/xgboost/training.py:200: UserWarning: [21:03:24] WARNING: /Users/runner/work/xgboost/xgboost/src/common/error_msg.cc:56: Empty dataset at worker: 0
  bst.update(dtrain, iteration=i, fobj=obj)
=== Training AlphaGold v14 Filter Model ===
Loading data from 2020-01-01 to 2026-05-22...
Data successfully loaded: 364227 rows.
Data loaded successfully: 364227 rows.
Features and labels prepared.
Features and labels prepared.
Adding liquidity zone indicators...
Adding liquidity zone, recovery, and equal high/low indicators...
Applying HMM Regime Filter...
Adding v14 daily range and session features...
Adding v14 multi-window features (3m, 15m, 60m)...
Adding sudden 3m move features (rise>8, drop<-8)...
Adding Volume Profile features (VWAP, POC)...
Adding Time features (time_from_15m, time_from_max/min)...
Skipping 15m Price Action features
Redefining target with Horizon=30, TP=30.0, SL=25.0...
Using 66 features.
Initial training set: 0 bars (up to 2025-01-03)
Saved initial PROD model to /Users/alpha/Desktop/python/AlphaGold/xgboost_filter_model/filter_model_v14_wf.joblib
Cycle 1 (2025-01-03): Training on 0 bars...
Cycle 2 (2025-01-17): Training on 0 bars...
Cycle 3 (2025-01-31): Training on 0 bars...
Cycle 4 (2025-02-14): Training on 0 bars...
Cycle 5 (2025-02-28): Training on 0 bars...
Cycle 6 (2025-03-14): Training on 0 bars...
Cycle 7 (2025-03-28): Training on 0 bars...
Cycle 8 (2025-04-11): Training on 0 bars...
Cycle 9 (2025-04-25): Training on 0 bars...
Cycle 10 (2025-05-09): Training on 0 bars...
Cycle 11 (2025-05-23): Training on 119 bars...
Cycle 12 (2025-06-06): Training on 193 bars...
Cycle 13 (2025-06-20): Training on 206 bars...
Cycle 14 (2025-07-04): Training on 230 bars...
Cycle 15 (2025-07-18): Training on 257 bars...
Cycle 16 (2025-08-01): Training on 289 bars...
Cycle 17 (2025-08-15): Training on 334 bars...
Cycle 18 (2025-08-29): Training on 347 bars...
Cycle 19 (2025-09-12): Training on 419 bars...
Cycle 20 (2025-09-26): Training on 472 bars...
Cycle 21 (2025-10-10): Training on 817 bars...
Cycle 22 (2025-10-24): Training on 2532 bars...
Cycle 23 (2025-11-07): Training on 3220 bars...
Cycle 24 (2025-11-21): Training on 3799 bars...
Cycle 25 (2025-12-05): Training on 3969 bars...
Cycle 26 (2025-12-19): Training on 4241 bars...
Cycle 27 (2026-01-02): Training on 4694 bars...
Cycle 28 (2026-01-16): Training on 5111 bars...
Cycle 29 (2026-01-30): Training on 7469 bars...
Cycle 30 (2026-02-13): Training on 9263 bars...
Cycle 31 (2026-02-27): Training on 10055 bars...
Cycle 32 (2026-03-13): Training on 12256 bars...
Cycle 33 (2026-03-27): Training on 15611 bars...
Cycle 34 (2026-04-10): Training on 17461 bars...
Cycle 35 (2026-04-24): Training on 18046 bars...
Cycle 36 (2026-05-08): Training on 18723 bars...
Walk-forward training complete.
=== Training AlphaGold v14 Directional Model ===
Loading data from 2020-01-01 to 2026-05-22...
Data successfully loaded: 364228 rows.
Data loaded successfully: 364228 rows.
Features and labels prepared.
Features and labels prepared.
Adding liquidity zone indicators...
Adding liquidity zone, recovery, and equal high/low indicators...
Applying HMM Regime Filter...
Adding v14 daily range and session features...
Adding v14 multi-window features (3m, 15m, 60m)...
Adding sudden 3m move features (rise>8, drop<-8)...
Adding Volume Profile features (VWAP, POC)...
Adding Time features (time_from_15m, time_from_max/min)...
Skipping 15m Price Action features
Redefining target with Horizon=30, TP=30.0, SL=25.0...
Adding new directional features...
Adding moving average features...
Total Stage 2 training samples (trend_label=1): 4668
Using 85 features for Stage 2.
Initial training set: 0 bars (up to 2025-01-03)
Warning: Initial training set has < 2 classes. Adding dummy rows.
Saved initial PROD S2 model to /Users/alpha/Desktop/python/AlphaGold/xgboost_filter_model/directional_model_v14_wf.joblib
Cycle 1 (2025-01-03): Not enough data or classes. Skipping training.
Cycle 2 (2025-01-17): Not enough data or classes. Skipping training.
Cycle 3 (2025-01-31): Not enough data or classes. Skipping training.
Cycle 4 (2025-02-14): Not enough data or classes. Skipping training.
Cycle 5 (2025-02-28): Not enough data or classes. Skipping training.
Cycle 6 (2025-03-14): Not enough data or classes. Skipping training.
Cycle 7 (2025-03-28): Not enough data or classes. Skipping training.
Cycle 8 (2025-04-11): Not enough data or classes. Skipping training.
Cycle 9 (2025-04-25): Not enough data or classes. Skipping training.
Cycle 10 (2025-05-09): Not enough data or classes. Skipping training.
Cycle 11 (2025-05-23): Not enough data or classes. Skipping training.
Cycle 12 (2025-06-06): Not enough data or classes. Skipping training.
Cycle 13 (2025-06-20): Not enough data or classes. Skipping training.
Cycle 14 (2025-07-04): Not enough data or classes. Skipping training.
Cycle 15 (2025-07-18): Not enough data or classes. Skipping training.
Cycle 16 (2025-08-01): Not enough data or classes. Skipping training.
Cycle 17 (2025-08-15): Not enough data or classes. Skipping training.
Cycle 18 (2025-08-29): Not enough data or classes. Skipping training.
Cycle 19 (2025-09-12): Not enough data or classes. Skipping training.
Cycle 20 (2025-09-26): Not enough data or classes. Skipping training.
Cycle 21 (2025-10-10): Training on 24 bars...
Cycle 22 (2025-10-24): Training on 333 bars...
Cycle 23 (2025-11-07): Training on 362 bars...
Cycle 24 (2025-11-21): Training on 384 bars...
Cycle 25 (2025-12-05): Training on 386 bars...
Cycle 26 (2025-12-19): Training on 408 bars...
Cycle 27 (2026-01-02): Training on 475 bars...
Cycle 28 (2026-01-16): Training on 500 bars...
Cycle 29 (2026-01-30): Training on 1445 bars...
Cycle 30 (2026-02-13): Training on 2347 bars...
Cycle 31 (2026-02-27): Training on 2435 bars...
Cycle 32 (2026-03-13): Training on 3003 bars...
Cycle 33 (2026-03-27): Training on 4209 bars...
Cycle 34 (2026-04-10): Training on 4517 bars...
Cycle 35 (2026-04-24): Training on 4572 bars...
Cycle 36 (2026-05-08): Training on 4604 bars...
Walk-forward training complete.
a8_b8      |    8 |    8 |    600 |  46.0% |    811.3 |   -801.1
Train+BT a10_b10 (a=10, b=10)...
/Library/Frameworks/Python.framework/Versions/3.12/lib/python3.12/site-packages/xgboost/training.py:200: UserWarning: [21:04:47] WARNING: /Users/runner/work/xgboost/xgboost/src/common/error_msg.cc:56: Empty dataset at worker: 0
  bst.update(dtrain, iteration=i, fobj=obj)
=== Training AlphaGold v14 Filter Model ===
Loading data from 2020-01-01 to 2026-05-22...
Data successfully loaded: 364228 rows.
Data loaded successfully: 364228 rows.
Features and labels prepared.
Features and labels prepared.
Adding liquidity zone indicators...
Adding liquidity zone, recovery, and equal high/low indicators...
Applying HMM Regime Filter...
Adding v14 daily range and session features...
Adding v14 multi-window features (3m, 15m, 60m)...
Adding sudden 3m move features (rise>10, drop<-10)...
Adding Volume Profile features (VWAP, POC)...
Adding Time features (time_from_15m, time_from_max/min)...
Skipping 15m Price Action features
Redefining target with Horizon=30, TP=30.0, SL=25.0...
Using 66 features.
Initial training set: 0 bars (up to 2025-01-03)
Saved initial PROD model to /Users/alpha/Desktop/python/AlphaGold/xgboost_filter_model/filter_model_v14_wf.joblib
Cycle 1 (2025-01-03): Training on 0 bars...
Cycle 2 (2025-01-17): Training on 0 bars...
Cycle 3 (2025-01-31): Training on 0 bars...
Cycle 4 (2025-02-14): Training on 0 bars...
Cycle 5 (2025-02-28): Training on 0 bars...
Cycle 6 (2025-03-14): Training on 0 bars...
Cycle 7 (2025-03-28): Training on 0 bars...
Cycle 8 (2025-04-11): Training on 0 bars...
Cycle 9 (2025-04-25): Training on 0 bars...
Cycle 10 (2025-05-09): Training on 0 bars...
Cycle 11 (2025-05-23): Training on 119 bars...
Cycle 12 (2025-06-06): Training on 193 bars...
Cycle 13 (2025-06-20): Training on 206 bars...
Cycle 14 (2025-07-04): Training on 230 bars...
Cycle 15 (2025-07-18): Training on 257 bars...
Cycle 16 (2025-08-01): Training on 289 bars...
Cycle 17 (2025-08-15): Training on 334 bars...
Cycle 18 (2025-08-29): Training on 347 bars...
Cycle 19 (2025-09-12): Training on 419 bars...
Cycle 20 (2025-09-26): Training on 472 bars...
Cycle 21 (2025-10-10): Training on 817 bars...
Cycle 22 (2025-10-24): Training on 2532 bars...
Cycle 23 (2025-11-07): Training on 3220 bars...
Cycle 24 (2025-11-21): Training on 3799 bars...
Cycle 25 (2025-12-05): Training on 3969 bars...
Cycle 26 (2025-12-19): Training on 4241 bars...
Cycle 27 (2026-01-02): Training on 4694 bars...
Cycle 28 (2026-01-16): Training on 5111 bars...
Cycle 29 (2026-01-30): Training on 7469 bars...
Cycle 30 (2026-02-13): Training on 9263 bars...
Cycle 31 (2026-02-27): Training on 10055 bars...
Cycle 32 (2026-03-13): Training on 12256 bars...
Cycle 33 (2026-03-27): Training on 15611 bars...
Cycle 34 (2026-04-10): Training on 17461 bars...
Cycle 35 (2026-04-24): Training on 18046 bars...
Cycle 36 (2026-05-08): Training on 18723 bars...
Walk-forward training complete.
=== Training AlphaGold v14 Directional Model ===
Loading data from 2020-01-01 to 2026-05-22...
Data successfully loaded: 364229 rows.
Data loaded successfully: 364229 rows.
Features and labels prepared.
Features and labels prepared.
Adding liquidity zone indicators...
Adding liquidity zone, recovery, and equal high/low indicators...
Applying HMM Regime Filter...
Adding v14 daily range and session features...
Adding v14 multi-window features (3m, 15m, 60m)...
Adding sudden 3m move features (rise>10, drop<-10)...
Adding Volume Profile features (VWAP, POC)...
Adding Time features (time_from_15m, time_from_max/min)...
Skipping 15m Price Action features
Redefining target with Horizon=30, TP=30.0, SL=25.0...
Adding new directional features...
Adding moving average features...
Total Stage 2 training samples (trend_label=1): 4668
Using 85 features for Stage 2.
Initial training set: 0 bars (up to 2025-01-03)
Warning: Initial training set has < 2 classes. Adding dummy rows.
Saved initial PROD S2 model to /Users/alpha/Desktop/python/AlphaGold/xgboost_filter_model/directional_model_v14_wf.joblib
Cycle 1 (2025-01-03): Not enough data or classes. Skipping training.
Cycle 2 (2025-01-17): Not enough data or classes. Skipping training.
Cycle 3 (2025-01-31): Not enough data or classes. Skipping training.
Cycle 4 (2025-02-14): Not enough data or classes. Skipping training.
Cycle 5 (2025-02-28): Not enough data or classes. Skipping training.
Cycle 6 (2025-03-14): Not enough data or classes. Skipping training.
Cycle 7 (2025-03-28): Not enough data or classes. Skipping training.
Cycle 8 (2025-04-11): Not enough data or classes. Skipping training.
Cycle 9 (2025-04-25): Not enough data or classes. Skipping training.
Cycle 10 (2025-05-09): Not enough data or classes. Skipping training.
Cycle 11 (2025-05-23): Not enough data or classes. Skipping training.
Cycle 12 (2025-06-06): Not enough data or classes. Skipping training.
Cycle 13 (2025-06-20): Not enough data or classes. Skipping training.
Cycle 14 (2025-07-04): Not enough data or classes. Skipping training.
Cycle 15 (2025-07-18): Not enough data or classes. Skipping training.
Cycle 16 (2025-08-01): Not enough data or classes. Skipping training.
Cycle 17 (2025-08-15): Not enough data or classes. Skipping training.
Cycle 18 (2025-08-29): Not enough data or classes. Skipping training.
Cycle 19 (2025-09-12): Not enough data or classes. Skipping training.
Cycle 20 (2025-09-26): Not enough data or classes. Skipping training.
Cycle 21 (2025-10-10): Training on 24 bars...
Cycle 22 (2025-10-24): Training on 333 bars...
Cycle 23 (2025-11-07): Training on 362 bars...
Cycle 24 (2025-11-21): Training on 384 bars...
Cycle 25 (2025-12-05): Training on 386 bars...
Cycle 26 (2025-12-19): Training on 408 bars...
Cycle 27 (2026-01-02): Training on 475 bars...
Cycle 28 (2026-01-16): Training on 500 bars...
Cycle 29 (2026-01-30): Training on 1445 bars...
Cycle 30 (2026-02-13): Training on 2347 bars...
Cycle 31 (2026-02-27): Training on 2435 bars...
Cycle 32 (2026-03-13): Training on 3003 bars...
Cycle 33 (2026-03-27): Training on 4209 bars...
Cycle 34 (2026-04-10): Training on 4517 bars...
Cycle 35 (2026-04-24): Training on 4572 bars...
Cycle 36 (2026-05-08): Training on 4604 bars...
Walk-forward training complete.
a10_b10    |   10 |   10 |    597 |  45.9% |    720.2 |   -892.2
Train+BT a12_b12 (a=12, b=12)...
/Library/Frameworks/Python.framework/Versions/3.12/lib/python3.12/site-packages/xgboost/training.py:200: UserWarning: [21:06:10] WARNING: /Users/runner/work/xgboost/xgboost/src/common/error_msg.cc:56: Empty dataset at worker: 0
  bst.update(dtrain, iteration=i, fobj=obj)
=== Training AlphaGold v14 Filter Model ===
Loading data from 2020-01-01 to 2026-05-22...
Data successfully loaded: 364230 rows.
Data loaded successfully: 364230 rows.
Features and labels prepared.
Features and labels prepared.
Adding liquidity zone indicators...
Adding liquidity zone, recovery, and equal high/low indicators...
Applying HMM Regime Filter...
Adding v14 daily range and session features...
Adding v14 multi-window features (3m, 15m, 60m)...
Adding sudden 3m move features (rise>12, drop<-12)...
Adding Volume Profile features (VWAP, POC)...
Adding Time features (time_from_15m, time_from_max/min)...
Skipping 15m Price Action features
Redefining target with Horizon=30, TP=30.0, SL=25.0...
Using 66 features.
Initial training set: 0 bars (up to 2025-01-03)
Saved initial PROD model to /Users/alpha/Desktop/python/AlphaGold/xgboost_filter_model/filter_model_v14_wf.joblib
Cycle 1 (2025-01-03): Training on 0 bars...
Cycle 2 (2025-01-17): Training on 0 bars...
Cycle 3 (2025-01-31): Training on 0 bars...
Cycle 4 (2025-02-14): Training on 0 bars...
Cycle 5 (2025-02-28): Training on 0 bars...
Cycle 6 (2025-03-14): Training on 0 bars...
Cycle 7 (2025-03-28): Training on 0 bars...
Cycle 8 (2025-04-11): Training on 0 bars...
Cycle 9 (2025-04-25): Training on 0 bars...
Cycle 10 (2025-05-09): Training on 0 bars...
Cycle 11 (2025-05-23): Training on 119 bars...
Cycle 12 (2025-06-06): Training on 193 bars...
Cycle 13 (2025-06-20): Training on 206 bars...
Cycle 14 (2025-07-04): Training on 230 bars...
Cycle 15 (2025-07-18): Training on 257 bars...
Cycle 16 (2025-08-01): Training on 289 bars...
Cycle 17 (2025-08-15): Training on 334 bars...
Cycle 18 (2025-08-29): Training on 347 bars...
Cycle 19 (2025-09-12): Training on 419 bars...
Cycle 20 (2025-09-26): Training on 472 bars...
Cycle 21 (2025-10-10): Training on 817 bars...
Cycle 22 (2025-10-24): Training on 2532 bars...
Cycle 23 (2025-11-07): Training on 3220 bars...
Cycle 24 (2025-11-21): Training on 3799 bars...
Cycle 25 (2025-12-05): Training on 3969 bars...
Cycle 26 (2025-12-19): Training on 4241 bars...
Cycle 27 (2026-01-02): Training on 4694 bars...
Cycle 28 (2026-01-16): Training on 5111 bars...
Cycle 29 (2026-01-30): Training on 7469 bars...
Cycle 30 (2026-02-13): Training on 9263 bars...
Cycle 31 (2026-02-27): Training on 10055 bars...
Cycle 32 (2026-03-13): Training on 12256 bars...
Cycle 33 (2026-03-27): Training on 15611 bars...
Cycle 34 (2026-04-10): Training on 17461 bars...
Cycle 35 (2026-04-24): Training on 18046 bars...
Cycle 36 (2026-05-08): Training on 18723 bars...
Walk-forward training complete.
=== Training AlphaGold v14 Directional Model ===
Loading data from 2020-01-01 to 2026-05-22...
Data successfully loaded: 364230 rows.
Data loaded successfully: 364230 rows.
Features and labels prepared.
Features and labels prepared.
Adding liquidity zone indicators...
Adding liquidity zone, recovery, and equal high/low indicators...
Applying HMM Regime Filter...
Adding v14 daily range and session features...
Adding v14 multi-window features (3m, 15m, 60m)...
Adding sudden 3m move features (rise>12, drop<-12)...
Adding Volume Profile features (VWAP, POC)...
Adding Time features (time_from_15m, time_from_max/min)...
Skipping 15m Price Action features
Redefining target with Horizon=30, TP=30.0, SL=25.0...
Adding new directional features...
Adding moving average features...
Total Stage 2 training samples (trend_label=1): 4668
Using 85 features for Stage 2.
Initial training set: 0 bars (up to 2025-01-03)
Warning: Initial training set has < 2 classes. Adding dummy rows.
Saved initial PROD S2 model to /Users/alpha/Desktop/python/AlphaGold/xgboost_filter_model/directional_model_v14_wf.joblib
Cycle 1 (2025-01-03): Not enough data or classes. Skipping training.
Cycle 2 (2025-01-17): Not enough data or classes. Skipping training.
Cycle 3 (2025-01-31): Not enough data or classes. Skipping training.
Cycle 4 (2025-02-14): Not enough data or classes. Skipping training.
Cycle 5 (2025-02-28): Not enough data or classes. Skipping training.
Cycle 6 (2025-03-14): Not enough data or classes. Skipping training.
Cycle 7 (2025-03-28): Not enough data or classes. Skipping training.
Cycle 8 (2025-04-11): Not enough data or classes. Skipping training.
Cycle 9 (2025-04-25): Not enough data or classes. Skipping training.
Cycle 10 (2025-05-09): Not enough data or classes. Skipping training.
Cycle 11 (2025-05-23): Not enough data or classes. Skipping training.
Cycle 12 (2025-06-06): Not enough data or classes. Skipping training.
Cycle 13 (2025-06-20): Not enough data or classes. Skipping training.
Cycle 14 (2025-07-04): Not enough data or classes. Skipping training.
Cycle 15 (2025-07-18): Not enough data or classes. Skipping training.
Cycle 16 (2025-08-01): Not enough data or classes. Skipping training.
Cycle 17 (2025-08-15): Not enough data or classes. Skipping training.
Cycle 18 (2025-08-29): Not enough data or classes. Skipping training.
Cycle 19 (2025-09-12): Not enough data or classes. Skipping training.
Cycle 20 (2025-09-26): Not enough data or classes. Skipping training.
Cycle 21 (2025-10-10): Training on 24 bars...
Cycle 22 (2025-10-24): Training on 333 bars...
Cycle 23 (2025-11-07): Training on 362 bars...
Cycle 24 (2025-11-21): Training on 384 bars...
Cycle 25 (2025-12-05): Training on 386 bars...
Cycle 26 (2025-12-19): Training on 408 bars...
Cycle 27 (2026-01-02): Training on 475 bars...
Cycle 28 (2026-01-16): Training on 500 bars...
Cycle 29 (2026-01-30): Training on 1445 bars...
Cycle 30 (2026-02-13): Training on 2347 bars...
Cycle 31 (2026-02-27): Training on 2435 bars...
Cycle 32 (2026-03-13): Training on 3003 bars...
Cycle 33 (2026-03-27): Training on 4209 bars...
Cycle 34 (2026-04-10): Training on 4517 bars...
Cycle 35 (2026-04-24): Training on 4572 bars...
Cycle 36 (2026-05-08): Training on 4604 bars...
Walk-forward training complete.
a12_b12    |   12 |   12 |    592 |  44.6% |    243.5 |  -1368.9
Train+BT a15_b15 (a=15, b=15)...
/Library/Frameworks/Python.framework/Versions/3.12/lib/python3.12/site-packages/xgboost/training.py:200: UserWarning: [21:07:34] WARNING: /Users/runner/work/xgboost/xgboost/src/common/error_msg.cc:56: Empty dataset at worker: 0
  bst.update(dtrain, iteration=i, fobj=obj)
=== Training AlphaGold v14 Filter Model ===
Loading data from 2020-01-01 to 2026-05-22...
Data successfully loaded: 364231 rows.
Data loaded successfully: 364231 rows.
Features and labels prepared.
Features and labels prepared.
Adding liquidity zone indicators...
Adding liquidity zone, recovery, and equal high/low indicators...
Applying HMM Regime Filter...
Adding v14 daily range and session features...
Adding v14 multi-window features (3m, 15m, 60m)...
Adding sudden 3m move features (rise>15, drop<-15)...
Adding Volume Profile features (VWAP, POC)...
Adding Time features (time_from_15m, time_from_max/min)...
Skipping 15m Price Action features
Redefining target with Horizon=30, TP=30.0, SL=25.0...
Using 66 features.
Initial training set: 0 bars (up to 2025-01-03)
Saved initial PROD model to /Users/alpha/Desktop/python/AlphaGold/xgboost_filter_model/filter_model_v14_wf.joblib
Cycle 1 (2025-01-03): Training on 0 bars...
Cycle 2 (2025-01-17): Training on 0 bars...
Cycle 3 (2025-01-31): Training on 0 bars...
Cycle 4 (2025-02-14): Training on 0 bars...
Cycle 5 (2025-02-28): Training on 0 bars...
Cycle 6 (2025-03-14): Training on 0 bars...
Cycle 7 (2025-03-28): Training on 0 bars...
Cycle 8 (2025-04-11): Training on 0 bars...
Cycle 9 (2025-04-25): Training on 0 bars...
Cycle 10 (2025-05-09): Training on 0 bars...
Cycle 11 (2025-05-23): Training on 119 bars...
Cycle 12 (2025-06-06): Training on 193 bars...
Cycle 13 (2025-06-20): Training on 206 bars...
Cycle 14 (2025-07-04): Training on 230 bars...
Cycle 15 (2025-07-18): Training on 257 bars...
Cycle 16 (2025-08-01): Training on 289 bars...
Cycle 17 (2025-08-15): Training on 334 bars...
Cycle 18 (2025-08-29): Training on 347 bars...
Cycle 19 (2025-09-12): Training on 419 bars...
Cycle 20 (2025-09-26): Training on 472 bars...
Cycle 21 (2025-10-10): Training on 817 bars...
Cycle 22 (2025-10-24): Training on 2532 bars...
Cycle 23 (2025-11-07): Training on 3220 bars...
Cycle 24 (2025-11-21): Training on 3799 bars...
Cycle 25 (2025-12-05): Training on 3969 bars...
Cycle 26 (2025-12-19): Training on 4241 bars...
Cycle 27 (2026-01-02): Training on 4694 bars...
Cycle 28 (2026-01-16): Training on 5111 bars...
Cycle 29 (2026-01-30): Training on 7469 bars...
Cycle 30 (2026-02-13): Training on 9263 bars...
Cycle 31 (2026-02-27): Training on 10055 bars...
Cycle 32 (2026-03-13): Training on 12256 bars...
Cycle 33 (2026-03-27): Training on 15611 bars...
Cycle 34 (2026-04-10): Training on 17461 bars...
Cycle 35 (2026-04-24): Training on 18046 bars...
Cycle 36 (2026-05-08): Training on 18723 bars...
Walk-forward training complete.
=== Training AlphaGold v14 Directional Model ===
Loading data from 2020-01-01 to 2026-05-22...
Data successfully loaded: 364232 rows.
Data loaded successfully: 364232 rows.
Features and labels prepared.
Features and labels prepared.
Adding liquidity zone indicators...
Adding liquidity zone, recovery, and equal high/low indicators...
Applying HMM Regime Filter...
Adding v14 daily range and session features...
Adding v14 multi-window features (3m, 15m, 60m)...
Adding sudden 3m move features (rise>15, drop<-15)...
Adding Volume Profile features (VWAP, POC)...
Adding Time features (time_from_15m, time_from_max/min)...
Skipping 15m Price Action features
Redefining target with Horizon=30, TP=30.0, SL=25.0...
Adding new directional features...
Adding moving average features...
Total Stage 2 training samples (trend_label=1): 4668
Using 85 features for Stage 2.
Initial training set: 0 bars (up to 2025-01-03)
Warning: Initial training set has < 2 classes. Adding dummy rows.
Saved initial PROD S2 model to /Users/alpha/Desktop/python/AlphaGold/xgboost_filter_model/directional_model_v14_wf.joblib
Cycle 1 (2025-01-03): Not enough data or classes. Skipping training.
Cycle 2 (2025-01-17): Not enough data or classes. Skipping training.
Cycle 3 (2025-01-31): Not enough data or classes. Skipping training.
Cycle 4 (2025-02-14): Not enough data or classes. Skipping training.
Cycle 5 (2025-02-28): Not enough data or classes. Skipping training.
Cycle 6 (2025-03-14): Not enough data or classes. Skipping training.
Cycle 7 (2025-03-28): Not enough data or classes. Skipping training.
Cycle 8 (2025-04-11): Not enough data or classes. Skipping training.
Cycle 9 (2025-04-25): Not enough data or classes. Skipping training.
Cycle 10 (2025-05-09): Not enough data or classes. Skipping training.
Cycle 11 (2025-05-23): Not enough data or classes. Skipping training.
Cycle 12 (2025-06-06): Not enough data or classes. Skipping training.
Cycle 13 (2025-06-20): Not enough data or classes. Skipping training.
Cycle 14 (2025-07-04): Not enough data or classes. Skipping training.
Cycle 15 (2025-07-18): Not enough data or classes. Skipping training.
Cycle 16 (2025-08-01): Not enough data or classes. Skipping training.
Cycle 17 (2025-08-15): Not enough data or classes. Skipping training.
Cycle 18 (2025-08-29): Not enough data or classes. Skipping training.
Cycle 19 (2025-09-12): Not enough data or classes. Skipping training.
Cycle 20 (2025-09-26): Not enough data or classes. Skipping training.
Cycle 21 (2025-10-10): Training on 24 bars...
Cycle 22 (2025-10-24): Training on 333 bars...
Cycle 23 (2025-11-07): Training on 362 bars...
Cycle 24 (2025-11-21): Training on 384 bars...
Cycle 25 (2025-12-05): Training on 386 bars...
Cycle 26 (2025-12-19): Training on 408 bars...
Cycle 27 (2026-01-02): Training on 475 bars...
Cycle 28 (2026-01-16): Training on 500 bars...
Cycle 29 (2026-01-30): Training on 1445 bars...
Cycle 30 (2026-02-13): Training on 2347 bars...
Cycle 31 (2026-02-27): Training on 2435 bars...
Cycle 32 (2026-03-13): Training on 3003 bars...
Cycle 33 (2026-03-27): Training on 4209 bars...
Cycle 34 (2026-04-10): Training on 4517 bars...
Cycle 35 (2026-04-24): Training on 4572 bars...
Cycle 36 (2026-05-08): Training on 4604 bars...
Walk-forward training complete.
a15_b15    |   15 |   15 |    589 |  43.5% |    459.2 |  -1153.2
Train+BT a10_b15 (a=10, b=15)...
/Library/Frameworks/Python.framework/Versions/3.12/lib/python3.12/site-packages/xgboost/training.py:200: UserWarning: [21:08:57] WARNING: /Users/runner/work/xgboost/xgboost/src/common/error_msg.cc:56: Empty dataset at worker: 0
  bst.update(dtrain, iteration=i, fobj=obj)
=== Training AlphaGold v14 Filter Model ===
Loading data from 2020-01-01 to 2026-05-22...
Data successfully loaded: 364233 rows.
Data loaded successfully: 364233 rows.
Features and labels prepared.
Features and labels prepared.
Adding liquidity zone indicators...
Adding liquidity zone, recovery, and equal high/low indicators...
Applying HMM Regime Filter...
Adding v14 daily range and session features...
Adding v14 multi-window features (3m, 15m, 60m)...
Adding sudden 3m move features (rise>10, drop<-15)...
Adding Volume Profile features (VWAP, POC)...
Adding Time features (time_from_15m, time_from_max/min)...
Skipping 15m Price Action features
Redefining target with Horizon=30, TP=30.0, SL=25.0...
Using 66 features.
Initial training set: 0 bars (up to 2025-01-03)
Saved initial PROD model to /Users/alpha/Desktop/python/AlphaGold/xgboost_filter_model/filter_model_v14_wf.joblib
Cycle 1 (2025-01-03): Training on 0 bars...
Cycle 2 (2025-01-17): Training on 0 bars...
Cycle 3 (2025-01-31): Training on 0 bars...
Cycle 4 (2025-02-14): Training on 0 bars...
Cycle 5 (2025-02-28): Training on 0 bars...
Cycle 6 (2025-03-14): Training on 0 bars...
Cycle 7 (2025-03-28): Training on 0 bars...
Cycle 8 (2025-04-11): Training on 0 bars...
Cycle 9 (2025-04-25): Training on 0 bars...
Cycle 10 (2025-05-09): Training on 0 bars...
Cycle 11 (2025-05-23): Training on 119 bars...
Cycle 12 (2025-06-06): Training on 193 bars...
Cycle 13 (2025-06-20): Training on 206 bars...
Cycle 14 (2025-07-04): Training on 230 bars...
Cycle 15 (2025-07-18): Training on 257 bars...
Cycle 16 (2025-08-01): Training on 289 bars...
Cycle 17 (2025-08-15): Training on 334 bars...
Cycle 18 (2025-08-29): Training on 347 bars...
Cycle 19 (2025-09-12): Training on 419 bars...
Cycle 20 (2025-09-26): Training on 472 bars...
Cycle 21 (2025-10-10): Training on 817 bars...
Cycle 22 (2025-10-24): Training on 2532 bars...
Cycle 23 (2025-11-07): Training on 3220 bars...
Cycle 24 (2025-11-21): Training on 3799 bars...
Cycle 25 (2025-12-05): Training on 3969 bars...
Cycle 26 (2025-12-19): Training on 4241 bars...
Cycle 27 (2026-01-02): Training on 4694 bars...
Cycle 28 (2026-01-16): Training on 5111 bars...
Cycle 29 (2026-01-30): Training on 7469 bars...
Cycle 30 (2026-02-13): Training on 9263 bars...
Cycle 31 (2026-02-27): Training on 10055 bars...
Cycle 32 (2026-03-13): Training on 12256 bars...
Cycle 33 (2026-03-27): Training on 15611 bars...
Cycle 34 (2026-04-10): Training on 17461 bars...
Cycle 35 (2026-04-24): Training on 18046 bars...
Cycle 36 (2026-05-08): Training on 18723 bars...
Walk-forward training complete.
=== Training AlphaGold v14 Directional Model ===
Loading data from 2020-01-01 to 2026-05-22...
Data successfully loaded: 364233 rows.
Data loaded successfully: 364233 rows.
Features and labels prepared.
Features and labels prepared.
Adding liquidity zone indicators...
Adding liquidity zone, recovery, and equal high/low indicators...
Applying HMM Regime Filter...
Adding v14 daily range and session features...
Adding v14 multi-window features (3m, 15m, 60m)...
Adding sudden 3m move features (rise>10, drop<-15)...
Adding Volume Profile features (VWAP, POC)...
Adding Time features (time_from_15m, time_from_max/min)...
Skipping 15m Price Action features
Redefining target with Horizon=30, TP=30.0, SL=25.0...
Adding new directional features...
Adding moving average features...
Total Stage 2 training samples (trend_label=1): 4668
Using 85 features for Stage 2.
Initial training set: 0 bars (up to 2025-01-03)
Warning: Initial training set has < 2 classes. Adding dummy rows.
Saved initial PROD S2 model to /Users/alpha/Desktop/python/AlphaGold/xgboost_filter_model/directional_model_v14_wf.joblib
Cycle 1 (2025-01-03): Not enough data or classes. Skipping training.
Cycle 2 (2025-01-17): Not enough data or classes. Skipping training.
Cycle 3 (2025-01-31): Not enough data or classes. Skipping training.
Cycle 4 (2025-02-14): Not enough data or classes. Skipping training.
Cycle 5 (2025-02-28): Not enough data or classes. Skipping training.
Cycle 6 (2025-03-14): Not enough data or classes. Skipping training.
Cycle 7 (2025-03-28): Not enough data or classes. Skipping training.
Cycle 8 (2025-04-11): Not enough data or classes. Skipping training.
Cycle 9 (2025-04-25): Not enough data or classes. Skipping training.
Cycle 10 (2025-05-09): Not enough data or classes. Skipping training.
Cycle 11 (2025-05-23): Not enough data or classes. Skipping training.
Cycle 12 (2025-06-06): Not enough data or classes. Skipping training.
Cycle 13 (2025-06-20): Not enough data or classes. Skipping training.
Cycle 14 (2025-07-04): Not enough data or classes. Skipping training.
Cycle 15 (2025-07-18): Not enough data or classes. Skipping training.
Cycle 16 (2025-08-01): Not enough data or classes. Skipping training.
Cycle 17 (2025-08-15): Not enough data or classes. Skipping training.
Cycle 18 (2025-08-29): Not enough data or classes. Skipping training.
Cycle 19 (2025-09-12): Not enough data or classes. Skipping training.
Cycle 20 (2025-09-26): Not enough data or classes. Skipping training.
Cycle 21 (2025-10-10): Training on 24 bars...
Cycle 22 (2025-10-24): Training on 333 bars...
Cycle 23 (2025-11-07): Training on 362 bars...
Cycle 24 (2025-11-21): Training on 384 bars...
Cycle 25 (2025-12-05): Training on 386 bars...
Cycle 26 (2025-12-19): Training on 408 bars...
Cycle 27 (2026-01-02): Training on 475 bars...
Cycle 28 (2026-01-16): Training on 500 bars...
Cycle 29 (2026-01-30): Training on 1445 bars...
Cycle 30 (2026-02-13): Training on 2347 bars...
Cycle 31 (2026-02-27): Training on 2435 bars...
Cycle 32 (2026-03-13): Training on 3003 bars...
Cycle 33 (2026-03-27): Training on 4209 bars...
Cycle 34 (2026-04-10): Training on 4517 bars...
Cycle 35 (2026-04-24): Training on 4572 bars...
Cycle 36 (2026-05-08): Training on 4604 bars...
Walk-forward training complete.
a10_b15    |   10 |   15 |    589 |  45.7% |    730.6 |   -881.8
Train+BT a15_b10 (a=15, b=10)...
/Library/Frameworks/Python.framework/Versions/3.12/lib/python3.12/site-packages/xgboost/training.py:200: UserWarning: [21:10:20] WARNING: /Users/runner/work/xgboost/xgboost/src/common/error_msg.cc:56: Empty dataset at worker: 0
  bst.update(dtrain, iteration=i, fobj=obj)
=== Training AlphaGold v14 Filter Model ===
Loading data from 2020-01-01 to 2026-05-22...
Data successfully loaded: 364234 rows.
Data loaded successfully: 364234 rows.
Features and labels prepared.
Features and labels prepared.
Adding liquidity zone indicators...
Adding liquidity zone, recovery, and equal high/low indicators...
Applying HMM Regime Filter...
Adding v14 daily range and session features...
Adding v14 multi-window features (3m, 15m, 60m)...
Adding sudden 3m move features (rise>15, drop<-10)...
Adding Volume Profile features (VWAP, POC)...
Adding Time features (time_from_15m, time_from_max/min)...
Skipping 15m Price Action features
Redefining target with Horizon=30, TP=30.0, SL=25.0...
Using 66 features.
Initial training set: 0 bars (up to 2025-01-03)
Saved initial PROD model to /Users/alpha/Desktop/python/AlphaGold/xgboost_filter_model/filter_model_v14_wf.joblib
Cycle 1 (2025-01-03): Training on 0 bars...
Cycle 2 (2025-01-17): Training on 0 bars...
Cycle 3 (2025-01-31): Training on 0 bars...
Cycle 4 (2025-02-14): Training on 0 bars...
Cycle 5 (2025-02-28): Training on 0 bars...
Cycle 6 (2025-03-14): Training on 0 bars...
Cycle 7 (2025-03-28): Training on 0 bars...
Cycle 8 (2025-04-11): Training on 0 bars...
Cycle 9 (2025-04-25): Training on 0 bars...
Cycle 10 (2025-05-09): Training on 0 bars...
Cycle 11 (2025-05-23): Training on 119 bars...
Cycle 12 (2025-06-06): Training on 193 bars...
Cycle 13 (2025-06-20): Training on 206 bars...
Cycle 14 (2025-07-04): Training on 230 bars...
Cycle 15 (2025-07-18): Training on 257 bars...
Cycle 16 (2025-08-01): Training on 289 bars...
Cycle 17 (2025-08-15): Training on 334 bars...
Cycle 18 (2025-08-29): Training on 347 bars...
Cycle 19 (2025-09-12): Training on 419 bars...
Cycle 20 (2025-09-26): Training on 472 bars...
Cycle 21 (2025-10-10): Training on 817 bars...
Cycle 22 (2025-10-24): Training on 2532 bars...
Cycle 23 (2025-11-07): Training on 3220 bars...
Cycle 24 (2025-11-21): Training on 3799 bars...
Cycle 25 (2025-12-05): Training on 3969 bars...
Cycle 26 (2025-12-19): Training on 4241 bars...
Cycle 27 (2026-01-02): Training on 4694 bars...
Cycle 28 (2026-01-16): Training on 5111 bars...
Cycle 29 (2026-01-30): Training on 7469 bars...
Cycle 30 (2026-02-13): Training on 9263 bars...
Cycle 31 (2026-02-27): Training on 10055 bars...
Cycle 32 (2026-03-13): Training on 12256 bars...
Cycle 33 (2026-03-27): Training on 15611 bars...
Cycle 34 (2026-04-10): Training on 17461 bars...
Cycle 35 (2026-04-24): Training on 18046 bars...
Cycle 36 (2026-05-08): Training on 18723 bars...
Walk-forward training complete.
=== Training AlphaGold v14 Directional Model ===
Loading data from 2020-01-01 to 2026-05-22...
Data successfully loaded: 364234 rows.
Data loaded successfully: 364234 rows.
Features and labels prepared.
Features and labels prepared.
Adding liquidity zone indicators...
Adding liquidity zone, recovery, and equal high/low indicators...
Applying HMM Regime Filter...
Adding v14 daily range and session features...
Adding v14 multi-window features (3m, 15m, 60m)...
Adding sudden 3m move features (rise>15, drop<-10)...
Adding Volume Profile features (VWAP, POC)...
Adding Time features (time_from_15m, time_from_max/min)...
Skipping 15m Price Action features
Redefining target with Horizon=30, TP=30.0, SL=25.0...
Adding new directional features...
Adding moving average features...
Total Stage 2 training samples (trend_label=1): 4668
Using 85 features for Stage 2.
Initial training set: 0 bars (up to 2025-01-03)
Warning: Initial training set has < 2 classes. Adding dummy rows.
Saved initial PROD S2 model to /Users/alpha/Desktop/python/AlphaGold/xgboost_filter_model/directional_model_v14_wf.joblib
Cycle 1 (2025-01-03): Not enough data or classes. Skipping training.
Cycle 2 (2025-01-17): Not enough data or classes. Skipping training.
Cycle 3 (2025-01-31): Not enough data or classes. Skipping training.
Cycle 4 (2025-02-14): Not enough data or classes. Skipping training.
Cycle 5 (2025-02-28): Not enough data or classes. Skipping training.
Cycle 6 (2025-03-14): Not enough data or classes. Skipping training.
Cycle 7 (2025-03-28): Not enough data or classes. Skipping training.
Cycle 8 (2025-04-11): Not enough data or classes. Skipping training.
Cycle 9 (2025-04-25): Not enough data or classes. Skipping training.
Cycle 10 (2025-05-09): Not enough data or classes. Skipping training.
Cycle 11 (2025-05-23): Not enough data or classes. Skipping training.
Cycle 12 (2025-06-06): Not enough data or classes. Skipping training.
Cycle 13 (2025-06-20): Not enough data or classes. Skipping training.
Cycle 14 (2025-07-04): Not enough data or classes. Skipping training.
Cycle 15 (2025-07-18): Not enough data or classes. Skipping training.
Cycle 16 (2025-08-01): Not enough data or classes. Skipping training.
Cycle 17 (2025-08-15): Not enough data or classes. Skipping training.
Cycle 18 (2025-08-29): Not enough data or classes. Skipping training.
Cycle 19 (2025-09-12): Not enough data or classes. Skipping training.
Cycle 20 (2025-09-26): Not enough data or classes. Skipping training.
Cycle 21 (2025-10-10): Training on 24 bars...
Cycle 22 (2025-10-24): Training on 333 bars...
Cycle 23 (2025-11-07): Training on 362 bars...
Cycle 24 (2025-11-21): Training on 384 bars...
Cycle 25 (2025-12-05): Training on 386 bars...
Cycle 26 (2025-12-19): Training on 408 bars...
Cycle 27 (2026-01-02): Training on 475 bars...
Cycle 28 (2026-01-16): Training on 500 bars...
Cycle 29 (2026-01-30): Training on 1445 bars...
Cycle 30 (2026-02-13): Training on 2347 bars...
Cycle 31 (2026-02-27): Training on 2435 bars...
Cycle 32 (2026-03-13): Training on 3003 bars...
Cycle 33 (2026-03-27): Training on 4209 bars...
Cycle 34 (2026-04-10): Training on 4517 bars...
Cycle 35 (2026-04-24): Training on 4572 bars...
Cycle 36 (2026-05-08): Training on 4604 bars...
Walk-forward training complete.
a15_b10    |   15 |   10 |    590 |  44.9% |    858.3 |   -754.1
Train+BT a20_b20 (a=20, b=20)...
/Library/Frameworks/Python.framework/Versions/3.12/lib/python3.12/site-packages/xgboost/training.py:200: UserWarning: [21:11:44] WARNING: /Users/runner/work/xgboost/xgboost/src/common/error_msg.cc:56: Empty dataset at worker: 0
  bst.update(dtrain, iteration=i, fobj=obj)
=== Training AlphaGold v14 Filter Model ===
Loading data from 2020-01-01 to 2026-05-22...
Data successfully loaded: 364235 rows.
Data loaded successfully: 364235 rows.
Features and labels prepared.
Features and labels prepared.
Adding liquidity zone indicators...
Adding liquidity zone, recovery, and equal high/low indicators...
Applying HMM Regime Filter...
Adding v14 daily range and session features...
Adding v14 multi-window features (3m, 15m, 60m)...
Adding sudden 3m move features (rise>20, drop<-20)...
Adding Volume Profile features (VWAP, POC)...
Adding Time features (time_from_15m, time_from_max/min)...
Skipping 15m Price Action features
Redefining target with Horizon=30, TP=30.0, SL=25.0...
Using 66 features.
Initial training set: 0 bars (up to 2025-01-03)
Saved initial PROD model to /Users/alpha/Desktop/python/AlphaGold/xgboost_filter_model/filter_model_v14_wf.joblib
Cycle 1 (2025-01-03): Training on 0 bars...
Cycle 2 (2025-01-17): Training on 0 bars...
Cycle 3 (2025-01-31): Training on 0 bars...
Cycle 4 (2025-02-14): Training on 0 bars...
Cycle 5 (2025-02-28): Training on 0 bars...
Cycle 6 (2025-03-14): Training on 0 bars...
Cycle 7 (2025-03-28): Training on 0 bars...
Cycle 8 (2025-04-11): Training on 0 bars...
Cycle 9 (2025-04-25): Training on 0 bars...
Cycle 10 (2025-05-09): Training on 0 bars...
Cycle 11 (2025-05-23): Training on 119 bars...
Cycle 12 (2025-06-06): Training on 193 bars...
Cycle 13 (2025-06-20): Training on 206 bars...
Cycle 14 (2025-07-04): Training on 230 bars...
Cycle 15 (2025-07-18): Training on 257 bars...
Cycle 16 (2025-08-01): Training on 289 bars...
Cycle 17 (2025-08-15): Training on 334 bars...
Cycle 18 (2025-08-29): Training on 347 bars...
Cycle 19 (2025-09-12): Training on 419 bars...
Cycle 20 (2025-09-26): Training on 472 bars...
Cycle 21 (2025-10-10): Training on 817 bars...
Cycle 22 (2025-10-24): Training on 2532 bars...
Cycle 23 (2025-11-07): Training on 3220 bars...
Cycle 24 (2025-11-21): Training on 3799 bars...
Cycle 25 (2025-12-05): Training on 3969 bars...
Cycle 26 (2025-12-19): Training on 4241 bars...
Cycle 27 (2026-01-02): Training on 4694 bars...
Cycle 28 (2026-01-16): Training on 5111 bars...
Cycle 29 (2026-01-30): Training on 7469 bars...
Cycle 30 (2026-02-13): Training on 9263 bars...
Cycle 31 (2026-02-27): Training on 10055 bars...
Cycle 32 (2026-03-13): Training on 12256 bars...
Cycle 33 (2026-03-27): Training on 15611 bars...
Cycle 34 (2026-04-10): Training on 17461 bars...
Cycle 35 (2026-04-24): Training on 18046 bars...
Cycle 36 (2026-05-08): Training on 18723 bars...
Walk-forward training complete.
=== Training AlphaGold v14 Directional Model ===
Loading data from 2020-01-01 to 2026-05-22...
Data successfully loaded: 364236 rows.
Data loaded successfully: 364236 rows.
Features and labels prepared.
Features and labels prepared.
Adding liquidity zone indicators...
Adding liquidity zone, recovery, and equal high/low indicators...
Applying HMM Regime Filter...
Adding v14 daily range and session features...
Adding v14 multi-window features (3m, 15m, 60m)...
Adding sudden 3m move features (rise>20, drop<-20)...
Adding Volume Profile features (VWAP, POC)...
Adding Time features (time_from_15m, time_from_max/min)...
Skipping 15m Price Action features
Redefining target with Horizon=30, TP=30.0, SL=25.0...
Adding new directional features...
Adding moving average features...
Total Stage 2 training samples (trend_label=1): 4668
Using 85 features for Stage 2.
Initial training set: 0 bars (up to 2025-01-03)
Warning: Initial training set has < 2 classes. Adding dummy rows.
Saved initial PROD S2 model to /Users/alpha/Desktop/python/AlphaGold/xgboost_filter_model/directional_model_v14_wf.joblib
Cycle 1 (2025-01-03): Not enough data or classes. Skipping training.
Cycle 2 (2025-01-17): Not enough data or classes. Skipping training.
Cycle 3 (2025-01-31): Not enough data or classes. Skipping training.
Cycle 4 (2025-02-14): Not enough data or classes. Skipping training.
Cycle 5 (2025-02-28): Not enough data or classes. Skipping training.
Cycle 6 (2025-03-14): Not enough data or classes. Skipping training.
Cycle 7 (2025-03-28): Not enough data or classes. Skipping training.
Cycle 8 (2025-04-11): Not enough data or classes. Skipping training.
Cycle 9 (2025-04-25): Not enough data or classes. Skipping training.
Cycle 10 (2025-05-09): Not enough data or classes. Skipping training.
Cycle 11 (2025-05-23): Not enough data or classes. Skipping training.
Cycle 12 (2025-06-06): Not enough data or classes. Skipping training.
Cycle 13 (2025-06-20): Not enough data or classes. Skipping training.
Cycle 14 (2025-07-04): Not enough data or classes. Skipping training.
Cycle 15 (2025-07-18): Not enough data or classes. Skipping training.
Cycle 16 (2025-08-01): Not enough data or classes. Skipping training.
Cycle 17 (2025-08-15): Not enough data or classes. Skipping training.
Cycle 18 (2025-08-29): Not enough data or classes. Skipping training.
Cycle 19 (2025-09-12): Not enough data or classes. Skipping training.
Cycle 20 (2025-09-26): Not enough data or classes. Skipping training.
Cycle 21 (2025-10-10): Training on 24 bars...
Cycle 22 (2025-10-24): Training on 333 bars...
Cycle 23 (2025-11-07): Training on 362 bars...
Cycle 24 (2025-11-21): Training on 384 bars...
Cycle 25 (2025-12-05): Training on 386 bars...
Cycle 26 (2025-12-19): Training on 408 bars...
Cycle 27 (2026-01-02): Training on 475 bars...
Cycle 28 (2026-01-16): Training on 500 bars...
Cycle 29 (2026-01-30): Training on 1445 bars...
Cycle 30 (2026-02-13): Training on 2347 bars...
Cycle 31 (2026-02-27): Training on 2435 bars...
Cycle 32 (2026-03-13): Training on 3003 bars...
Cycle 33 (2026-03-27): Training on 4209 bars...
Cycle 34 (2026-04-10): Training on 4517 bars...
Cycle 35 (2026-04-24): Training on 4572 bars...
Cycle 36 (2026-05-08): Training on 4604 bars...
Walk-forward training complete.
a20_b20    |   20 |   20 |    593 |  48.2% |   1294.7 |   -317.7

Saved /Users/alpha/Desktop/python/AlphaGold/sudden_move_sweep_results.csv
