=== Training AlphaGold v14 Directional Model ===
Loading data from 2020-01-01 to 2026-05-22...
Data successfully loaded: 364190 rows.
Data loaded successfully: 364190 rows.
Features and labels prepared.
Features and labels prepared.
Adding liquidity zone indicators...
Adding liquidity zone, recovery, and equal high/low indicators...
Applying HMM Regime Filter...
Adding v14 daily range and session features...
Adding v14 multi-window features (3m, 15m, 60m)...
Adding Volume Profile features (VWAP, POC)...
Adding Time features (time_from_15m, time_from_max/min)...
Adding Stage 1 momentum (ROC + acceleration)...
Skipping 15m Price Action features
Redefining target with Horizon=30, TP=30.0, SL=25.0...
Adding new directional features...
Adding moving average features...
Total Stage 2 training samples (trend_label=1): 4668
Using 86 features for Stage 2.
Initial training set: 0 bars (up to 2025-01-03)
Warning: Initial training set has < 2 classes. Adding dummy rows.
Saved initial PROD S2 model to /Users/alpha/Desktop/python/AlphaGold/xgboost_filter_model/directional_model_v14_wf.joblib
Cycle 1 (2025-01-03): Not enough data or classes. Skipping training.
Cycle 2 (2025-01-17): Not enough data or classes. Skipping training.
Cycle 3 (2025-01-31): Not enough data or classes. Skipping training.
Cycle 4 (2025-02-14): Not enough data or classes. Skipping training.
Cycle 5 (2025-02-28): Not enough data or classes. Skipping training.
Cycle 6 (2025-03-14): Not enough data or classes. Skipping training.
Cycle 7 (2025-03-28): Not enough data or classes. Skipping training.
Cycle 8 (2025-04-11): Not enough data or classes. Skipping training.
Cycle 9 (2025-04-25): Not enough data or classes. Skipping training.
Cycle 10 (2025-05-09): Not enough data or classes. Skipping training.
Cycle 11 (2025-05-23): Not enough data or classes. Skipping training.
Cycle 12 (2025-06-06): Not enough data or classes. Skipping training.
Cycle 13 (2025-06-20): Not enough data or classes. Skipping training.
Cycle 14 (2025-07-04): Not enough data or classes. Skipping training.
Cycle 15 (2025-07-18): Not enough data or classes. Skipping training.
Cycle 16 (2025-08-01): Not enough data or classes. Skipping training.
Cycle 17 (2025-08-15): Not enough data or classes. Skipping training.
Cycle 18 (2025-08-29): Not enough data or classes. Skipping training.
Cycle 19 (2025-09-12): Not enough data or classes. Skipping training.
Cycle 20 (2025-09-26): Not enough data or classes. Skipping training.
Cycle 21 (2025-10-10): Training on 24 bars...
Cycle 22 (2025-10-24): Training on 333 bars...
Cycle 23 (2025-11-07): Training on 362 bars...
Cycle 24 (2025-11-21): Training on 384 bars...
Cycle 25 (2025-12-05): Training on 386 bars...
Cycle 26 (2025-12-19): Training on 408 bars...
Cycle 27 (2026-01-02): Training on 475 bars...
Cycle 28 (2026-01-16): Training on 500 bars...
Cycle 29 (2026-01-30): Training on 1445 bars...
Cycle 30 (2026-02-13): Training on 2347 bars...
Cycle 31 (2026-02-27): Training on 2435 bars...
Cycle 32 (2026-03-13): Training on 3003 bars...
Cycle 33 (2026-03-27): Training on 4209 bars...
Cycle 34 (2026-04-10): Training on 4517 bars...
Cycle 35 (2026-04-24): Training on 4572 bars...
Cycle 36 (2026-05-08): Training on 4604 bars...
Walk-forward training complete.
