=== Fri May 22 21:19:28 UTC 2026 sweep start (rise=30 drop=10) ===

======================================================================
  Uptrend retrace RETRAIN sweep  |  2025-06-01 → 2026-05-23
  Definition: rise≥30  drop≥10  |  prob≥0.55
  Combos: 68 (retrain + backtest each)
  Output: /Users/alpha/Desktop/python/AlphaGold/runtime/sweep_uptrend_retrace_retrain.csv
======================================================================

Loading data from 2025-06-01 to 2026-05-24...
Data successfully loaded: 345423 rows.
Data loaded successfully: 345423 rows.
   #    H   TP   SL | Trades    WR%    NetPnL     Avg
----------------------------------------------------
[1/68] Train H=15 TP=15 SL=10…
Loading data from 2025-02-01 to 2026-05-24...
Data successfully loaded: 364578 rows.
Data loaded successfully: 364578 rows.
Features and labels prepared.
Features and labels prepared.
Adding liquidity zone indicators...
Adding liquidity zone, recovery, and equal high/low indicators...
Applying HMM Regime Filter...
Adding v14 daily range and session features...
Adding v14 multi-window features (3m, 15m, 60m)...
Adding Volume Profile features (VWAP, POC)...
Adding Time features (time_from_15m, time_from_max/min)...
Skipping 15m Price Action features
Redefining target with Horizon=15, TP=15, SL=10...
Adding pattern features (wr_120/240, cross flags)...
Pattern path: 363127 bars (no HMM/bar_move/volume filter)
Adding new directional features...
Adding moving average features...
   1   15   15   10 |    852  32.3%   -534.89   -0.63
[2/68] Train H=15 TP=20 SL=10…
Loading data from 2025-02-01 to 2026-05-24...
Data successfully loaded: 364578 rows.
Data loaded successfully: 364578 rows.
Features and labels prepared.
Features and labels prepared.
Adding liquidity zone indicators...
Adding liquidity zone, recovery, and equal high/low indicators...
Applying HMM Regime Filter...
Adding v14 daily range and session features...
Adding v14 multi-window features (3m, 15m, 60m)...
Adding Volume Profile features (VWAP, POC)...
Adding Time features (time_from_15m, time_from_max/min)...
Skipping 15m Price Action features
Redefining target with Horizon=15, TP=20, SL=10...
Adding pattern features (wr_120/240, cross flags)...
Pattern path: 363127 bars (no HMM/bar_move/volume filter)
Adding new directional features...
Adding moving average features...
   2   15   20   10 |    495  34.7%   +736.09   +1.49
[3/68] Train H=15 TP=20 SL=15…
Loading data from 2025-02-01 to 2026-05-24...
Data successfully loaded: 364578 rows.
Data loaded successfully: 364578 rows.
Features and labels prepared.
Features and labels prepared.
Adding liquidity zone indicators...
Adding liquidity zone, recovery, and equal high/low indicators...
Applying HMM Regime Filter...
Adding v14 daily range and session features...
Adding v14 multi-window features (3m, 15m, 60m)...
Adding Volume Profile features (VWAP, POC)...
Adding Time features (time_from_15m, time_from_max/min)...
Skipping 15m Price Action features
Redefining target with Horizon=15, TP=20, SL=15...
Adding pattern features (wr_120/240, cross flags)...
Pattern path: 363127 bars (no HMM/bar_move/volume filter)
Adding new directional features...
Adding moving average features...
   3   15   20   15 |    381  45.7%  +1206.75   +3.17
[4/68] Train H=15 TP=30 SL=10…
Loading data from 2025-02-01 to 2026-05-24...
Data successfully loaded: 364578 rows.
Data loaded successfully: 364578 rows.
Features and labels prepared.
Features and labels prepared.
Adding liquidity zone indicators...
Adding liquidity zone, recovery, and equal high/low indicators...
Applying HMM Regime Filter...
Adding v14 daily range and session features...
Adding v14 multi-window features (3m, 15m, 60m)...
Adding Volume Profile features (VWAP, POC)...
Adding Time features (time_from_15m, time_from_max/min)...
Skipping 15m Price Action features
Redefining target with Horizon=15, TP=30, SL=10...
Adding pattern features (wr_120/240, cross flags)...
Pattern path: 363127 bars (no HMM/bar_move/volume filter)
Adding new directional features...
Adding moving average features...
   4   15   30   10 |    166  31.9%   +695.75   +4.19
[5/68] Train H=15 TP=30 SL=15…
Loading data from 2025-02-01 to 2026-05-24...
Data successfully loaded: 364578 rows.
Data loaded successfully: 364578 rows.
Features and labels prepared.
Features and labels prepared.
Adding liquidity zone indicators...
Adding liquidity zone, recovery, and equal high/low indicators...
Applying HMM Regime Filter...
Adding v14 daily range and session features...
Adding v14 multi-window features (3m, 15m, 60m)...
Adding Volume Profile features (VWAP, POC)...
Adding Time features (time_from_15m, time_from_max/min)...
Skipping 15m Price Action features
Redefining target with Horizon=15, TP=30, SL=15...
Adding pattern features (wr_120/240, cross flags)...
Pattern path: 363127 bars (no HMM/bar_move/volume filter)
Adding new directional features...
Adding moving average features...
   5   15   30   15 |    146  41.8%   +688.63   +4.72
[6/68] Train H=15 TP=30 SL=20…
Loading data from 2025-02-01 to 2026-05-24...
Data successfully loaded: 364578 rows.
Data loaded successfully: 364578 rows.
Features and labels prepared.
Features and labels prepared.
Adding liquidity zone indicators...
Adding liquidity zone, recovery, and equal high/low indicators...
Applying HMM Regime Filter...
Adding v14 daily range and session features...
Adding v14 multi-window features (3m, 15m, 60m)...
Adding Volume Profile features (VWAP, POC)...
Adding Time features (time_from_15m, time_from_max/min)...
Skipping 15m Price Action features
Redefining target with Horizon=15, TP=30, SL=20...
Adding pattern features (wr_120/240, cross flags)...
Pattern path: 363127 bars (no HMM/bar_move/volume filter)
Adding new directional features...
Adding moving average features...
   6   15   30   20 |    123  50.4%   +692.27   +5.63
[7/68] Train H=15 TP=30 SL=25…
Loading data from 2025-02-01 to 2026-05-24...
Data successfully loaded: 364578 rows.
Data loaded successfully: 364578 rows.
Features and labels prepared.
Features and labels prepared.
Adding liquidity zone indicators...
Adding liquidity zone, recovery, and equal high/low indicators...
Applying HMM Regime Filter...
Adding v14 daily range and session features...
Adding v14 multi-window features (3m, 15m, 60m)...
Adding Volume Profile features (VWAP, POC)...
Adding Time features (time_from_15m, time_from_max/min)...
Skipping 15m Price Action features
Redefining target with Horizon=15, TP=30, SL=25...
Adding pattern features (wr_120/240, cross flags)...
Pattern path: 363127 bars (no HMM/bar_move/volume filter)
Adding new directional features...
Adding moving average features...
   7   15   30   25 |    100  53.0%   +676.15   +6.76
[8/68] Train H=15 TP=40 SL=10…
Loading data from 2025-02-01 to 2026-05-24...
Data successfully loaded: 364578 rows.
Data loaded successfully: 364578 rows.
Features and labels prepared.
Features and labels prepared.
Adding liquidity zone indicators...
Adding liquidity zone, recovery, and equal high/low indicators...
Applying HMM Regime Filter...
Adding v14 daily range and session features...
Adding v14 multi-window features (3m, 15m, 60m)...
Adding Volume Profile features (VWAP, POC)...
Adding Time features (time_from_15m, time_from_max/min)...
Skipping 15m Price Action features
Redefining target with Horizon=15, TP=40, SL=10...
Adding pattern features (wr_120/240, cross flags)...
Pattern path: 363127 bars (no HMM/bar_move/volume filter)
Adding new directional features...
Adding moving average features...
   8   15   40   10 |     46  45.7%   +622.46  +13.53
[9/68] Train H=15 TP=40 SL=15…
Loading data from 2025-02-01 to 2026-05-24...
Data successfully loaded: 364578 rows.
Data loaded successfully: 364578 rows.
Features and labels prepared.
Features and labels prepared.
Adding liquidity zone indicators...
Adding liquidity zone, recovery, and equal high/low indicators...
Applying HMM Regime Filter...
Adding v14 daily range and session features...
Adding v14 multi-window features (3m, 15m, 60m)...
Adding Volume Profile features (VWAP, POC)...
Adding Time features (time_from_15m, time_from_max/min)...
Skipping 15m Price Action features
Redefining target with Horizon=15, TP=40, SL=15...
Adding pattern features (wr_120/240, cross flags)...
Pattern path: 363127 bars (no HMM/bar_move/volume filter)
Adding new directional features...
Adding moving average features...
   9   15   40   15 |     48  54.2%   +618.02  +12.88
[10/68] Train H=15 TP=40 SL=20…
Loading data from 2025-02-01 to 2026-05-24...
Data successfully loaded: 364578 rows.
Data loaded successfully: 364578 rows.
Features and labels prepared.
Features and labels prepared.
Adding liquidity zone indicators...
Adding liquidity zone, recovery, and equal high/low indicators...
Applying HMM Regime Filter...
Adding v14 daily range and session features...
Adding v14 multi-window features (3m, 15m, 60m)...
Adding Volume Profile features (VWAP, POC)...
Adding Time features (time_from_15m, time_from_max/min)...
Skipping 15m Price Action features
Redefining target with Horizon=15, TP=40, SL=20...
Adding pattern features (wr_120/240, cross flags)...
Pattern path: 363127 bars (no HMM/bar_move/volume filter)
Adding new directional features...
Adding moving average features...
  10   15   40   20 |     39  56.4%   +562.97  +14.44
[11/68] Train H=15 TP=40 SL=25…
Loading data from 2025-02-01 to 2026-05-24...
Data successfully loaded: 364578 rows.
Data loaded successfully: 364578 rows.
Features and labels prepared.
Features and labels prepared.
Adding liquidity zone indicators...
Adding liquidity zone, recovery, and equal high/low indicators...
Applying HMM Regime Filter...
Adding v14 daily range and session features...
Adding v14 multi-window features (3m, 15m, 60m)...
Adding Volume Profile features (VWAP, POC)...
Adding Time features (time_from_15m, time_from_max/min)...
Skipping 15m Price Action features
Redefining target with Horizon=15, TP=40, SL=25...
Adding pattern features (wr_120/240, cross flags)...
Pattern path: 363127 bars (no HMM/bar_move/volume filter)
Adding new directional features...
Adding moving average features...
  11   15   40   25 |     42  59.5%   +449.53  +10.70
[12/68] Train H=15 TP=40 SL=30…
Loading data from 2025-02-01 to 2026-05-24...
Data successfully loaded: 364578 rows.
Data loaded successfully: 364578 rows.
Features and labels prepared.
Features and labels prepared.
Adding liquidity zone indicators...
Adding liquidity zone, recovery, and equal high/low indicators...
Applying HMM Regime Filter...
Adding v14 daily range and session features...
Adding v14 multi-window features (3m, 15m, 60m)...
Adding Volume Profile features (VWAP, POC)...
Adding Time features (time_from_15m, time_from_max/min)...
Skipping 15m Price Action features
Redefining target with Horizon=15, TP=40, SL=30...
Adding pattern features (wr_120/240, cross flags)...
Pattern path: 363127 bars (no HMM/bar_move/volume filter)
Adding new directional features...
Adding moving average features...
  12   15   40   30 |     40  62.5%   +556.29  +13.91
[13/68] Train H=15 TP=45 SL=10…
Loading data from 2025-02-01 to 2026-05-24...
Data successfully loaded: 364578 rows.
Data loaded successfully: 364578 rows.
Features and labels prepared.
Features and labels prepared.
Adding liquidity zone indicators...
Adding liquidity zone, recovery, and equal high/low indicators...
Applying HMM Regime Filter...
Adding v14 daily range and session features...
Adding v14 multi-window features (3m, 15m, 60m)...
Adding Volume Profile features (VWAP, POC)...
Adding Time features (time_from_15m, time_from_max/min)...
Skipping 15m Price Action features
Redefining target with Horizon=15, TP=45, SL=10...
Adding pattern features (wr_120/240, cross flags)...
Pattern path: 363127 bars (no HMM/bar_move/volume filter)
Adding new directional features...
Adding moving average features...
  13   15   45   10 |     35  42.9%   +346.71   +9.91
[14/68] Train H=15 TP=45 SL=15…
Loading data from 2025-02-01 to 2026-05-24...
Data successfully loaded: 364578 rows.
Data loaded successfully: 364578 rows.
Features and labels prepared.
Features and labels prepared.
Adding liquidity zone indicators...
Adding liquidity zone, recovery, and equal high/low indicators...
Applying HMM Regime Filter...
Adding v14 daily range and session features...
Adding v14 multi-window features (3m, 15m, 60m)...
Adding Volume Profile features (VWAP, POC)...
Adding Time features (time_from_15m, time_from_max/min)...
Skipping 15m Price Action features
Redefining target with Horizon=15, TP=45, SL=15...
Adding pattern features (wr_120/240, cross flags)...
Pattern path: 363127 bars (no HMM/bar_move/volume filter)
Adding new directional features...
Adding moving average features...
  14   15   45   15 |     21  61.9%   +397.03  +18.91
[15/68] Train H=15 TP=45 SL=20…
Loading data from 2025-02-01 to 2026-05-24...
Data successfully loaded: 364578 rows.
Data loaded successfully: 364578 rows.
Features and labels prepared.
Features and labels prepared.
Adding liquidity zone indicators...
Adding liquidity zone, recovery, and equal high/low indicators...
Applying HMM Regime Filter...
Adding v14 daily range and session features...
Adding v14 multi-window features (3m, 15m, 60m)...
Adding Volume Profile features (VWAP, POC)...
Adding Time features (time_from_15m, time_from_max/min)...
Skipping 15m Price Action features
Redefining target with Horizon=15, TP=45, SL=20...
Adding pattern features (wr_120/240, cross flags)...
Pattern path: 363127 bars (no HMM/bar_move/volume filter)
Adding new directional features...
Adding moving average features...
  15   15   45   20 |     23  60.9%   +330.75  +14.38
[16/68] Train H=15 TP=45 SL=25…
Loading data from 2025-02-01 to 2026-05-24...
Data successfully loaded: 364578 rows.
Data loaded successfully: 364578 rows.
Features and labels prepared.
Features and labels prepared.
Adding liquidity zone indicators...
Adding liquidity zone, recovery, and equal high/low indicators...
Applying HMM Regime Filter...
Adding v14 daily range and session features...
Adding v14 multi-window features (3m, 15m, 60m)...
Adding Volume Profile features (VWAP, POC)...
Adding Time features (time_from_15m, time_from_max/min)...
Skipping 15m Price Action features
Redefining target with Horizon=15, TP=45, SL=25...
Adding pattern features (wr_120/240, cross flags)...
Pattern path: 363127 bars (no HMM/bar_move/volume filter)
Adding new directional features...
Adding moving average features...
  16   15   45   25 |     17  70.6%   +406.15  +23.89
[17/68] Train H=15 TP=45 SL=30…
Loading data from 2025-02-01 to 2026-05-24...
Data successfully loaded: 364578 rows.
Data loaded successfully: 364578 rows.
Features and labels prepared.
Features and labels prepared.
Adding liquidity zone indicators...
Adding liquidity zone, recovery, and equal high/low indicators...
Applying HMM Regime Filter...
Adding v14 daily range and session features...
Adding v14 multi-window features (3m, 15m, 60m)...
Adding Volume Profile features (VWAP, POC)...
Adding Time features (time_from_15m, time_from_max/min)...
Skipping 15m Price Action features
Redefining target with Horizon=15, TP=45, SL=30...
Adding pattern features (wr_120/240, cross flags)...
Pattern path: 363127 bars (no HMM/bar_move/volume filter)
Adding new directional features...
Adding moving average features...
  17   15   45   30 |     21  71.4%   +499.33  +23.78
[18/68] Train H=30 TP=15 SL=10…
Loading data from 2025-02-01 to 2026-05-24...
Data successfully loaded: 364578 rows.
Data loaded successfully: 364578 rows.
Features and labels prepared.
Features and labels prepared.
Adding liquidity zone indicators...
Adding liquidity zone, recovery, and equal high/low indicators...
Applying HMM Regime Filter...
Adding v14 daily range and session features...
Adding v14 multi-window features (3m, 15m, 60m)...
Adding Volume Profile features (VWAP, POC)...
Adding Time features (time_from_15m, time_from_max/min)...
Skipping 15m Price Action features
Redefining target with Horizon=30, TP=15, SL=10...
Adding pattern features (wr_120/240, cross flags)...
Pattern path: 363112 bars (no HMM/bar_move/volume filter)
Adding new directional features...
Adding moving average features...
  18   30   15   10 |    641  32.0%   -553.90   -0.86
[19/68] Train H=30 TP=20 SL=10…
Loading data from 2025-02-01 to 2026-05-24...
Data successfully loaded: 364578 rows.
Data loaded successfully: 364578 rows.
Features and labels prepared.
Features and labels prepared.
Adding liquidity zone indicators...
Adding liquidity zone, recovery, and equal high/low indicators...
Applying HMM Regime Filter...
Adding v14 daily range and session features...
Adding v14 multi-window features (3m, 15m, 60m)...
Adding Volume Profile features (VWAP, POC)...
Adding Time features (time_from_15m, time_from_max/min)...
Skipping 15m Price Action features
Redefining target with Horizon=30, TP=20, SL=10...
Adding pattern features (wr_120/240, cross flags)...
Pattern path: 363112 bars (no HMM/bar_move/volume filter)
Adding new directional features...
Adding moving average features...
  19   30   20   10 |    626  26.5%   -678.82   -1.08
[20/68] Train H=30 TP=20 SL=15…
Loading data from 2025-02-01 to 2026-05-24...
Data successfully loaded: 364578 rows.
Data loaded successfully: 364578 rows.
Features and labels prepared.
Features and labels prepared.
Adding liquidity zone indicators...
Adding liquidity zone, recovery, and equal high/low indicators...
Applying HMM Regime Filter...
Adding v14 daily range and session features...
Adding v14 multi-window features (3m, 15m, 60m)...
Adding Volume Profile features (VWAP, POC)...
Adding Time features (time_from_15m, time_from_max/min)...
Skipping 15m Price Action features
Redefining target with Horizon=30, TP=20, SL=15...
Adding pattern features (wr_120/240, cross flags)...
Pattern path: 363112 bars (no HMM/bar_move/volume filter)
Adding new directional features...
Adding moving average features...
  20   30   20   15 |    520  37.1%    -97.39   -0.19
[21/68] Train H=30 TP=30 SL=10…
Loading data from 2025-02-01 to 2026-05-24...
Data successfully loaded: 364578 rows.
Data loaded successfully: 364578 rows.
Features and labels prepared.
Features and labels prepared.
Adding liquidity zone indicators...
Adding liquidity zone, recovery, and equal high/low indicators...
Applying HMM Regime Filter...
Adding v14 daily range and session features...
Adding v14 multi-window features (3m, 15m, 60m)...
Adding Volume Profile features (VWAP, POC)...
Adding Time features (time_from_15m, time_from_max/min)...
Skipping 15m Price Action features
Redefining target with Horizon=30, TP=30, SL=10...
Adding pattern features (wr_120/240, cross flags)...
Pattern path: 363112 bars (no HMM/bar_move/volume filter)
Adding new directional features...
Adding moving average features...
  21   30   30   10 |    209  26.8%   +140.71   +0.67
[22/68] Train H=30 TP=30 SL=15…
Loading data from 2025-02-01 to 2026-05-24...
Data successfully loaded: 364578 rows.
Data loaded successfully: 364578 rows.
Features and labels prepared.
Features and labels prepared.
Adding liquidity zone indicators...
Adding liquidity zone, recovery, and equal high/low indicators...
Applying HMM Regime Filter...
Adding v14 daily range and session features...
Adding v14 multi-window features (3m, 15m, 60m)...
Adding Volume Profile features (VWAP, POC)...
Adding Time features (time_from_15m, time_from_max/min)...
Skipping 15m Price Action features
Redefining target with Horizon=30, TP=30, SL=15...
Adding pattern features (wr_120/240, cross flags)...
Pattern path: 363112 bars (no HMM/bar_move/volume filter)
Adding new directional features...
Adding moving average features...
  22   30   30   15 |    188  34.6%   +431.20   +2.29
[23/68] Train H=30 TP=30 SL=20…
Loading data from 2025-02-01 to 2026-05-24...
Data successfully loaded: 364578 rows.
Data loaded successfully: 364578 rows.
Features and labels prepared.
Features and labels prepared.
Adding liquidity zone indicators...
Adding liquidity zone, recovery, and equal high/low indicators...
Applying HMM Regime Filter...
Adding v14 daily range and session features...
Adding v14 multi-window features (3m, 15m, 60m)...
Adding Volume Profile features (VWAP, POC)...
Adding Time features (time_from_15m, time_from_max/min)...
Skipping 15m Price Action features
Redefining target with Horizon=30, TP=30, SL=20...
Adding pattern features (wr_120/240, cross flags)...
Pattern path: 363112 bars (no HMM/bar_move/volume filter)
Adding new directional features...
Adding moving average features...
  23   30   30   20 |    147  42.2%   +328.56   +2.24
[24/68] Train H=30 TP=30 SL=25…
Loading data from 2025-02-01 to 2026-05-24...
Data successfully loaded: 364578 rows.
Data loaded successfully: 364578 rows.
Features and labels prepared.
Features and labels prepared.
Adding liquidity zone indicators...
Adding liquidity zone, recovery, and equal high/low indicators...
Applying HMM Regime Filter...
Adding v14 daily range and session features...
Adding v14 multi-window features (3m, 15m, 60m)...
Adding Volume Profile features (VWAP, POC)...
Adding Time features (time_from_15m, time_from_max/min)...
Skipping 15m Price Action features
Redefining target with Horizon=30, TP=30, SL=25...
Adding pattern features (wr_120/240, cross flags)...
Pattern path: 363112 bars (no HMM/bar_move/volume filter)
Adding new directional features...
Adding moving average features...
  24   30   30   25 |    138  44.9%   +454.02   +3.29
[25/68] Train H=30 TP=40 SL=10…
Loading data from 2025-02-01 to 2026-05-24...
Data successfully loaded: 364578 rows.
Data loaded successfully: 364578 rows.
Features and labels prepared.
Features and labels prepared.
Adding liquidity zone indicators...
Adding liquidity zone, recovery, and equal high/low indicators...
Applying HMM Regime Filter...
Adding v14 daily range and session features...
Adding v14 multi-window features (3m, 15m, 60m)...
Adding Volume Profile features (VWAP, POC)...
Adding Time features (time_from_15m, time_from_max/min)...
Skipping 15m Price Action features
Redefining target with Horizon=30, TP=40, SL=10...
Adding pattern features (wr_120/240, cross flags)...
Pattern path: 363112 bars (no HMM/bar_move/volume filter)
Adding new directional features...
Adding moving average features...
  25   30   40   10 |    106  34.9%   +742.69   +7.01
[26/68] Train H=30 TP=40 SL=15…
Loading data from 2025-02-01 to 2026-05-24...
Data successfully loaded: 364578 rows.
Data loaded successfully: 364578 rows.
Features and labels prepared.
Features and labels prepared.
Adding liquidity zone indicators...
Adding liquidity zone, recovery, and equal high/low indicators...
Applying HMM Regime Filter...
Adding v14 daily range and session features...
Adding v14 multi-window features (3m, 15m, 60m)...
Adding Volume Profile features (VWAP, POC)...
Adding Time features (time_from_15m, time_from_max/min)...
Skipping 15m Price Action features
Redefining target with Horizon=30, TP=40, SL=15...
Adding pattern features (wr_120/240, cross flags)...
Pattern path: 363112 bars (no HMM/bar_move/volume filter)
Adding new directional features...
Adding moving average features...
  26   30   40   15 |     89  40.4%   +771.66   +8.67
[27/68] Train H=30 TP=40 SL=20…
Loading data from 2025-02-01 to 2026-05-24...
Data successfully loaded: 364578 rows.
Data loaded successfully: 364578 rows.
Features and labels prepared.
Features and labels prepared.
Adding liquidity zone indicators...
Adding liquidity zone, recovery, and equal high/low indicators...
Applying HMM Regime Filter...
Adding v14 daily range and session features...
Adding v14 multi-window features (3m, 15m, 60m)...
Adding Volume Profile features (VWAP, POC)...
Adding Time features (time_from_15m, time_from_max/min)...
Skipping 15m Price Action features
Redefining target with Horizon=30, TP=40, SL=20...
Adding pattern features (wr_120/240, cross flags)...
Pattern path: 363112 bars (no HMM/bar_move/volume filter)
Adding new directional features...
Adding moving average features...
  27   30   40   20 |     74  54.1%   +865.23  +11.69
[28/68] Train H=30 TP=40 SL=25…
Loading data from 2025-02-01 to 2026-05-24...
Data successfully loaded: 364578 rows.
Data loaded successfully: 364578 rows.
Features and labels prepared.
Features and labels prepared.
Adding liquidity zone indicators...
Adding liquidity zone, recovery, and equal high/low indicators...
Applying HMM Regime Filter...
Adding v14 daily range and session features...
Adding v14 multi-window features (3m, 15m, 60m)...
Adding Volume Profile features (VWAP, POC)...
Adding Time features (time_from_15m, time_from_max/min)...
Skipping 15m Price Action features
Redefining target with Horizon=30, TP=40, SL=25...
Adding pattern features (wr_120/240, cross flags)...
Pattern path: 363112 bars (no HMM/bar_move/volume filter)
Adding new directional features...
Adding moving average features...
  28   30   40   25 |     74  52.7%   +715.57   +9.67
[29/68] Train H=30 TP=40 SL=30…
Loading data from 2025-02-01 to 2026-05-24...
Data successfully loaded: 364578 rows.
Data loaded successfully: 364578 rows.
Features and labels prepared.
Features and labels prepared.
Adding liquidity zone indicators...
Adding liquidity zone, recovery, and equal high/low indicators...
Applying HMM Regime Filter...
Adding v14 daily range and session features...
Adding v14 multi-window features (3m, 15m, 60m)...
Adding Volume Profile features (VWAP, POC)...
Adding Time features (time_from_15m, time_from_max/min)...
Skipping 15m Price Action features
Redefining target with Horizon=30, TP=40, SL=30...
Adding pattern features (wr_120/240, cross flags)...
Pattern path: 363112 bars (no HMM/bar_move/volume filter)
Adding new directional features...
Adding moving average features...
  29   30   40   30 |     74  62.2%   +848.09  +11.46
[30/68] Train H=30 TP=45 SL=10…
Loading data from 2025-02-01 to 2026-05-24...
Data successfully loaded: 364578 rows.
Data loaded successfully: 364578 rows.
Features and labels prepared.
Features and labels prepared.
Adding liquidity zone indicators...
Adding liquidity zone, recovery, and equal high/low indicators...
Applying HMM Regime Filter...
Adding v14 daily range and session features...
Adding v14 multi-window features (3m, 15m, 60m)...
Adding Volume Profile features (VWAP, POC)...
Adding Time features (time_from_15m, time_from_max/min)...
Skipping 15m Price Action features
Redefining target with Horizon=30, TP=45, SL=10...
Adding pattern features (wr_120/240, cross flags)...
Pattern path: 363112 bars (no HMM/bar_move/volume filter)
Adding new directional features...
Adding moving average features...
  30   30   45   10 |     60  26.7%   +440.15   +7.34
[31/68] Train H=30 TP=45 SL=15…
Loading data from 2025-02-01 to 2026-05-24...
Data successfully loaded: 364578 rows.
Data loaded successfully: 364578 rows.
Features and labels prepared.
Features and labels prepared.
Adding liquidity zone indicators...
Adding liquidity zone, recovery, and equal high/low indicators...
Applying HMM Regime Filter...
Adding v14 daily range and session features...
Adding v14 multi-window features (3m, 15m, 60m)...
Adding Volume Profile features (VWAP, POC)...
Adding Time features (time_from_15m, time_from_max/min)...
Skipping 15m Price Action features
Redefining target with Horizon=30, TP=45, SL=15...
Adding pattern features (wr_120/240, cross flags)...
Pattern path: 363112 bars (no HMM/bar_move/volume filter)
Adding new directional features...
Adding moving average features...
  31   30   45   15 |     53  41.5%   +531.15  +10.02
[32/68] Train H=30 TP=45 SL=20…
Loading data from 2025-02-01 to 2026-05-24...
Data successfully loaded: 364578 rows.
Data loaded successfully: 364578 rows.
Features and labels prepared.
Features and labels prepared.
Adding liquidity zone indicators...
Adding liquidity zone, recovery, and equal high/low indicators...
Applying HMM Regime Filter...
Adding v14 daily range and session features...
Adding v14 multi-window features (3m, 15m, 60m)...
Adding Volume Profile features (VWAP, POC)...
Adding Time features (time_from_15m, time_from_max/min)...
Skipping 15m Price Action features
Redefining target with Horizon=30, TP=45, SL=20...
Adding pattern features (wr_120/240, cross flags)...
Pattern path: 363112 bars (no HMM/bar_move/volume filter)
Adding new directional features...
Adding moving average features...
  32   30   45   20 |     58  53.4%   +781.15  +13.47
[33/68] Train H=30 TP=45 SL=25…
Loading data from 2025-02-01 to 2026-05-24...
Data successfully loaded: 364578 rows.
Data loaded successfully: 364578 rows.
Features and labels prepared.
Features and labels prepared.
Adding liquidity zone indicators...
Adding liquidity zone, recovery, and equal high/low indicators...
Applying HMM Regime Filter...
Adding v14 daily range and session features...
Adding v14 multi-window features (3m, 15m, 60m)...
Adding Volume Profile features (VWAP, POC)...
Adding Time features (time_from_15m, time_from_max/min)...
Skipping 15m Price Action features
Redefining target with Horizon=30, TP=45, SL=25...
Adding pattern features (wr_120/240, cross flags)...
Pattern path: 363112 bars (no HMM/bar_move/volume filter)
Adding new directional features...
Adding moving average features...
  33   30   45   25 |     51  54.9%   +644.57  +12.64
[34/68] Train H=30 TP=45 SL=30…
Loading data from 2025-02-01 to 2026-05-24...
Data successfully loaded: 364578 rows.
Data loaded successfully: 364578 rows.
Features and labels prepared.
Features and labels prepared.
Adding liquidity zone indicators...
Adding liquidity zone, recovery, and equal high/low indicators...
Applying HMM Regime Filter...
Adding v14 daily range and session features...
Adding v14 multi-window features (3m, 15m, 60m)...
Adding Volume Profile features (VWAP, POC)...
Adding Time features (time_from_15m, time_from_max/min)...
Skipping 15m Price Action features
Redefining target with Horizon=30, TP=45, SL=30...
Adding pattern features (wr_120/240, cross flags)...
Pattern path: 363112 bars (no HMM/bar_move/volume filter)
Adding new directional features...
Adding moving average features...
  34   30   45   30 |     57  59.6%   +669.87  +11.75
[35/68] Train H=45 TP=15 SL=10…
Loading data from 2025-02-01 to 2026-05-24...
Data successfully loaded: 364578 rows.
Data loaded successfully: 364578 rows.
Features and labels prepared.
Features and labels prepared.
Adding liquidity zone indicators...
Adding liquidity zone, recovery, and equal high/low indicators...
Applying HMM Regime Filter...
Adding v14 daily range and session features...
Adding v14 multi-window features (3m, 15m, 60m)...
Adding Volume Profile features (VWAP, POC)...
Adding Time features (time_from_15m, time_from_max/min)...
Skipping 15m Price Action features
Redefining target with Horizon=45, TP=15, SL=10...
Adding pattern features (wr_120/240, cross flags)...
Pattern path: 363097 bars (no HMM/bar_move/volume filter)
Adding new directional features...
Adding moving average features...
  35   45   15   10 |    719  31.8%   -527.80   -0.73
[36/68] Train H=45 TP=20 SL=10…
Loading data from 2025-02-01 to 2026-05-24...
Data successfully loaded: 364578 rows.
Data loaded successfully: 364578 rows.
Features and labels prepared.
Features and labels prepared.
Adding liquidity zone indicators...
Adding liquidity zone, recovery, and equal high/low indicators...
Applying HMM Regime Filter...
Adding v14 daily range and session features...
Adding v14 multi-window features (3m, 15m, 60m)...
Adding Volume Profile features (VWAP, POC)...
Adding Time features (time_from_15m, time_from_max/min)...
Skipping 15m Price Action features
Redefining target with Horizon=45, TP=20, SL=10...
Adding pattern features (wr_120/240, cross flags)...
Pattern path: 363097 bars (no HMM/bar_move/volume filter)
Adding new directional features...
Adding moving average features...
  36   45   20   10 |    567  28.0%   -214.52   -0.38
[37/68] Train H=45 TP=20 SL=15…
Loading data from 2025-02-01 to 2026-05-24...
Data successfully loaded: 364578 rows.
Data loaded successfully: 364578 rows.
Features and labels prepared.
Features and labels prepared.
Adding liquidity zone indicators...
Adding liquidity zone, recovery, and equal high/low indicators...
Applying HMM Regime Filter...
Adding v14 daily range and session features...
Adding v14 multi-window features (3m, 15m, 60m)...
Adding Volume Profile features (VWAP, POC)...
Adding Time features (time_from_15m, time_from_max/min)...
Skipping 15m Price Action features
Redefining target with Horizon=45, TP=20, SL=15...
Adding pattern features (wr_120/240, cross flags)...
Pattern path: 363097 bars (no HMM/bar_move/volume filter)
Adding new directional features...
Adding moving average features...
  37   45   20   15 |    531  36.5%   -338.04   -0.64
[38/68] Train H=45 TP=30 SL=10…
Loading data from 2025-02-01 to 2026-05-24...
Data successfully loaded: 364578 rows.
Data loaded successfully: 364578 rows.
Features and labels prepared.
Features and labels prepared.
Adding liquidity zone indicators...
Adding liquidity zone, recovery, and equal high/low indicators...
Applying HMM Regime Filter...
Adding v14 daily range and session features...
Adding v14 multi-window features (3m, 15m, 60m)...
Adding Volume Profile features (VWAP, POC)...
Adding Time features (time_from_15m, time_from_max/min)...
Skipping 15m Price Action features
Redefining target with Horizon=45, TP=30, SL=10...
Adding pattern features (wr_120/240, cross flags)...
Pattern path: 363097 bars (no HMM/bar_move/volume filter)
Adding new directional features...
Adding moving average features...
  38   45   30   10 |    255  23.9%    +88.75   +0.35
[39/68] Train H=45 TP=30 SL=15…
Loading data from 2025-02-01 to 2026-05-24...
Data successfully loaded: 364578 rows.
Data loaded successfully: 364578 rows.
Features and labels prepared.
Features and labels prepared.
Adding liquidity zone indicators...
Adding liquidity zone, recovery, and equal high/low indicators...
Applying HMM Regime Filter...
Adding v14 daily range and session features...
Adding v14 multi-window features (3m, 15m, 60m)...
Adding Volume Profile features (VWAP, POC)...
Adding Time features (time_from_15m, time_from_max/min)...
Skipping 15m Price Action features
Redefining target with Horizon=45, TP=30, SL=15...
Adding pattern features (wr_120/240, cross flags)...
Pattern path: 363097 bars (no HMM/bar_move/volume filter)
Adding new directional features...
Adding moving average features...
  39   45   30   15 |    230  36.5%   +306.07   +1.33
[40/68] Train H=45 TP=30 SL=20…
Loading data from 2025-02-01 to 2026-05-24...
Data successfully loaded: 364578 rows.
Data loaded successfully: 364578 rows.
Features and labels prepared.
Features and labels prepared.
Adding liquidity zone indicators...
Adding liquidity zone, recovery, and equal high/low indicators...
Applying HMM Regime Filter...
Adding v14 daily range and session features...
Adding v14 multi-window features (3m, 15m, 60m)...
Adding Volume Profile features (VWAP, POC)...
Adding Time features (time_from_15m, time_from_max/min)...
Skipping 15m Price Action features
Redefining target with Horizon=45, TP=30, SL=20...
Adding pattern features (wr_120/240, cross flags)...
Pattern path: 363097 bars (no HMM/bar_move/volume filter)
Adding new directional features...
Adding moving average features...
  40   45   30   20 |    190  40.5%   +340.53   +1.79
[41/68] Train H=45 TP=30 SL=25…
Loading data from 2025-02-01 to 2026-05-24...
Data successfully loaded: 364578 rows.
Data loaded successfully: 364578 rows.
Features and labels prepared.
Features and labels prepared.
Adding liquidity zone indicators...
Adding liquidity zone, recovery, and equal high/low indicators...
Applying HMM Regime Filter...
Adding v14 daily range and session features...
Adding v14 multi-window features (3m, 15m, 60m)...
Adding Volume Profile features (VWAP, POC)...
Adding Time features (time_from_15m, time_from_max/min)...
Skipping 15m Price Action features
Redefining target with Horizon=45, TP=30, SL=25...
Adding pattern features (wr_120/240, cross flags)...
Pattern path: 363097 bars (no HMM/bar_move/volume filter)
Adding new directional features...
Adding moving average features...
  41   45   30   25 |    177  48.0%   +484.84   +2.74
[42/68] Train H=45 TP=40 SL=10…
Loading data from 2025-02-01 to 2026-05-24...
Data successfully loaded: 364578 rows.
Data loaded successfully: 364578 rows.
Features and labels prepared.
Features and labels prepared.
Adding liquidity zone indicators...
Adding liquidity zone, recovery, and equal high/low indicators...
Applying HMM Regime Filter...
Adding v14 daily range and session features...
Adding v14 multi-window features (3m, 15m, 60m)...
Adding Volume Profile features (VWAP, POC)...
Adding Time features (time_from_15m, time_from_max/min)...
Skipping 15m Price Action features
Redefining target with Horizon=45, TP=40, SL=10...
Adding pattern features (wr_120/240, cross flags)...
Pattern path: 363097 bars (no HMM/bar_move/volume filter)
Adding new directional features...
Adding moving average features...
  42   45   40   10 |    162  21.0%   +265.36   +1.64
[43/68] Train H=45 TP=40 SL=15…
Loading data from 2025-02-01 to 2026-05-24...
Data successfully loaded: 364578 rows.
Data loaded successfully: 364578 rows.
Features and labels prepared.
Features and labels prepared.
Adding liquidity zone indicators...
Adding liquidity zone, recovery, and equal high/low indicators...
Applying HMM Regime Filter...
Adding v14 daily range and session features...
Adding v14 multi-window features (3m, 15m, 60m)...
Adding Volume Profile features (VWAP, POC)...
Adding Time features (time_from_15m, time_from_max/min)...
Skipping 15m Price Action features
Redefining target with Horizon=45, TP=40, SL=15...
Adding pattern features (wr_120/240, cross flags)...
Pattern path: 363097 bars (no HMM/bar_move/volume filter)
Adding new directional features...
Adding moving average features...
  43   45   40   15 |    104  38.5%   +807.21   +7.76
[44/68] Train H=45 TP=40 SL=20…
Loading data from 2025-02-01 to 2026-05-24...
Data successfully loaded: 364578 rows.
Data loaded successfully: 364578 rows.
Features and labels prepared.
Features and labels prepared.
Adding liquidity zone indicators...
Adding liquidity zone, recovery, and equal high/low indicators...
Applying HMM Regime Filter...
Adding v14 daily range and session features...
Adding v14 multi-window features (3m, 15m, 60m)...
Adding Volume Profile features (VWAP, POC)...
Adding Time features (time_from_15m, time_from_max/min)...
Skipping 15m Price Action features
Redefining target with Horizon=45, TP=40, SL=20...
Adding pattern features (wr_120/240, cross flags)...
Pattern path: 363097 bars (no HMM/bar_move/volume filter)
Adding new directional features...
Adding moving average features...
  44   45   40   20 |     92  37.0%   +410.63   +4.46
[45/68] Train H=45 TP=40 SL=25…
Loading data from 2025-02-01 to 2026-05-24...
Data successfully loaded: 364578 rows.
Data loaded successfully: 364578 rows.
Features and labels prepared.
Features and labels prepared.
Adding liquidity zone indicators...
Adding liquidity zone, recovery, and equal high/low indicators...
Applying HMM Regime Filter...
Adding v14 daily range and session features...
Adding v14 multi-window features (3m, 15m, 60m)...
Adding Volume Profile features (VWAP, POC)...
Adding Time features (time_from_15m, time_from_max/min)...
Skipping 15m Price Action features
Redefining target with Horizon=45, TP=40, SL=25...
Adding pattern features (wr_120/240, cross flags)...
Pattern path: 363097 bars (no HMM/bar_move/volume filter)
Adding new directional features...
Adding moving average features...
  45   45   40   25 |     93  46.2%   +551.21   +5.93
[46/68] Train H=45 TP=40 SL=30…
Loading data from 2025-02-01 to 2026-05-24...
Data successfully loaded: 364578 rows.
Data loaded successfully: 364578 rows.
Features and labels prepared.
Features and labels prepared.
Adding liquidity zone indicators...
Adding liquidity zone, recovery, and equal high/low indicators...
Applying HMM Regime Filter...
Adding v14 daily range and session features...
Adding v14 multi-window features (3m, 15m, 60m)...
Adding Volume Profile features (VWAP, POC)...
Adding Time features (time_from_15m, time_from_max/min)...
Skipping 15m Price Action features
Redefining target with Horizon=45, TP=40, SL=30...
Adding pattern features (wr_120/240, cross flags)...
Pattern path: 363097 bars (no HMM/bar_move/volume filter)
Adding new directional features...
Adding moving average features...
  46   45   40   30 |     98  50.0%   +824.10   +8.41
[47/68] Train H=45 TP=45 SL=10…
Loading data from 2025-02-01 to 2026-05-24...
Data successfully loaded: 364578 rows.
Data loaded successfully: 364578 rows.
Features and labels prepared.
Features and labels prepared.
Adding liquidity zone indicators...
Adding liquidity zone, recovery, and equal high/low indicators...
Applying HMM Regime Filter...
Adding v14 daily range and session features...
Adding v14 multi-window features (3m, 15m, 60m)...
Adding Volume Profile features (VWAP, POC)...
Adding Time features (time_from_15m, time_from_max/min)...
Skipping 15m Price Action features
Redefining target with Horizon=45, TP=45, SL=10...
Adding pattern features (wr_120/240, cross flags)...
Pattern path: 363097 bars (no HMM/bar_move/volume filter)
Adding new directional features...
Adding moving average features...
  47   45   45   10 |     86  19.8%   +187.83   +2.18
[48/68] Train H=45 TP=45 SL=15…
Loading data from 2025-02-01 to 2026-05-24...
Data successfully loaded: 364578 rows.
Data loaded successfully: 364578 rows.
Features and labels prepared.
Features and labels prepared.
Adding liquidity zone indicators...
Adding liquidity zone, recovery, and equal high/low indicators...
Applying HMM Regime Filter...
Adding v14 daily range and session features...
Adding v14 multi-window features (3m, 15m, 60m)...
Adding Volume Profile features (VWAP, POC)...
Adding Time features (time_from_15m, time_from_max/min)...
Skipping 15m Price Action features
Redefining target with Horizon=45, TP=45, SL=15...
Adding pattern features (wr_120/240, cross flags)...
Pattern path: 363097 bars (no HMM/bar_move/volume filter)
Adding new directional features...
Adding moving average features...
  48   45   45   15 |     76  28.9%   +160.54   +2.11
[49/68] Train H=45 TP=45 SL=20…
Loading data from 2025-02-01 to 2026-05-24...
Data successfully loaded: 364578 rows.
Data loaded successfully: 364578 rows.
Features and labels prepared.
Features and labels prepared.
Adding liquidity zone indicators...
Adding liquidity zone, recovery, and equal high/low indicators...
Applying HMM Regime Filter...
Adding v14 daily range and session features...
Adding v14 multi-window features (3m, 15m, 60m)...
Adding Volume Profile features (VWAP, POC)...
Adding Time features (time_from_15m, time_from_max/min)...
Skipping 15m Price Action features
Redefining target with Horizon=45, TP=45, SL=20...
Adding pattern features (wr_120/240, cross flags)...
Pattern path: 363097 bars (no HMM/bar_move/volume filter)
Adding new directional features...
Adding moving average features...
  49   45   45   20 |     62  41.9%   +486.24   +7.84
[50/68] Train H=45 TP=45 SL=25…
Loading data from 2025-02-01 to 2026-05-24...
Data successfully loaded: 364578 rows.
Data loaded successfully: 364578 rows.
Features and labels prepared.
Features and labels prepared.
Adding liquidity zone indicators...
Adding liquidity zone, recovery, and equal high/low indicators...
Applying HMM Regime Filter...
Adding v14 daily range and session features...
Adding v14 multi-window features (3m, 15m, 60m)...
Adding Volume Profile features (VWAP, POC)...
Adding Time features (time_from_15m, time_from_max/min)...
Skipping 15m Price Action features
Redefining target with Horizon=45, TP=45, SL=25...
Adding pattern features (wr_120/240, cross flags)...
Pattern path: 363097 bars (no HMM/bar_move/volume filter)
Adding new directional features...
Adding moving average features...
  50   45   45   25 |     58  48.3%   +554.73   +9.56
[51/68] Train H=45 TP=45 SL=30…
Loading data from 2025-02-01 to 2026-05-24...
Data successfully loaded: 364578 rows.
Data loaded successfully: 364578 rows.
Features and labels prepared.
Features and labels prepared.
Adding liquidity zone indicators...
Adding liquidity zone, recovery, and equal high/low indicators...
Applying HMM Regime Filter...
Adding v14 daily range and session features...
Adding v14 multi-window features (3m, 15m, 60m)...
Adding Volume Profile features (VWAP, POC)...
Adding Time features (time_from_15m, time_from_max/min)...
Skipping 15m Price Action features
Redefining target with Horizon=45, TP=45, SL=30...
Adding pattern features (wr_120/240, cross flags)...
Pattern path: 363097 bars (no HMM/bar_move/volume filter)
Adding new directional features...
Adding moving average features...
  51   45   45   30 |     61  62.3%   +813.47  +13.34
[52/68] Train H=60 TP=15 SL=10…
Loading data from 2025-02-01 to 2026-05-24...
Data successfully loaded: 364578 rows.
Data loaded successfully: 364578 rows.
Features and labels prepared.
Features and labels prepared.
Adding liquidity zone indicators...
Adding liquidity zone, recovery, and equal high/low indicators...
Applying HMM Regime Filter...
Adding v14 daily range and session features...
Adding v14 multi-window features (3m, 15m, 60m)...
Adding Volume Profile features (VWAP, POC)...
Adding Time features (time_from_15m, time_from_max/min)...
Skipping 15m Price Action features
Redefining target with Horizon=60, TP=15, SL=10...
Adding pattern features (wr_120/240, cross flags)...
Pattern path: 363082 bars (no HMM/bar_move/volume filter)
Adding new directional features...
Adding moving average features...
  52   60   15   10 |    758  31.9%   -587.48   -0.78
[53/68] Train H=60 TP=20 SL=10…
Loading data from 2025-02-01 to 2026-05-24...
Data successfully loaded: 364578 rows.
Data loaded successfully: 364578 rows.
Features and labels prepared.
Features and labels prepared.
Adding liquidity zone indicators...
Adding liquidity zone, recovery, and equal high/low indicators...
Applying HMM Regime Filter...
Adding v14 daily range and session features...
Adding v14 multi-window features (3m, 15m, 60m)...
Adding Volume Profile features (VWAP, POC)...
Adding Time features (time_from_15m, time_from_max/min)...
Skipping 15m Price Action features
Redefining target with Horizon=60, TP=20, SL=10...
Adding pattern features (wr_120/240, cross flags)...
Pattern path: 363082 bars (no HMM/bar_move/volume filter)
Adding new directional features...
Adding moving average features...
  53   60   20   10 |    542  27.3%   -246.00   -0.45
[54/68] Train H=60 TP=20 SL=15…
Loading data from 2025-02-01 to 2026-05-24...
Data successfully loaded: 364578 rows.
Data loaded successfully: 364578 rows.
Features and labels prepared.
Features and labels prepared.
Adding liquidity zone indicators...
Adding liquidity zone, recovery, and equal high/low indicators...
Applying HMM Regime Filter...
Adding v14 daily range and session features...
Adding v14 multi-window features (3m, 15m, 60m)...
Adding Volume Profile features (VWAP, POC)...
Adding Time features (time_from_15m, time_from_max/min)...
Skipping 15m Price Action features
Redefining target with Horizon=60, TP=20, SL=15...
Adding pattern features (wr_120/240, cross flags)...
Pattern path: 363082 bars (no HMM/bar_move/volume filter)
Adding new directional features...
Adding moving average features...
  54   60   20   15 |    515  36.1%   -556.75   -1.08
[55/68] Train H=60 TP=30 SL=10…
Loading data from 2025-02-01 to 2026-05-24...
Data successfully loaded: 364578 rows.
Data loaded successfully: 364578 rows.
Features and labels prepared.
Features and labels prepared.
Adding liquidity zone indicators...
Adding liquidity zone, recovery, and equal high/low indicators...
Applying HMM Regime Filter...
Adding v14 daily range and session features...
Adding v14 multi-window features (3m, 15m, 60m)...
Adding Volume Profile features (VWAP, POC)...
Adding Time features (time_from_15m, time_from_max/min)...
Skipping 15m Price Action features
Redefining target with Horizon=60, TP=30, SL=10...
Adding pattern features (wr_120/240, cross flags)...
Pattern path: 363082 bars (no HMM/bar_move/volume filter)
Adding new directional features...
Adding moving average features...
  55   60   30   10 |    305  25.2%   +300.75   +0.99
[56/68] Train H=60 TP=30 SL=15…
Loading data from 2025-02-01 to 2026-05-24...
Data successfully loaded: 364578 rows.
Data loaded successfully: 364578 rows.
Features and labels prepared.
Features and labels prepared.
Adding liquidity zone indicators...
Adding liquidity zone, recovery, and equal high/low indicators...
Applying HMM Regime Filter...
Adding v14 daily range and session features...
Adding v14 multi-window features (3m, 15m, 60m)...
Adding Volume Profile features (VWAP, POC)...
Adding Time features (time_from_15m, time_from_max/min)...
Skipping 15m Price Action features
Redefining target with Horizon=60, TP=30, SL=15...
Adding pattern features (wr_120/240, cross flags)...
Pattern path: 363082 bars (no HMM/bar_move/volume filter)
Adding new directional features...
Adding moving average features...
  56   60   30   15 |    278  31.7%   +109.36   +0.39
[57/68] Train H=60 TP=30 SL=20…
Loading data from 2025-02-01 to 2026-05-24...
Data successfully loaded: 364578 rows.
Data loaded successfully: 364578 rows.
Features and labels prepared.
Features and labels prepared.
Adding liquidity zone indicators...
Adding liquidity zone, recovery, and equal high/low indicators...
Applying HMM Regime Filter...
Adding v14 daily range and session features...
Adding v14 multi-window features (3m, 15m, 60m)...
Adding Volume Profile features (VWAP, POC)...
Adding Time features (time_from_15m, time_from_max/min)...
Skipping 15m Price Action features
Redefining target with Horizon=60, TP=30, SL=20...
Adding pattern features (wr_120/240, cross flags)...
Pattern path: 363082 bars (no HMM/bar_move/volume filter)
Adding new directional features...
Adding moving average features...
  57   60   30   20 |    266  37.2%   +185.95   +0.70
[58/68] Train H=60 TP=30 SL=25…
Loading data from 2025-02-01 to 2026-05-24...
Data successfully loaded: 364578 rows.
Data loaded successfully: 364578 rows.
Features and labels prepared.
Features and labels prepared.
Adding liquidity zone indicators...
Adding liquidity zone, recovery, and equal high/low indicators...
Applying HMM Regime Filter...
Adding v14 daily range and session features...
Adding v14 multi-window features (3m, 15m, 60m)...
Adding Volume Profile features (VWAP, POC)...
Adding Time features (time_from_15m, time_from_max/min)...
Skipping 15m Price Action features
Redefining target with Horizon=60, TP=30, SL=25...
Adding pattern features (wr_120/240, cross flags)...
Pattern path: 363082 bars (no HMM/bar_move/volume filter)
Adding new directional features...
Adding moving average features...
  58   60   30   25 |    232  42.7%   +150.02   +0.65
[59/68] Train H=60 TP=40 SL=10…
Loading data from 2025-02-01 to 2026-05-24...
Data successfully loaded: 364578 rows.
Data loaded successfully: 364578 rows.
Features and labels prepared.
Features and labels prepared.
Adding liquidity zone indicators...
Adding liquidity zone, recovery, and equal high/low indicators...
Applying HMM Regime Filter...
Adding v14 daily range and session features...
Adding v14 multi-window features (3m, 15m, 60m)...
Adding Volume Profile features (VWAP, POC)...
Adding Time features (time_from_15m, time_from_max/min)...
Skipping 15m Price Action features
Redefining target with Horizon=60, TP=40, SL=10...
Adding pattern features (wr_120/240, cross flags)...
Pattern path: 363082 bars (no HMM/bar_move/volume filter)
Adding new directional features...
Adding moving average features...
  59   60   40   10 |    156  22.4%   +525.60   +3.37
[60/68] Train H=60 TP=40 SL=15…
Loading data from 2025-02-01 to 2026-05-24...
Data successfully loaded: 364578 rows.
Data loaded successfully: 364578 rows.
Features and labels prepared.
Features and labels prepared.
Adding liquidity zone indicators...
Adding liquidity zone, recovery, and equal high/low indicators...
Applying HMM Regime Filter...
Adding v14 daily range and session features...
Adding v14 multi-window features (3m, 15m, 60m)...
Adding Volume Profile features (VWAP, POC)...
Adding Time features (time_from_15m, time_from_max/min)...
Skipping 15m Price Action features
Redefining target with Horizon=60, TP=40, SL=15...
Adding pattern features (wr_120/240, cross flags)...
Pattern path: 363082 bars (no HMM/bar_move/volume filter)
Adding new directional features...
Adding moving average features...
  60   60   40   15 |    138  33.3%   +705.60   +5.11
[61/68] Train H=60 TP=40 SL=20…
Loading data from 2025-02-01 to 2026-05-24...
Data successfully loaded: 364578 rows.
Data loaded successfully: 364578 rows.
Features and labels prepared.
Features and labels prepared.
Adding liquidity zone indicators...
Adding liquidity zone, recovery, and equal high/low indicators...
Applying HMM Regime Filter...
Adding v14 daily range and session features...
Adding v14 multi-window features (3m, 15m, 60m)...
Adding Volume Profile features (VWAP, POC)...
Adding Time features (time_from_15m, time_from_max/min)...
Skipping 15m Price Action features
Redefining target with Horizon=60, TP=40, SL=20...
Adding pattern features (wr_120/240, cross flags)...
Pattern path: 363082 bars (no HMM/bar_move/volume filter)
Adding new directional features...
Adding moving average features...
  61   60   40   20 |    108  35.2%   +438.35   +4.06
[62/68] Train H=60 TP=40 SL=25…
Loading data from 2025-02-01 to 2026-05-24...
Data successfully loaded: 364578 rows.
Data loaded successfully: 364578 rows.
Features and labels prepared.
Features and labels prepared.
Adding liquidity zone indicators...
Adding liquidity zone, recovery, and equal high/low indicators...
Applying HMM Regime Filter...
Adding v14 daily range and session features...
Adding v14 multi-window features (3m, 15m, 60m)...
Adding Volume Profile features (VWAP, POC)...
Adding Time features (time_from_15m, time_from_max/min)...
Skipping 15m Price Action features
Redefining target with Horizon=60, TP=40, SL=25...
Adding pattern features (wr_120/240, cross flags)...
Pattern path: 363082 bars (no HMM/bar_move/volume filter)
Adding new directional features...
Adding moving average features...
  62   60   40   25 |    102  44.1%   +609.41   +5.97
[63/68] Train H=60 TP=40 SL=30…
Loading data from 2025-02-01 to 2026-05-24...
Data successfully loaded: 364578 rows.
Data loaded successfully: 364578 rows.
Features and labels prepared.
Features and labels prepared.
Adding liquidity zone indicators...
Adding liquidity zone, recovery, and equal high/low indicators...
Applying HMM Regime Filter...
Adding v14 daily range and session features...
Adding v14 multi-window features (3m, 15m, 60m)...
Adding Volume Profile features (VWAP, POC)...
Adding Time features (time_from_15m, time_from_max/min)...
Skipping 15m Price Action features
Redefining target with Horizon=60, TP=40, SL=30...
Adding pattern features (wr_120/240, cross flags)...
Pattern path: 363082 bars (no HMM/bar_move/volume filter)
Adding new directional features...
Adding moving average features...
  63   60   40   30 |     97  47.4%   +609.26   +6.28
[64/68] Train H=60 TP=45 SL=10…
Loading data from 2025-02-01 to 2026-05-24...
Data successfully loaded: 364578 rows.
Data loaded successfully: 364578 rows.
Features and labels prepared.
Features and labels prepared.
Adding liquidity zone indicators...
Adding liquidity zone, recovery, and equal high/low indicators...
Applying HMM Regime Filter...
Adding v14 daily range and session features...
Adding v14 multi-window features (3m, 15m, 60m)...
Adding Volume Profile features (VWAP, POC)...
Adding Time features (time_from_15m, time_from_max/min)...
Skipping 15m Price Action features
Redefining target with Horizon=60, TP=45, SL=10...
Adding pattern features (wr_120/240, cross flags)...
Pattern path: 363082 bars (no HMM/bar_move/volume filter)
Adding new directional features...
Adding moving average features...
  64   60   45   10 |    148  20.9%   +499.03   +3.37
[65/68] Train H=60 TP=45 SL=15…
Loading data from 2025-02-01 to 2026-05-24...
Data successfully loaded: 364578 rows.
Data loaded successfully: 364578 rows.
Features and labels prepared.
Features and labels prepared.
Adding liquidity zone indicators...
Adding liquidity zone, recovery, and equal high/low indicators...
Applying HMM Regime Filter...
Adding v14 daily range and session features...
Adding v14 multi-window features (3m, 15m, 60m)...
Adding Volume Profile features (VWAP, POC)...
Adding Time features (time_from_15m, time_from_max/min)...
Skipping 15m Price Action features
Redefining target with Horizon=60, TP=45, SL=15...
Adding pattern features (wr_120/240, cross flags)...
Pattern path: 363082 bars (no HMM/bar_move/volume filter)
Adding new directional features...
Adding moving average features...
  65   60   45   15 |     92  30.4%   +507.38   +5.51
[66/68] Train H=60 TP=45 SL=20…
Loading data from 2025-02-01 to 2026-05-24...
Data successfully loaded: 364578 rows.
Data loaded successfully: 364578 rows.
Features and labels prepared.
Features and labels prepared.
Adding liquidity zone indicators...
Adding liquidity zone, recovery, and equal high/low indicators...
Applying HMM Regime Filter...
Adding v14 daily range and session features...
Adding v14 multi-window features (3m, 15m, 60m)...
Adding Volume Profile features (VWAP, POC)...
Adding Time features (time_from_15m, time_from_max/min)...
Skipping 15m Price Action features
Redefining target with Horizon=60, TP=45, SL=20...
Adding pattern features (wr_120/240, cross flags)...
Pattern path: 363082 bars (no HMM/bar_move/volume filter)
Adding new directional features...
Adding moving average features...
  66   60   45   20 |     82  35.4%   +414.50   +5.05
[67/68] Train H=60 TP=45 SL=25…
Loading data from 2025-02-01 to 2026-05-24...
Data successfully loaded: 364578 rows.
Data loaded successfully: 364578 rows.
Features and labels prepared.
Features and labels prepared.
Adding liquidity zone indicators...
Adding liquidity zone, recovery, and equal high/low indicators...
Applying HMM Regime Filter...
Adding v14 daily range and session features...
Adding v14 multi-window features (3m, 15m, 60m)...
Adding Volume Profile features (VWAP, POC)...
Adding Time features (time_from_15m, time_from_max/min)...
Skipping 15m Price Action features
Redefining target with Horizon=60, TP=45, SL=25...
Adding pattern features (wr_120/240, cross flags)...
Pattern path: 363082 bars (no HMM/bar_move/volume filter)
Adding new directional features...
Adding moving average features...
  67   60   45   25 |     72  44.4%   +517.75   +7.19
[68/68] Train H=60 TP=45 SL=30…
Loading data from 2025-02-01 to 2026-05-24...
Data successfully loaded: 364578 rows.
Data loaded successfully: 364578 rows.
Features and labels prepared.
Features and labels prepared.
Adding liquidity zone indicators...
Adding liquidity zone, recovery, and equal high/low indicators...
Applying HMM Regime Filter...
Adding v14 daily range and session features...
Adding v14 multi-window features (3m, 15m, 60m)...
Adding Volume Profile features (VWAP, POC)...
Adding Time features (time_from_15m, time_from_max/min)...
Skipping 15m Price Action features
Redefining target with Horizon=60, TP=45, SL=30...
Adding pattern features (wr_120/240, cross flags)...
Pattern path: 363082 bars (no HMM/bar_move/volume filter)
Adding new directional features...
Adding moving average features...
  68   60   45   30 |     79  48.1%   +625.96   +7.92

Saved -> /Users/alpha/Desktop/python/AlphaGold/runtime/sweep_uptrend_retrace_retrain.csv

Top combos (≥10 trades):
 horizon  tp  sl  pattern_bars  signals  trades  win_rate  net_pnl  avg_pnl
      15  20  15         37881     2362     381      45.7  1206.75     3.17
      30  40  20         37881      554      74      54.1   865.23    11.69
      30  40  30         37881      665      74      62.2   848.09    11.46
      45  40  30         37881     1305      98      50.0   824.10     8.41
      45  45  30         37881      698      61      62.3   813.47    13.34
      45  40  15         37881     1128     104      38.5   807.21     7.76
      30  45  20         37881      326      58      53.4   781.15    13.47
      30  40  15         37881      516      89      40.4   771.66     8.67
      30  40  10         37881      493     106      34.9   742.69     7.01
      15  20  10         37881     2408     495      34.7   736.09     1.49
      30  40  25         37881      544      74      52.7   715.57     9.67
      60  40  15         37881     1340     138      33.3   705.60     5.11
      15  30  10         37881      544     166      31.9   695.75     4.19
      15  30  20         37881      592     123      50.4   692.27     5.63
      15  30  15         37881      620     146      41.8   688.63     4.72

Best: H=15 TP=20 SL=15 → 381 trades WR=45.7% PnL=+1206.8
