
======================================================================
  Uptrend retrace RETRAIN sweep  |  2025-06-01 → 2026-05-23
  Definition: rise≥30  drop≥10  |  prob≥0.55
  PA groups: ()
  Combos: 136 (68 H/TP/SL × fixed + dynamic SL)
  Dynamic SL: SL×1.5 when atr > atr_threshold (TP fixed)
  Output: /Users/alpha/Desktop/python/AlphaGold/runtime/sweep_uptrend_retrace_retrain.csv
======================================================================

Loading data from 2025-06-01 to 2026-05-24...
Data successfully loaded: 345423 rows.
Data loaded successfully: 345423 rows.
Loading features once (shared across all H/TP/SL combos)…
Loading data from 2025-02-01 to 2026-05-24...
Data successfully loaded: 364578 rows.
Data loaded successfully: 364578 rows.
Features and labels prepared.
Features and labels prepared.
Adding liquidity zone indicators...
Adding liquidity zone, recovery, and equal high/low indicators...
Applying HMM Regime Filter...
Adding v14 daily range and session features...
Adding v14 multi-window features (3m, 15m, 60m)...
Adding Volume Profile features (VWAP, POC)...
Adding Time features (time_from_15m, time_from_max/min)...
Skipping 15m Price Action features
Redefining target with Horizon=15, TP=20, SL=15...
Adding pattern features (wr_120/240, cross flags)...
Pattern path: 363127 bars (no HMM/bar_move/volume filter)
Adding new directional features...
Adding moving average features...
Feature matrix: 363038 bars | cached horizons: [15, 30, 45, 60]

   #    H   TP   SL  Dyn | Trades    WR%    NetPnL     Avg
--------------------------------------------------------------
[1/136] Train H=15 TP=15 SL=10 dynamic_sl=no…
   1   15   15   10   no |    919  34.1%   -208.83   -0.23
[2/136] Train H=15 TP=15 SL=10 dynamic_sl=yes…
   2   15   15   10  yes |    919  34.1%   -208.83   -0.23
[3/136] Train H=15 TP=20 SL=10 dynamic_sl=no…
   3   15   20   10   no |    461  32.8%   +307.49   +0.67
[4/136] Train H=15 TP=20 SL=10 dynamic_sl=yes…
   4   15   20   10  yes |    461  32.8%   +307.49   +0.67
[5/136] Train H=15 TP=20 SL=15 dynamic_sl=no…
   5   15   20   15   no |    382  42.7%   +686.88   +1.80
[6/136] Train H=15 TP=20 SL=15 dynamic_sl=yes…
   6   15   20   15  yes |    382  42.7%   +686.88   +1.80
[7/136] Train H=15 TP=30 SL=10 dynamic_sl=no…
   7   15   30   10   no |    149  33.6%   +647.19   +4.34
[8/136] Train H=15 TP=30 SL=10 dynamic_sl=yes…
   8   15   30   10  yes |    149  33.6%   +647.19   +4.34
[9/136] Train H=15 TP=30 SL=15 dynamic_sl=no…
   9   15   30   15   no |    124  45.2%   +771.84   +6.22
[10/136] Train H=15 TP=30 SL=15 dynamic_sl=yes…
  10   15   30   15  yes |    124  45.2%   +771.84   +6.22
[11/136] Train H=15 TP=30 SL=20 dynamic_sl=no…
  11   15   30   20   no |    103  45.6%   +479.19   +4.65
[12/136] Train H=15 TP=30 SL=20 dynamic_sl=yes…
  12   15   30   20  yes |    103  45.6%   +479.19   +4.65
[13/136] Train H=15 TP=30 SL=25 dynamic_sl=no…
  13   15   30   25   no |    107  57.0%   +878.95   +8.21
[14/136] Train H=15 TP=30 SL=25 dynamic_sl=yes…
  14   15   30   25  yes |    107  57.0%   +878.95   +8.21
[15/136] Train H=15 TP=40 SL=10 dynamic_sl=no…
  15   15   40   10   no |     63  44.4%   +515.58   +8.18
[16/136] Train H=15 TP=40 SL=10 dynamic_sl=yes…
  16   15   40   10  yes |     63  44.4%   +515.58   +8.18
[17/136] Train H=15 TP=40 SL=15 dynamic_sl=no…
  17   15   40   15   no |     53  45.3%   +426.54   +8.05
[18/136] Train H=15 TP=40 SL=15 dynamic_sl=yes…
  18   15   40   15  yes |     53  45.3%   +426.54   +8.05
[19/136] Train H=15 TP=40 SL=20 dynamic_sl=no…
