
======================================================================
  Breakthrough SHORT RETRAIN sweep  |  2025-06-01 → 2026-05-23
  Gate: WR(90)<-70, ret_3m<-10  |  prob≥0.55
  Combos: 68 (retrain + backtest each)
  Output: /Users/alpha/Desktop/python/AlphaGold/runtime/sweep_breakthrough_short_retrain.csv
======================================================================

Loading data from 2025-06-01 to 2026-05-24...
Data successfully loaded: 345423 rows.
Data loaded successfully: 345423 rows.
Loading features once (shared across all H/TP/SL combos)…
Loading data from 2025-02-01 to 2026-05-24...
Data successfully loaded: 364578 rows.
Data loaded successfully: 364578 rows.
Features and labels prepared.
Features and labels prepared.
Adding liquidity zone indicators...
Adding liquidity zone, recovery, and equal high/low indicators...
Applying HMM Regime Filter...
Adding v14 daily range and session features...
Adding v14 multi-window features (3m, 15m, 60m)...
Adding Volume Profile features (VWAP, POC)...
Adding Time features (time_from_15m, time_from_max/min)...
Skipping 15m Price Action features
Redefining target with Horizon=15, TP=20, SL=15...
Adding pattern features (wr_120/240, cross flags)...
Pattern path: 363127 bars (no HMM/bar_move/volume filter)
Adding new directional features...
Adding moving average features...
Feature matrix: 363038 bars | cached horizons: [15, 30, 45, 60]

   #    H   TP   SL | Trades    WR%    NetPnL     Avg
----------------------------------------------------
[1/68] Train H=15 TP=15 SL=10…
   1   15   15   10 |    204  39.2%   +127.32   +0.62
[2/68] Train H=15 TP=20 SL=10…
   2   15   20   10 |    132  34.8%    +92.42   +0.70
[3/68] Train H=15 TP=20 SL=15…
   3   15   20   15 |    134  40.3%   +134.00   +1.00
[4/68] Train H=15 TP=30 SL=10…
   4   15   30   10 |     44  40.9%   +344.78   +7.84
[5/68] Train H=15 TP=30 SL=15…
   5   15   30   15 |     52  55.8%   +613.11  +11.79
[6/68] Train H=15 TP=30 SL=20…
   6   15   30   20 |     56  51.8%   +506.02   +9.04
[7/68] Train H=15 TP=30 SL=25…
   7   15   30   25 |     68  54.4%   +615.34   +9.05
[8/68] Train H=15 TP=40 SL=10…
   8   15   40   10 |     25  44.0%   +252.86  +10.11
[9/68] Train H=15 TP=40 SL=15…
   9   15   40   15 |     28  42.9%   +274.41   +9.80
[10/68] Train H=15 TP=40 SL=20…
  10   15   40   20 |     36  47.2%   +236.99   +6.58
[11/68] Train H=15 TP=40 SL=25…
  11   15   40   25 |     44  63.6%   +574.98  +13.07
[12/68] Train H=15 TP=40 SL=30…
  12   15   40   30 |     40  57.5%   +461.73  +11.54
[13/68] Train H=15 TP=45 SL=10…
  13   15   45   10 |     24  45.8%   +340.22  +14.18
[14/68] Train H=15 TP=45 SL=15…
  14   15   45   15 |     31  51.6%   +445.12  +14.36
[15/68] Train H=15 TP=45 SL=20…
  15   15   45   20 |     33  42.4%   +288.10   +8.73
[16/68] Train H=15 TP=45 SL=25…
  16   15   45   25 |     37  48.6%   +416.06  +11.24
[17/68] Train H=15 TP=45 SL=30…
  17   15   45   30 |     34  55.9%   +567.57  +16.69
[18/68] Train H=30 TP=15 SL=10…
  18   30   15   10 |    210  38.1%    +51.91   +0.25
[19/68] Train H=30 TP=20 SL=10…
  19   30   20   10 |    145  33.8%    +29.31   +0.20
[20/68] Train H=30 TP=20 SL=15…
  20   30   20   15 |    195  47.7%   +506.17   +2.60
[21/68] Train H=30 TP=30 SL=10…
  21   30   30   10 |     78  29.5%   +104.35   +1.34
[22/68] Train H=30 TP=30 SL=15…
  22   30   30   15 |     86  36.0%   +115.81   +1.35
[23/68] Train H=30 TP=30 SL=20…
  23   30   30   20 |     90  40.0%    -24.88   -0.28
[24/68] Train H=30 TP=30 SL=25…
  24   30   30   25 |    101  46.5%   +256.10   +2.54
[25/68] Train H=30 TP=40 SL=10…
  25   30   40   10 |     48  37.5%   +527.86  +11.00
[26/68] Train H=30 TP=40 SL=15…
  26   30   40   15 |     66  39.4%   +483.24   +7.32
[27/68] Train H=30 TP=40 SL=20…
  27   30   40   20 |     58  43.1%   +460.95   +7.95
[28/68] Train H=30 TP=40 SL=25…
  28   30   40   25 |     64  50.0%   +564.00   +8.81
[29/68] Train H=30 TP=40 SL=30…
  29   30   40   30 |     57  54.4%   +751.25  +13.18
[30/68] Train H=30 TP=45 SL=10…
  30   30   45   10 |     44  29.5%   +342.21   +7.78
[31/68] Train H=30 TP=45 SL=15…
  31   30   45   15 |     60  33.3%   +391.72   +6.53
[32/68] Train H=30 TP=45 SL=20…
  32   30   45   20 |     55  41.8%   +470.72   +8.56
[33/68] Train H=30 TP=45 SL=25…
  33   30   45   25 |     54  48.1%   +542.90  +10.05
[34/68] Train H=30 TP=45 SL=30…
  34   30   45   30 |     51  47.1%   +537.41  +10.54
[35/68] Train H=45 TP=15 SL=10…
  35   45   15   10 |    222  36.5%    -38.93   -0.18
[36/68] Train H=45 TP=20 SL=10…
  36   45   20   10 |    180  32.2%    +33.23   +0.18
[37/68] Train H=45 TP=20 SL=15…
  37   45   20   15 |    211  45.5%   +520.50   +2.47
[38/68] Train H=45 TP=30 SL=10…
  38   45   30   10 |     88  26.1%    +53.74   +0.61
[39/68] Train H=45 TP=30 SL=15…
  39   45   30   15 |    105  41.0%   +318.28   +3.03
[40/68] Train H=45 TP=30 SL=20…
  40   45   30   20 |    122  39.3%    +17.65   +0.14
[41/68] Train H=45 TP=30 SL=25…
  41   45   30   25 |    127  39.4%   -145.35   -1.14
[42/68] Train H=45 TP=40 SL=10…
  42   45   40   10 |     55  21.8%    +48.90   +0.89
[43/68] Train H=45 TP=40 SL=15…
  43   45   40   15 |     71  38.0%   +334.57   +4.71
[44/68] Train H=45 TP=40 SL=20…
  44   45   40   20 |     69  37.7%   +146.03   +2.12
[45/68] Train H=45 TP=40 SL=25…
  45   45   40   25 |     79  45.6%   +427.87   +5.42
[46/68] Train H=45 TP=40 SL=30…
  46   45   40   30 |     71  35.2%    +75.72   +1.07
[47/68] Train H=45 TP=45 SL=10…
  47   45   45   10 |     60  23.3%    +61.83   +1.03
[48/68] Train H=45 TP=45 SL=15…
  48   45   45   15 |     72  36.1%   +313.69   +4.36
[49/68] Train H=45 TP=45 SL=20…
  49   45   45   20 |     69  42.0%   +449.76   +6.52
[50/68] Train H=45 TP=45 SL=25…
  50   45   45   25 |     66  47.0%   +715.30  +10.84
[51/68] Train H=45 TP=45 SL=30…
  51   45   45   30 |     69  40.6%   +190.50   +2.76
[52/68] Train H=60 TP=15 SL=10…
  52   60   15   10 |    211  40.8%   +183.45   +0.87
[53/68] Train H=60 TP=20 SL=10…
  53   60   20   10 |    160  32.5%    +90.90   +0.57
[54/68] Train H=60 TP=20 SL=15…
  54   60   20   15 |    214  40.2%   +274.98   +1.28
[55/68] Train H=60 TP=30 SL=10…
  55   60   30   10 |     95  28.4%   +134.02   +1.41
[56/68] Train H=60 TP=30 SL=15…
  56   60   30   15 |    118  37.3%   +393.32   +3.33
[57/68] Train H=60 TP=30 SL=20…
  57   60   30   20 |    123  36.6%    +83.52   +0.68
[58/68] Train H=60 TP=30 SL=25…
  58   60   30   25 |    135  42.2%   +199.10   +1.47
[59/68] Train H=60 TP=40 SL=10…
  59   60   40   10 |     62  24.2%   +127.35   +2.05
[60/68] Train H=60 TP=40 SL=15…
  60   60   40   15 |     74  32.4%   +320.04   +4.32
[61/68] Train H=60 TP=40 SL=20…
  61   60   40   20 |     87  36.8%   +141.47   +1.63
[62/68] Train H=60 TP=40 SL=25…
  62   60   40   25 |     91  39.6%   +333.01   +3.66
[63/68] Train H=60 TP=40 SL=30…
  63   60   40   30 |     92  40.2%   +235.91   +2.56
[64/68] Train H=60 TP=45 SL=10…
  64   60   45   10 |     52  28.8%   +184.28   +3.54
[65/68] Train H=60 TP=45 SL=15…
  65   60   45   15 |     66  33.3%   +322.60   +4.89
[66/68] Train H=60 TP=45 SL=20…
  66   60   45   20 |     68  32.4%   +154.62   +2.27
[67/68] Train H=60 TP=45 SL=25…
  67   60   45   25 |     69  29.0%    -46.10   -0.67
[68/68] Train H=60 TP=45 SL=30…
  68   60   45   30 |     71  36.6%   +199.36   +2.81

Saved -> /Users/alpha/Desktop/python/AlphaGold/runtime/sweep_breakthrough_short_retrain.csv

Top combos (≥10 trades):
 horizon  tp  sl  pattern_bars  signals  trades  win_rate  net_pnl  avg_pnl
      30  40  30          2421      175      57      54.4   751.25    13.18
      45  45  25          2421      158      66      47.0   715.30    10.84
      15  30  25          2421      179      68      54.4   615.34     9.05
      15  30  15          2421      135      52      55.8   613.11    11.79
      15  40  25          2421      113      44      63.6   574.98    13.07
      15  45  30          2421       94      34      55.9   567.57    16.69
      30  40  25          2421      177      64      50.0   564.00     8.81
      30  45  25          2421      155      54      48.1   542.90    10.05
      30  45  30          2421      153      51      47.1   537.41    10.54
      30  40  10          2421      104      48      37.5   527.86    11.00
      45  20  15          2421      429     211      45.5   520.50     2.47
      30  20  15          2421      366     195      47.7   506.17     2.60
      15  30  20          2421      144      56      51.8   506.02     9.04
      30  40  15          2421      168      66      39.4   483.24     7.32
      30  45  20          2421      133      55      41.8   470.72     8.56

Best: H=30 TP=40 SL=30 → 57 trades WR=54.4% PnL=+751.2
Baseline H=30 TP=20 SL=15: 195 trades WR=47.7% PnL=+506.2
