
======================================================================
  Uptrend retrace RETRAIN sweep  |  2025-06-01 → 2026-05-23
  Definition: rise≥30  drop≥10  |  prob≥0.55
  PA groups: ()
  Combos: 68 (retrain + backtest each)
  Refresh  : exec max TP/H + dynamic target (no stop trail)
  Output: /Users/alpha/Desktop/python/AlphaGold/runtime/sweep_uptrend_retrace_retrain_upgrade_tp.csv
======================================================================

Loading data from 2025-06-01 to 2026-05-24...
Data successfully loaded: 345423 rows.
Data loaded successfully: 345423 rows.
Loading features once (shared across all H/TP/SL combos)…
Loading data from 2025-02-01 to 2026-05-24...
Data successfully loaded: 364578 rows.
Data loaded successfully: 364578 rows.
Features and labels prepared.
Features and labels prepared.
Adding liquidity zone indicators...
Adding liquidity zone, recovery, and equal high/low indicators...
Applying HMM Regime Filter...
Adding v14 daily range and session features...
Adding v14 multi-window features (3m, 15m, 60m)...
Adding Volume Profile features (VWAP, POC)...
Adding Time features (time_from_15m, time_from_max/min)...
Skipping 15m Price Action features
Redefining target with Horizon=15, TP=20, SL=15...
Adding pattern features (wr_120/240, cross flags)...
Pattern path: 363127 bars (no HMM/bar_move/volume filter)
Adding new directional features...
Adding moving average features...
Feature matrix: 363038 bars | cached horizons: [15, 30, 45, 60]

   #    H   TP   SL | Trades    WR%    NetPnL     Avg
----------------------------------------------------
[1/68] Train H=15 TP=15 SL=10…
   1   15   15   10 |    919  34.1%   -208.83   -0.23
[2/68] Train H=15 TP=20 SL=10…
   2   15   20   10 |    461  32.8%   +307.49   +0.67
[3/68] Train H=15 TP=20 SL=15…
   3   15   20   15 |    382  42.7%   +686.88   +1.80
[4/68] Train H=15 TP=30 SL=10…
   4   15   30   10 |    149  33.6%   +647.19   +4.34
[5/68] Train H=15 TP=30 SL=15…
   5   15   30   15 |    124  45.2%   +771.84   +6.22
[6/68] Train H=15 TP=30 SL=20…
   6   15   30   20 |    103  45.6%   +479.19   +4.65
[7/68] Train H=15 TP=30 SL=25…
   7   15   30   25 |    107  57.0%   +878.95   +8.21
[8/68] Train H=15 TP=40 SL=10…
   8   15   40   10 |     63  44.4%   +515.58   +8.18
[9/68] Train H=15 TP=40 SL=15…
   9   15   40   15 |     53  45.3%   +426.54   +8.05
[10/68] Train H=15 TP=40 SL=20…
  10   15   40   20 |     46  54.3%   +501.59  +10.90
[11/68] Train H=15 TP=40 SL=25…
  11   15   40   25 |     39  53.8%   +289.81   +7.43
[12/68] Train H=15 TP=40 SL=30…
  12   15   40   30 |     41  51.2%   +222.89   +5.44
[13/68] Train H=15 TP=45 SL=10…
  13   15   45   10 |     34  50.0%   +421.46  +12.40
[14/68] Train H=15 TP=45 SL=15…
  14   15   45   15 |     21  61.9%   +407.51  +19.41
[15/68] Train H=15 TP=45 SL=20…
  15   15   45   20 |     22  72.7%   +548.73  +24.94
[16/68] Train H=15 TP=45 SL=25…
  16   15   45   25 |     20  70.0%   +437.87  +21.89
[17/68] Train H=15 TP=45 SL=30…
  17   15   45   30 |     19  73.7%   +531.87  +27.99
[18/68] Train H=30 TP=15 SL=10…
  18   30   15   10 |    637  32.2%   -504.68   -0.79
[19/68] Train H=30 TP=20 SL=10…
  19   30   20   10 |    566  27.2%   -579.85   -1.02
[20/68] Train H=30 TP=20 SL=15…
  20   30   20   15 |    515  36.1%   -569.44   -1.11
[21/68] Train H=30 TP=30 SL=10…
  21   30   30   10 |    211  29.4%   +260.64   +1.24
[22/68] Train H=30 TP=30 SL=15…
  22   30   30   15 |    176  36.9%   +595.43   +3.38
[23/68] Train H=30 TP=30 SL=20…
  23   30   30   20 |    144  45.1%   +484.49   +3.36
[24/68] Train H=30 TP=30 SL=25…
  24   30   30   25 |    140  53.6%   +826.15   +5.90
[25/68] Train H=30 TP=40 SL=10…
  25   30   40   10 |    101  32.7%   +590.25   +5.84
[26/68] Train H=30 TP=40 SL=15…
  26   30   40   15 |     86  40.7%   +508.18   +5.91
[27/68] Train H=30 TP=40 SL=20…
  27   30   40   20 |     79  48.1%   +626.05   +7.92
[28/68] Train H=30 TP=40 SL=25…
  28   30   40   25 |     73  54.8%   +702.29   +9.62
[29/68] Train H=30 TP=40 SL=30…
  29   30   40   30 |     74  58.1%   +780.05  +10.54
[30/68] Train H=30 TP=45 SL=10…
  30   30   45   10 |     67  29.9%   +409.56   +6.11
[31/68] Train H=30 TP=45 SL=15…
  31   30   45   15 |     58  39.7%   +471.68   +8.13
[32/68] Train H=30 TP=45 SL=20…
  32   30   45   20 |     61  45.9%   +630.80  +10.34
[33/68] Train H=30 TP=45 SL=25…
  33   30   45   25 |     64  53.1%   +687.50  +10.74
[34/68] Train H=30 TP=45 SL=30…
  34   30   45   30 |     56  67.9%   +953.21  +17.02
[35/68] Train H=45 TP=15 SL=10…
  35   45   15   10 |    697  34.4%   -137.00   -0.20
[36/68] Train H=45 TP=20 SL=10…
  36   45   20   10 |    563  26.8%   -486.16   -0.86
[37/68] Train H=45 TP=20 SL=15…
  37   45   20   15 |    501  36.5%    -80.18   -0.16
[38/68] Train H=45 TP=30 SL=10…
  38   45   30   10 |    253  23.7%    +79.59   +0.31
[39/68] Train H=45 TP=30 SL=15…
  39   45   30   15 |    206  37.9%   +624.34   +3.03
[40/68] Train H=45 TP=30 SL=20…
  40   45   30   20 |    186  41.4%   +359.26   +1.93
[41/68] Train H=45 TP=30 SL=25…
  41   45   30   25 |    159  47.2%   +284.14   +1.79
[42/68] Train H=45 TP=40 SL=10…
  42   45   40   10 |    153  24.2%   +517.99   +3.39
[43/68] Train H=45 TP=40 SL=15…
  43   45   40   15 |    104  39.4%   +799.32   +7.69
[44/68] Train H=45 TP=40 SL=20…
  44   45   40   20 |    102  43.1%   +785.89   +7.70
[45/68] Train H=45 TP=40 SL=25…
  45   45   40   25 |     94  51.1%   +927.85   +9.87
[46/68] Train H=45 TP=40 SL=30…
  46   45   40   30 |     92  54.3%   +995.27  +10.82
[47/68] Train H=45 TP=45 SL=10…
  47   45   45   10 |    102  25.5%   +665.17   +6.52
[48/68] Train H=45 TP=45 SL=15…
  48   45   45   15 |     74  32.4%   +503.28   +6.80
[49/68] Train H=45 TP=45 SL=20…
  49   45   45   20 |     71  46.5%   +662.00   +9.32
[50/68] Train H=45 TP=45 SL=25…
  50   45   45   25 |     65  49.2%   +720.95  +11.09
[51/68] Train H=45 TP=45 SL=30…
  51   45   45   30 |     61  57.4%   +846.35  +13.87
[52/68] Train H=60 TP=15 SL=10…
  52   60   15   10 |    732  32.1%   -470.23   -0.64
[53/68] Train H=60 TP=20 SL=10…
  53   60   20   10 |    560  24.8%   -608.26   -1.09
[54/68] Train H=60 TP=20 SL=15…
  54   60   20   15 |    482  34.2%   -552.06   -1.15
[55/68] Train H=60 TP=30 SL=10…
  55   60   30   10 |    317  26.5%   +427.09   +1.35
[56/68] Train H=60 TP=30 SL=15…
  56   60   30   15 |    276  34.8%   +513.21   +1.86
[57/68] Train H=60 TP=30 SL=20…
  57   60   30   20 |    262  40.5%   +353.93   +1.35
[58/68] Train H=60 TP=30 SL=25…
  58   60   30   25 |    240  43.3%   +115.14   +0.48
[59/68] Train H=60 TP=40 SL=10…
  59   60   40   10 |    169  22.5%   +568.53   +3.36
[60/68] Train H=60 TP=40 SL=15…
  60   60   40   15 |    133  33.8%   +870.27   +6.54
[61/68] Train H=60 TP=40 SL=20…
  61   60   40   20 |    115  40.9%   +713.39   +6.20
[62/68] Train H=60 TP=40 SL=25…
  62   60   40   25 |    111  44.1%   +820.10   +7.39
[63/68] Train H=60 TP=40 SL=30…
  63   60   40   30 |    100  53.0%   +896.99   +8.97
[64/68] Train H=60 TP=45 SL=10…
  64   60   45   10 |    148  20.9%   +603.26   +4.08
[65/68] Train H=60 TP=45 SL=15…
  65   60   45   15 |     96  31.2%   +542.66   +5.65
[66/68] Train H=60 TP=45 SL=20…
  66   60   45   20 |     82  37.8%   +528.96   +6.45
[67/68] Train H=60 TP=45 SL=25…
  67   60   45   25 |     78  43.6%   +659.08   +8.45
[68/68] Train H=60 TP=45 SL=30…
  68   60   45   30 |     75  52.0%   +821.16  +10.95

Saved -> /Users/alpha/Desktop/python/AlphaGold/runtime/sweep_uptrend_retrace_retrain_upgrade_tp.csv

Top combos (≥10 trades):
 horizon  tp  sl  pattern_bars  signals  trades  win_rate  net_pnl  avg_pnl
      45  40  30         37881     1477      92      54.3   995.27    10.82
      30  45  30         37881      512      56      67.9   953.21    17.02
      45  40  25         37881     1387      94      51.1   927.85     9.87
      60  40  30         37881     1483     100      53.0   896.99     8.97
      15  30  25         37881      529     107      57.0   878.95     8.21
      60  40  15         37881     1513     133      33.8   870.27     6.54
      45  45  30         37881      874      61      57.4   846.35    13.87
      30  30  25         37881     1239     140      53.6   826.15     5.90
      60  45  30         37881     1005      75      52.0   821.16    10.95
      60  40  25         37881     1572     111      44.1   820.10     7.39
      45  40  15         37881     1222     104      39.4   799.32     7.69
      45  40  20         37881     1230     102      43.1   785.89     7.70
      30  40  30         37881      764      74      58.1   780.05    10.54
      15  30  15         37881      598     124      45.2   771.84     6.22
      45  45  25         37881      883      65      49.2   720.95    11.09

Best: H=45 TP=40 SL=30 → 92 trades WR=54.3% PnL=+995.3
