
======================================================================
  reversal_fvg_long H/TP/SL sweep  |  2025-06-01 → 2026-05-23
  Router: min_gap=0  time_from_fvg_bull<45  |  prob≥0.55
  Feature set: current  |  PA: ('fvg',)
  Combos: 68 (retrain + pattern-only backtest each)
  Output: /Users/alpha/Desktop/python/AlphaGold/runtime/sweep_reversal_fvg_long_exec.csv
======================================================================

Loading data from 2025-06-01 to 2026-05-24...
Data successfully loaded: 345423 rows.
Data loaded successfully: 345423 rows.
Loading features once…
Loading data from 2025-02-01 to 2026-05-24...
Data successfully loaded: 364578 rows.
Data loaded successfully: 364578 rows.
Features and labels prepared.
Features and labels prepared.
Adding liquidity zone indicators...
Adding liquidity zone, recovery, and equal high/low indicators...
Applying HMM Regime Filter...
Adding v14 daily range and session features...
Adding v14 multi-window features (3m, 15m, 60m)...
Adding Volume Profile features (VWAP, POC)...
Adding Time features (time_from_15m, time_from_max/min)...
Adding 15m Price Action features (group=fvg, FVG min_gap=0)...
Redefining target with Horizon=15, TP=20, SL=15...
Adding pattern features (set=current)…
Pattern path: 363052 bars (no HMM/bar_move/volume filter)
Adding new directional features...
Adding moving average features...
Feature matrix: 362963 bars | 102 features

   #    H   TP   SL | Trades    WR%    NetPnL     Avg
----------------------------------------------------
[1/68] Train H=15 TP=15 SL=10…
   1   15   15   10 |    630  36.5%   -188.87   -0.30
[2/68] Train H=15 TP=20 SL=10…
   2   15   20   10 |    305  37.0%   +177.98   +0.58
[3/68] Train H=15 TP=20 SL=15…
   3   15   20   15 |    251  40.6%     -9.71   -0.04
[4/68] Train H=15 TP=30 SL=10…
   4   15   30   10 |    126  37.3%   +403.31   +3.20
[5/68] Train H=15 TP=30 SL=15…
   5   15   30   15 |     93  49.5%   +478.39   +5.14
[6/68] Train H=15 TP=30 SL=20…
   6   15   30   20 |     92  57.6%   +449.46   +4.89
[7/68] Train H=15 TP=30 SL=25…
   7   15   30   25 |     90  48.9%   +358.93   +3.99
[8/68] Train H=15 TP=40 SL=10…
   8   15   40   10 |     32  34.4%    +51.20   +1.60
[9/68] Train H=15 TP=40 SL=15…
   9   15   40   15 |     28  42.9%    +33.68   +1.20
[10/68] Train H=15 TP=40 SL=20…
  10   15   40   20 |     28  35.7%     -6.03   -0.22
[11/68] Train H=15 TP=40 SL=25…
  11   15   40   25 |     19  26.3%    -22.38   -1.18
[12/68] Train H=15 TP=40 SL=30…
  12   15   40   30 |     19  26.3%    -46.22   -2.43
[13/68] Train H=15 TP=45 SL=10…
  13   15   45   10 |     29  31.0%    -71.25   -2.46
[14/68] Train H=15 TP=45 SL=15…
  14   15   45   15 |     18  44.4%    +18.10   +1.01
[15/68] Train H=15 TP=45 SL=20…
  15   15   45   20 |     19  47.4%    -13.48   -0.71
[16/68] Train H=15 TP=45 SL=25…
  16   15   45   25 |     19  31.6%   -160.92   -8.47
[17/68] Train H=15 TP=45 SL=30…
  17   15   45   30 |     19  36.8%   -158.96   -8.37
[18/68] Train H=30 TP=15 SL=10…
  18   30   15   10 |    794  37.0%   -167.64   -0.21
[19/68] Train H=30 TP=20 SL=10…
  19   30   20   10 |    491  33.6%   -138.95   -0.28
[20/68] Train H=30 TP=20 SL=15…
  20   30   20   15 |    417  43.2%   -243.70   -0.58
[21/68] Train H=30 TP=30 SL=10…
  21   30   30   10 |    186  30.1%     +6.15   +0.03
[22/68] Train H=30 TP=30 SL=15…
  22   30   30   15 |    154  37.0%    +18.50   +0.12
[23/68] Train H=30 TP=30 SL=20…
  23   30   30   20 |    136  44.9%    +98.57   +0.72
[24/68] Train H=30 TP=30 SL=25…
  24   30   30   25 |    123  48.8%    +63.55   +0.52
[25/68] Train H=30 TP=40 SL=10…
  25   30   40   10 |     69  39.1%   +239.42   +3.47
[26/68] Train H=30 TP=40 SL=15…
  26   30   40   15 |     67  46.3%   +176.27   +2.63
[27/68] Train H=30 TP=40 SL=20…
  27   30   40   20 |     66  48.5%   +123.04   +1.86
[28/68] Train H=30 TP=40 SL=25…
  28   30   40   25 |     60  53.3%   +191.40   +3.19
[29/68] Train H=30 TP=40 SL=30…
  29   30   40   30 |     59  57.6%   +204.57   +3.47
[30/68] Train H=30 TP=45 SL=10…
  30   30   45   10 |     36  22.2%    -56.03   -1.56
[31/68] Train H=30 TP=45 SL=15…
  31   30   45   15 |     26  53.8%   +223.37   +8.59
[32/68] Train H=30 TP=45 SL=20…
  32   30   45   20 |     29  41.4%     +1.90   +0.07
[33/68] Train H=30 TP=45 SL=25…
  33   30   45   25 |     31  45.2%    +82.17   +2.65
[34/68] Train H=30 TP=45 SL=30…
  34   30   45   30 |     31  35.5%    -47.64   -1.54
[35/68] Train H=45 TP=15 SL=10…
  35   45   15   10 |    852  36.0%   -253.80   -0.30
[36/68] Train H=45 TP=20 SL=10…
  36   45   20   10 |    546  31.3%   -239.90   -0.44
[37/68] Train H=45 TP=20 SL=15…
  37   45   20   15 |    517  39.3%   -210.85   -0.41
[38/68] Train H=45 TP=30 SL=10…
  38   45   30   10 |    201  32.8%    +91.31   +0.45
[39/68] Train H=45 TP=30 SL=15…
  39   45   30   15 |    192  39.6%   +181.97   +0.95
[40/68] Train H=45 TP=30 SL=20…
  40   45   30   20 |    169  46.7%   +123.32   +0.73
[41/68] Train H=45 TP=30 SL=25…
  41   45   30   25 |    156  50.6%   +282.24   +1.81
[42/68] Train H=45 TP=40 SL=10…
  42   45   40   10 |     84  31.0%   +196.86   +2.34
[43/68] Train H=45 TP=40 SL=15…
  43   45   40   15 |     69  37.7%   +162.96   +2.36
[44/68] Train H=45 TP=40 SL=20…
  44   45   40   20 |     64  35.9%    -57.70   -0.90
[45/68] Train H=45 TP=40 SL=25…
  45   45   40   25 |     58  41.4%    +17.39   +0.30
[46/68] Train H=45 TP=40 SL=30…
  46   45   40   30 |     56  46.4%    +68.73   +1.23
[47/68] Train H=45 TP=45 SL=10…
  47   45   45   10 |     56  25.0%   +173.04   +3.09
[48/68] Train H=45 TP=45 SL=15…
  48   45   45   15 |     55  40.0%   +364.15   +6.62
[49/68] Train H=45 TP=45 SL=20…
  49   45   45   20 |     46  39.1%   +227.45   +4.94
[50/68] Train H=45 TP=45 SL=25…
  50   45   45   25 |     46  45.7%   +297.74   +6.47
[51/68] Train H=45 TP=45 SL=30…
  51   45   45   30 |     46  47.8%   +285.00   +6.20
[52/68] Train H=60 TP=15 SL=10…
  52   60   15   10 |    903  35.1%   -564.67   -0.63
[53/68] Train H=60 TP=20 SL=10…
  53   60   20   10 |    587  31.9%   -237.93   -0.41
[54/68] Train H=60 TP=20 SL=15…
  54   60   20   15 |    561  41.4%   -103.81   -0.19
[55/68] Train H=60 TP=30 SL=10…
  55   60   30   10 |    238  33.6%   +338.80   +1.42
[56/68] Train H=60 TP=30 SL=15…
  56   60   30   15 |    220  38.2%    -90.87   -0.41
[57/68] Train H=60 TP=30 SL=20…
  57   60   30   20 |    202  42.1%    -75.46   -0.37
[58/68] Train H=60 TP=30 SL=25…
  58   60   30   25 |    180  50.6%   +351.17   +1.95
[59/68] Train H=60 TP=40 SL=10…
  59   60   40   10 |     96  27.1%    +56.03   +0.58
[60/68] Train H=60 TP=40 SL=15…
  60   60   40   15 |     83  31.3%    +97.57   +1.18
[61/68] Train H=60 TP=40 SL=20…
  61   60   40   20 |     75  40.0%   +178.57   +2.38
[62/68] Train H=60 TP=40 SL=25…
  62   60   40   25 |     74  41.9%    +34.84   +0.47
[63/68] Train H=60 TP=40 SL=30…
  63   60   40   30 |     76  46.1%    +51.87   +0.68
[64/68] Train H=60 TP=45 SL=10…
  64   60   45   10 |     53  32.1%   +231.70   +4.37
[65/68] Train H=60 TP=45 SL=15…
  65   60   45   15 |     55  38.2%   +192.54   +3.50
[66/68] Train H=60 TP=45 SL=20…
  66   60   45   20 |     51  33.3%    -17.98   -0.35
[67/68] Train H=60 TP=45 SL=25…
  67   60   45   25 |     46  43.5%   +130.05   +2.83
[68/68] Train H=60 TP=45 SL=30…
  68   60   45   30 |     49  36.7%    -26.79   -0.55

Saved -> /Users/alpha/Desktop/python/AlphaGold/runtime/sweep_reversal_fvg_long_exec.csv

Top combos (≥10 trades):
 horizon  tp  sl  pattern_bars  signals  trades  win_rate  net_pnl  avg_pnl
      15  30  15         88037      786      93      49.5   478.39     5.14
      15  30  20         88037      807      92      57.6   449.46     4.89
      15  30  10         88037      809     126      37.3   403.31     3.20
      45  45  15         88037      446      55      40.0   364.15     6.62
      15  30  25         88037      808      90      48.9   358.93     3.99
      60  30  25         88037     2855     180      50.6   351.17     1.95
      60  30  10         88037     2365     238      33.6   338.80     1.42
      45  45  25         88037      531      46      45.7   297.74     6.47
      45  45  30         88037      546      46      47.8   285.00     6.20
      45  30  25         88037     2119     156      50.6   282.24     1.81
      30  40  10         88037      481      69      39.1   239.42     3.47
      60  45  10         88037      361      53      32.1   231.70     4.37
      45  45  20         88037      480      46      39.1   227.45     4.94
      30  45  15         88037      239      26      53.8   223.37     8.59
      30  40  30         88037      621      59      57.6   204.57     3.47

Best: H=15 TP=30 SL=15 → 93 trades WR=49.5% PnL=+478.4
