
======================================================================
  Breakthrough LONG RETRAIN sweep  |  2025-06-01 → 2026-05-23
  Gate: WR(90)>-30, ret_3m>4  |  prob≥0.55
  Combos: 68 (retrain + backtest each)
  Output: /Users/alpha/Desktop/python/AlphaGold/runtime/sweep_breakthrough_long_retrain.csv
======================================================================

Loading data from 2025-06-01 to 2026-05-24...
Data successfully loaded: 345423 rows.
Data loaded successfully: 345423 rows.
Loading features once (shared across all H/TP/SL combos)…
Loading data from 2025-02-01 to 2026-05-24...
Data successfully loaded: 364578 rows.
Data loaded successfully: 364578 rows.
Features and labels prepared.
Features and labels prepared.
Adding liquidity zone indicators...
Adding liquidity zone, recovery, and equal high/low indicators...
Applying HMM Regime Filter...
Adding v14 daily range and session features...
Adding v14 multi-window features (3m, 15m, 60m)...
Adding Volume Profile features (VWAP, POC)...
Adding Time features (time_from_15m, time_from_max/min)...
Skipping 15m Price Action features
Redefining target with Horizon=15, TP=20, SL=15...
Adding pattern features (wr_120/240, cross flags)...
Pattern path: 363127 bars (no HMM/bar_move/volume filter)
Adding new directional features...
Adding moving average features...
Feature matrix: 363038 bars | cached horizons: [15, 30, 45, 60]

   #    H   TP   SL | Trades    WR%    NetPnL     Avg
----------------------------------------------------
[1/68] Train H=15 TP=15 SL=10…
   1   15   15   10 |    214  37.9%    -44.36   -0.21
[2/68] Train H=15 TP=20 SL=10…
   2   15   20   10 |     97  40.2%   +199.36   +2.06
[3/68] Train H=15 TP=20 SL=15…
   3   15   20   15 |    103  39.8%   +100.74   +0.98
[4/68] Train H=15 TP=30 SL=10…
   4   15   30   10 |     27  59.3%   +274.37  +10.16
[5/68] Train H=15 TP=30 SL=15…
   5   15   30   15 |     37  59.5%   +318.12   +8.60
[6/68] Train H=15 TP=30 SL=20…
   6   15   30   20 |     26  57.7%   +267.76  +10.30
[7/68] Train H=15 TP=30 SL=25…
   7   15   30   25 |     34  47.1%   +106.61   +3.14
[8/68] Train H=15 TP=40 SL=10…
   8   15   40   10 |     15  73.3%   +488.87  +32.59
[9/68] Train H=15 TP=40 SL=15…
   9   15   40   15 |     16  87.5%   +644.28  +40.27
[10/68] Train H=15 TP=40 SL=20…
  10   15   40   20 |     15  93.3%   +686.85  +45.79
[11/68] Train H=15 TP=40 SL=25…
  11   15   40   25 |     19  89.5%   +627.18  +33.01
[12/68] Train H=15 TP=40 SL=30…
  12   15   40   30 |     17  82.4%   +553.13  +32.54
[13/68] Train H=15 TP=45 SL=10…
  13   15   45   10 |     13  61.5%   +374.77  +28.83
[14/68] Train H=15 TP=45 SL=15…
  14   15   45   15 |      8 100.0%   +447.72  +55.96
[15/68] Train H=15 TP=45 SL=20…
  15   15   45   20 |      9  88.9%   +444.82  +49.42
[16/68] Train H=15 TP=45 SL=25…
  16   15   45   25 |     10  90.0%   +471.60  +47.16
[17/68] Train H=15 TP=45 SL=30…
  17   15   45   30 |     10  90.0%   +447.24  +44.72
[18/68] Train H=30 TP=15 SL=10…
  18   30   15   10 |    307  36.5%   -255.25   -0.83
[19/68] Train H=30 TP=20 SL=10…
  19   30   20   10 |    148  37.2%   +118.52   +0.80
[20/68] Train H=30 TP=20 SL=15…
  20   30   20   15 |    141  42.6%    +40.79   +0.29
[21/68] Train H=30 TP=30 SL=10…
  21   30   30   10 |     44  43.2%   +111.78   +2.54
[22/68] Train H=30 TP=30 SL=15…
  22   30   30   15 |     50  46.0%   +179.65   +3.59
[23/68] Train H=30 TP=30 SL=20…
  23   30   30   20 |     57  47.4%   +143.43   +2.52
[24/68] Train H=30 TP=30 SL=25…
  24   30   30   25 |     51  43.1%    +82.80   +1.62
[25/68] Train H=30 TP=40 SL=10…
  25   30   40   10 |     17  35.3%    +34.46   +2.03
[26/68] Train H=30 TP=40 SL=15…
  26   30   40   15 |     19  57.9%   +241.05  +12.69
[27/68] Train H=30 TP=40 SL=20…
  27   30   40   20 |     18  50.0%   +173.38   +9.63
[28/68] Train H=30 TP=40 SL=25…
  28   30   40   25 |     17  64.7%   +289.45  +17.03
[29/68] Train H=30 TP=40 SL=30…
  29   30   40   30 |     19  63.2%   +212.71  +11.20
[30/68] Train H=30 TP=45 SL=10…
  30   30   45   10 |     19  26.3%    +81.60   +4.29
[31/68] Train H=30 TP=45 SL=15…
  31   30   45   15 |     19  57.9%   +328.89  +17.31
[32/68] Train H=30 TP=45 SL=20…
  32   30   45   20 |     20  50.0%   +244.95  +12.25
[33/68] Train H=30 TP=45 SL=25…
  33   30   45   25 |     15  60.0%   +293.36  +19.56
[34/68] Train H=30 TP=45 SL=30…
  34   30   45   30 |     16  68.8%   +389.28  +24.33
[35/68] Train H=45 TP=15 SL=10…
  35   45   15   10 |    334  35.0%   -258.82   -0.77
[36/68] Train H=45 TP=20 SL=10…
  36   45   20   10 |    201  35.3%    -19.36   -0.10
[37/68] Train H=45 TP=20 SL=15…
  37   45   20   15 |    228  43.9%   +139.02   +0.61
[38/68] Train H=45 TP=30 SL=10…
  38   45   30   10 |     54  40.7%   +132.87   +2.46
[39/68] Train H=45 TP=30 SL=15…
  39   45   30   15 |     61  44.3%   +178.01   +2.92
[40/68] Train H=45 TP=30 SL=20…
  40   45   30   20 |     66  43.9%    -12.47   -0.19
[41/68] Train H=45 TP=30 SL=25…
  41   45   30   25 |     59  47.5%     +7.27   +0.12
[42/68] Train H=45 TP=40 SL=10…
  42   45   40   10 |     21  38.1%   +114.01   +5.43
[43/68] Train H=45 TP=40 SL=15…
  43   45   40   15 |     25  40.0%    +97.13   +3.89
[44/68] Train H=45 TP=40 SL=20…
  44   45   40   20 |     20  50.0%   +142.47   +7.12
[45/68] Train H=45 TP=40 SL=25…
  45   45   40   25 |     23  56.5%   +157.85   +6.86
[46/68] Train H=45 TP=40 SL=30…
  46   45   40   30 |     21  61.9%   +236.06  +11.24
[47/68] Train H=45 TP=45 SL=10…
  47   45   45   10 |     19  47.4%   +199.64  +10.51
[48/68] Train H=45 TP=45 SL=15…
  48   45   45   15 |     16  43.8%   +162.60  +10.16
[49/68] Train H=45 TP=45 SL=20…
  49   45   45   20 |     16  43.8%   +122.88   +7.68
[50/68] Train H=45 TP=45 SL=25…
  50   45   45   25 |     18  50.0%   +218.37  +12.13
[51/68] Train H=45 TP=45 SL=30…
  51   45   45   30 |     18  72.2%   +377.93  +21.00
[52/68] Train H=60 TP=15 SL=10…
  52   60   15   10 |    359  39.0%   +203.38   +0.57
[53/68] Train H=60 TP=20 SL=10…
  53   60   20   10 |    224  35.7%    +97.59   +0.44
[54/68] Train H=60 TP=20 SL=15…
  54   60   20   15 |    260  40.0%    -77.47   -0.30
[55/68] Train H=60 TP=30 SL=10…
  55   60   30   10 |     65  40.0%   +166.92   +2.57
[56/68] Train H=60 TP=30 SL=15…
  56   60   30   15 |     70  50.0%   +373.59   +5.34
[57/68] Train H=60 TP=30 SL=20…
  57   60   30   20 |     75  48.0%   +159.20   +2.12
[58/68] Train H=60 TP=30 SL=25…
  58   60   30   25 |     70  45.7%   +229.82   +3.28
[59/68] Train H=60 TP=40 SL=10…
  59   60   40   10 |     22  45.5%   +112.67   +5.12
[60/68] Train H=60 TP=40 SL=15…
  60   60   40   15 |     24  45.8%   +107.29   +4.47
[61/68] Train H=60 TP=40 SL=20…
  61   60   40   20 |     23  52.2%   +123.01   +5.35
[62/68] Train H=60 TP=40 SL=25…
  62   60   40   25 |     25  40.0%    +82.22   +3.29
[63/68] Train H=60 TP=40 SL=30…
  63   60   40   30 |     29  44.8%    +75.17   +2.59
[64/68] Train H=60 TP=45 SL=10…
  64   60   45   10 |     18  44.4%   +173.08   +9.62
[65/68] Train H=60 TP=45 SL=15…
  65   60   45   15 |     15  60.0%   +297.60  +19.84
[66/68] Train H=60 TP=45 SL=20…
  66   60   45   20 |     17  58.8%   +307.23  +18.07
[67/68] Train H=60 TP=45 SL=25…
  67   60   45   25 |     17  64.7%   +403.90  +23.76
[68/68] Train H=60 TP=45 SL=30…
  68   60   45   30 |     19  57.9%   +304.06  +16.00

Saved -> /Users/alpha/Desktop/python/AlphaGold/runtime/sweep_breakthrough_long_retrain.csv

Top combos (≥10 trades):
 horizon  tp  sl  pattern_bars  signals  trades  win_rate  net_pnl  avg_pnl
      15  40  20         10856       67      15      93.3   686.85    45.79
      15  40  15         10856       66      16      87.5   644.28    40.27
      15  40  25         10856       71      19      89.5   627.18    33.01
      15  40  30         10856       76      17      82.4   553.13    32.54
      15  40  10         10856       60      15      73.3   488.87    32.59
      15  45  25         10856       54      10      90.0   471.60    47.16
      15  45  30         10856       55      10      90.0   447.24    44.72
      60  45  25         10856       70      17      64.7   403.90    23.76
      30  45  30         10856      121      16      68.8   389.28    24.33
      45  45  30         10856       75      18      72.2   377.93    21.00
      15  45  10         10856       49      13      61.5   374.77    28.83
      60  30  15         10856      199      70      50.0   373.59     5.34
      30  45  15         10856      101      19      57.9   328.89    17.31
      15  30  15         10856      137      37      59.5   318.12     8.60
      60  45  20         10856       52      17      58.8   307.23    18.07

Best: H=15 TP=40 SL=20 → 15 trades WR=93.3% PnL=+686.9
Baseline H=45 TP=30 SL=15: 61 trades WR=44.3% PnL=+178.0
